 handmade

 Timestamp is 58c91231 (Wed Mar 15 03:06:41 2017)

 Preferred load address is 0000000180000000

 Start         Length     Name                   Class
 0001:00000000 00061996H .text$mn                CODE
 0001:000619a0 00000d18H .text$x                 CODE
 0002:00000000 000002b8H .idata$5                DATA
 0002:000002b8 00000008H .CRT$XCA                DATA
 0002:000002c0 00000008H .CRT$XCZ                DATA
 0002:000002c8 00000008H .CRT$XIA                DATA
 0002:000002d0 00000028H .CRT$XIC                DATA
 0002:000002f8 00000008H .CRT$XIZ                DATA
 0002:00000300 00000008H .CRT$XPA                DATA
 0002:00000308 00000010H .CRT$XPX                DATA
 0002:00000318 00000008H .CRT$XPXA               DATA
 0002:00000320 00000008H .CRT$XPZ                DATA
 0002:00000328 00000008H .CRT$XTA                DATA
 0002:00000330 00000008H .CRT$XTZ                DATA
 0002:00000340 00010350H .rdata                  DATA
 0002:00010690 0000006cH .rdata$debug            DATA
 0002:00010700 000005ecH .rdata$r                DATA
 0002:00010cf0 00000008H .rtc$IAA                DATA
 0002:00010cf8 00000008H .rtc$IZZ                DATA
 0002:00010d00 00000008H .rtc$TAA                DATA
 0002:00010d08 00000008H .rtc$TZZ                DATA
 0002:00010d10 00003204H .xdata                  DATA
 0002:00013f18 00000084H .xdata$x                DATA
 0002:00013fa0 00000071H .edata                  DATA
 0002:00014014 00000014H .idata$2                DATA
 0002:00014028 00000014H .idata$3                DATA
 0002:00014040 000002b8H .idata$4                DATA
 0002:000142f8 00000656H .idata$6                DATA
 0003:00000000 00001848H .data                   DATA
 0003:00001848 000001bfH .data$r                 DATA
 0003:00001a20 00002578H .bss                    DATA
 0004:00000000 00003804H .pdata                  DATA

  Address         Publics by Value              Rva+Base               Lib:Object

 0000:00000000       __guard_fids_count         0000000000000000     <absolute>
 0000:00000000       __guard_fids_table         0000000000000000     <absolute>
 0000:00000000       __guard_flags              0000000000000000     <absolute>
 0000:00000000       ___safe_se_handler_count   0000000000000000     <absolute>
 0000:00000000       ___safe_se_handler_table   0000000000000000     <absolute>
 0000:00000000       __ImageBase                0000000180000000     <linker-defined>
 0001:00000040       ?PushSize_@@YAPEAXPEAUmemory_arena@@_K@Z 0000000180001040 f   handmade.obj
 0001:00002440       GameUpdateAndRender        0000000180003440 f   handmade.obj
 0001:00003ff0       GameGetSoundSamples        0000000180004ff0 f   handmade.obj
 0001:00004030       ??D@YA?ATv2@@MT0@@Z        0000000180005030 f i handmade.obj
 0001:00004090       ??D@YA?ATv2@@T0@M@Z        0000000180005090 f i handmade.obj
 0001:000040f0       ??G@YA?ATv2@@T0@0@Z        00000001800050f0 f i handmade.obj
 0001:00004150       ??G@YA?ATv2@@T0@@Z         0000000180005150 f i handmade.obj
 0001:000041b0       ??H@YA?ATv2@@T0@0@Z        00000001800051b0 f i handmade.obj
 0001:00004210       ??X@YAAEATv2@@AEAT0@M@Z    0000000180005210 f i handmade.obj
 0001:00004270       ??Y@YAAEATv2@@AEAT0@T0@@Z  0000000180005270 f i handmade.obj
 0001:000042d0       ?AbsoluteValue@@YAMM@Z     00000001800052d0 f i handmade.obj
 0001:00004300       ?AreInSameChunk@@YAHPEAUworld@@PEAUworld_position@@1@Z 0000000180005300 f i handmade.obj
 0001:000043b0       ?ChangeEntityLocation@@YAXPEAUmemory_arena@@PEAUworld@@IPEAUworld_position@@2@Z 00000001800053b0 f i handmade.obj
 0001:000046e0       ?ChunkPositionFromTilePosition@@YA?AUworld_position@@PEAUworld@@HHH@Z 00000001800056e0 f i handmade.obj
 0001:00004820       ?EntityFromHighIndex@@YA?AUentity@@PEAUgame_state@@I@Z 0000000180005820 f i handmade.obj
 0001:000048c0       ?FindLeastSignificantSetBit@@YA?AUbit_scan_result@@I@Z 00000001800058c0 f i handmade.obj
 0001:00004900       ?ForceEntityIntoHigh@@YA?AUentity@@PEAUgame_state@@I@Z 0000000180005900 f i handmade.obj
 0001:00004990       ?GetCameraSpaceP@@YA?ATv2@@PEAUgame_state@@PEAUlow_entity@@@Z 0000000180005990 f i handmade.obj
 0001:00004a30       ?GetMaxCorner@@YA?ATv2@@Urectangle2@@@Z 0000000180005a30 f i handmade.obj
 0001:00004a70       ?GetMinCorner@@YA?ATv2@@Urectangle2@@@Z 0000000180005a70 f i handmade.obj
 0001:00004ab0       ?GetWorldChunk@@YAPEAUworld_chunk@@PEAUworld@@HHHPEAUmemory_arena@@@Z 0000000180005ab0 f i handmade.obj
 0001:00004c90       ?Inner@@YAMTv2@@0@Z        0000000180005c90 f i handmade.obj
 0001:00004cd0       ?IsCanonical@@YAHPEAUworld@@M@Z 0000000180005cd0 f i handmade.obj
 0001:00004d40       ?IsCanonical@@YAHPEAUworld@@Tv2@@@Z 0000000180005d40 f i handmade.obj
 0001:00004da0       ?IsInRectangle@@YAHUrectangle2@@Tv2@@@Z 0000000180005da0 f i handmade.obj
 0001:00004e20       ?LengthSq@@YAMTv2@@@Z      0000000180005e20 f i handmade.obj
 0001:00004e50       ?MakeEntityHighFrequency@@YAPEAUhigh_entity@@PEAUgame_state@@I@Z 0000000180005e50 f i handmade.obj
 0001:00004f10       ?MakeEntityHighFrequency@@YAPEAUhigh_entity@@PEAUgame_state@@PEAUlow_entity@@ITv2@@@Z 0000000180005f10 f i handmade.obj
 0001:00005050       ?MakeEntityLowFrequency@@YAXPEAUgame_state@@I@Z 0000000180006050 f i handmade.obj
 0001:00005130       ?MapIntoChunkSpace@@YA?AUworld_position@@PEAUworld@@U1@Tv2@@@Z 0000000180006130 f i handmade.obj
 0001:000051e0       ?OffsetAndCheckFrequencyByArea@@YAXPEAUgame_state@@Tv2@@Urectangle2@@@Z 00000001800061e0 f i handmade.obj
 0001:000052c0       ?RecanonicalizeCoord@@YAXPEAUworld@@PEAHPEAM@Z 00000001800062c0 f i handmade.obj
 0001:00005360       ?RectCenterDim@@YA?AUrectangle2@@Tv2@@0@Z 0000000180006360 f i handmade.obj
 0001:00005420       ?RectCenterHalfDim@@YA?AUrectangle2@@Tv2@@0@Z 0000000180006420 f i handmade.obj
 0001:000054c0       ?RotateLeft@@YAIIH@Z       00000001800064c0 f i handmade.obj
 0001:000054f0       ?RoundReal32ToInt32@@YAIM@Z 00000001800064f0 f i handmade.obj
 0001:00005520       ?RoundReal32ToUInt32@@YAIM@Z 0000000180006520 f i handmade.obj
 0001:00005550       ?Sin@@YAMM@Z               0000000180006550 f i handmade.obj
 0001:00005580       ?Square@@YAMM@Z            0000000180006580 f i handmade.obj
 0001:000055b0       ?SquareRoot@@YAMM@Z        00000001800065b0 f i handmade.obj
 0001:000055e0       ?Subtract@@YA?AUworld_difference@@PEAUworld@@PEAUworld_position@@1@Z 00000001800065e0 f i handmade.obj
 0001:00005720       ?UpdateFamiliar@@YAXPEAUgame_state@@Uentity@@M@Z 0000000180006720 f i handmade.obj
 0001:00005970       ?UpdateMonstar@@YAXPEAUgame_state@@Uentity@@M@Z 0000000180006970 f i handmade.obj
 0001:00005990       ?V2@@YA?ATv2@@MM@Z         0000000180006990 f i handmade.obj
 0001:000059e0       ?ValidateEntityPairs@@YAHPEAUgame_state@@@Z 00000001800069e0 f i handmade.obj
 0001:00005a80       ?fabs@@YAMM@Z              0000000180006a80 f i handmade.obj
 0001:00005aa0       GetController              0000000180006aa0 f i handmade.obj
 0001:00005af0       fabsf                      0000000180006af0 f i handmade.obj
 0001:00005b10       roundf                     0000000180006b10 f   LIBCMTD:roundf.obj
 0001:00005ba0       rand                       0000000180006ba0 f   LIBCMTD:rand.obj
 0001:00005be0       srand                      0000000180006be0 f   LIBCMTD:rand.obj
 0001:00005c00       __GSHandlerCheck           0000000180006c00 f   LIBCMTD:gshandler.obj
 0001:00005c40       __GSHandlerCheckCommon     0000000180006c40 f   LIBCMTD:gshandler.obj
 0001:00005d50       __security_check_cookie    0000000180006d50 f   LIBCMTD:amdsecgs.obj
 0001:00005d70       sinf                       0000000180006d70 f   LIBCMTD:sinf.obj
 0001:00006440       sqrtf                      0000000180007440 f   LIBCMTD:sqrtf.obj
 0001:000065c0       _fpmath                    00000001800075c0 f   LIBCMTD:fpinit.obj
 0001:000065e0       __setfflag                 00000001800075e0 f   LIBCMTD:fpinit.obj
 0001:00006610       _cfltcvt_init              0000000180007610 f   LIBCMTD:fpinit.obj
 0001:00006720       _CRT_INIT                  0000000180007720 f   LIBCMTD:dllcrt0.obj
 0001:00006940       _DllMainCRTStartup         0000000180007940 f   LIBCMTD:dllcrt0.obj
 0001:00006ae0       __DllXcptFilter            0000000180007ae0 f   LIBCMTD:dllcrt0.obj
 0001:00006b30       _d_int                     0000000180007b30 f   LIBCMTD:_test.obj
 0001:00006e60       _dtest                     0000000180007e60 f   LIBCMTD:_test.obj
 0001:00006fb0       _fd_int                    0000000180007fb0 f   LIBCMTD:_test.obj
 0001:000071e0       _fdtest                    00000001800081e0 f   LIBCMTD:_test.obj
 0001:000072d0       _fperrraise                00000001800082d0 f   LIBCMTD:_test.obj
 0001:000073d0       _ld_int                    00000001800083d0 f   LIBCMTD:_test.obj
 0001:00007400       _ldtest                    0000000180008400 f   LIBCMTD:_test.obj
 0001:00007420       __get_flsindex             0000000180008420 f   LIBCMTD:tidtable.obj
 0001:00007430       __threadhandle             0000000180008430 f   LIBCMTD:tidtable.obj
 0001:00007440       __threadid                 0000000180008440 f   LIBCMTD:tidtable.obj
 0001:00007450       _freefls                   0000000180008450 f   LIBCMTD:tidtable.obj
 0001:00007660       _freeptd                   0000000180008660 f   LIBCMTD:tidtable.obj
 0001:000076b0       _getptd                    00000001800086b0 f   LIBCMTD:tidtable.obj
 0001:000076e0       _getptd_noexit             00000001800086e0 f   LIBCMTD:tidtable.obj
 0001:000077b0       _initptd                   00000001800087b0 f   LIBCMTD:tidtable.obj
 0001:000078e0       _mtinit                    00000001800088e0 f   LIBCMTD:tidtable.obj
 0001:000079a0       _mtterm                    00000001800089a0 f   LIBCMTD:tidtable.obj
 0001:000079d0       __raise_securityfailure    00000001800089d0 f   LIBCMTD:gs_report.obj
 0001:00007a20       __report_gsfailure         0000000180008a20 f   LIBCMTD:gs_report.obj
 0001:00007b00       __report_rangecheckfailure 0000000180008b00 f   LIBCMTD:gs_report.obj
 0001:00007b20       __report_securityfailure   0000000180008b20 f   LIBCMTD:gs_report.obj
 0001:00007bc0       __report_securityfailureEx 0000000180008bc0 f   LIBCMTD:gs_report.obj
 0001:00007cd0       __fma3_lib_init            0000000180008cd0 f   LIBCMTD:fma3_available.obj
 0001:00007d50       _set_FMA3_enable           0000000180008d50 f   LIBCMTD:fma3_available.obj
 0001:00007d70       __remainder_piby2d2f_forC  0000000180008d70 f   LIBCMTD:remainder_piby2f_forC.obj
 0001:00007f00       _cos_special               0000000180008f00 f   LIBCMTD:sincos_special.obj
 0001:00007f30       _cosf_special              0000000180008f30 f   LIBCMTD:sincos_special.obj
 0001:00007f60       _sin_special               0000000180008f60 f   LIBCMTD:sincos_special.obj
 0001:00007f90       _sincos_special            0000000180008f90 f   LIBCMTD:sincos_special.obj
 0001:00008130       _sincosf_special           0000000180009130 f   LIBCMTD:sincos_special.obj
 0001:00008330       _sinf_special              0000000180009330 f   LIBCMTD:sincos_special.obj
 0001:00008360       _tan_special               0000000180009360 f   LIBCMTD:sincos_special.obj
 0001:00008390       _tanf_special              0000000180009390 f   LIBCMTD:sincos_special.obj
 0001:00008590       _handle_error              0000000180009590 f   LIBCMTD:libm_error.obj
 0001:00008710       _handle_errorf             0000000180009710 f   LIBCMTD:libm_error.obj
 0001:00008890       ??0_LocaleUpdate@@QEAA@PEAUlocaleinfo_struct@@@Z 0000000180009890 f i LIBCMTD:cvt.obj
 0001:000089d0       ??1_LocaleUpdate@@QEAA@XZ  00000001800099d0 f i LIBCMTD:cvt.obj
 0001:00008a10       ?GetLocaleT@_LocaleUpdate@@QEAAPEAUlocaleinfo_struct@@XZ 0000000180009a10 f i LIBCMTD:cvt.obj
 0001:00008a20       ?strrchr@@YAPEADPEADH@Z    0000000180009a20 f i LIBCMTD:cvt.obj
 0001:00008a40       _cfltcvt                   0000000180009a40 f   LIBCMTD:cvt.obj
 0001:00008a90       _cfltcvt_l                 0000000180009a90 f   LIBCMTD:cvt.obj
 0001:00008bb0       _cftoa                     0000000180009bb0 f   LIBCMTD:cvt.obj
 0001:00008c00       _cftoa_l                   0000000180009c00 f   LIBCMTD:cvt.obj
 0001:00009700       _cftoe                     000000018000a700 f   LIBCMTD:cvt.obj
 0001:00009d20       _cftoe_l                   000000018000ad20 f   LIBCMTD:cvt.obj
 0001:0000a060       _cftof                     000000018000b060 f   LIBCMTD:cvt.obj
 0001:0000a460       _cftof_l                   000000018000b460 f   LIBCMTD:cvt.obj
 0001:0000a740       _cftog                     000000018000b740 f   LIBCMTD:cvt.obj
 0001:0000a790       _cftog_l                   000000018000b790 f   LIBCMTD:cvt.obj
 0001:0000ab50       _cropzeros                 000000018000bb50 f   LIBCMTD:cvt.obj
 0001:0000ab70       _cropzeros_l               000000018000bb70 f   LIBCMTD:cvt.obj
 0001:0000acf0       _fassign                   000000018000bcf0 f   LIBCMTD:cvt.obj
 0001:0000ad20       _fassign_l                 000000018000bd20 f   LIBCMTD:cvt.obj
 0001:0000ad90       _forcdecpt                 000000018000bd90 f   LIBCMTD:cvt.obj
 0001:0000adb0       _forcdecpt_l               000000018000bdb0 f   LIBCMTD:cvt.obj
 0001:0000aeb0       _invoke_watson_if_error    000000018000beb0 f i LIBCMTD:cvt.obj
 0001:0000af00       _positive                  000000018000bf00 f   LIBCMTD:cvt.obj
 0001:0000af90       _initp_misc_cfltcvt_tab    000000018000bf90 f   LIBCMTD:cmiscdat.obj
 0001:0000afe0       _XcptFilter                000000018000bfe0 f   LIBCMTD:winxfltr.obj
 0001:0000b280       __CppXcptFilter            000000018000c280 f   LIBCMTD:winxfltr.obj
 0001:0000b340       __copy_path_to_wide_string 000000018000c340 f   LIBCMTD:crt0dat.obj
 0001:0000b5c0       __copy_to_char             000000018000c5c0 f   LIBCMTD:crt0dat.obj
 0001:0000b860       __crtCorExitProcess        000000018000c860 f   LIBCMTD:crt0dat.obj
 0001:0000b8b0       __crtExitProcess           000000018000c8b0 f   LIBCMTD:crt0dat.obj
 0001:0000b8d0       __freeCrtMemory            000000018000c8d0 f   LIBCMTD:crt0dat.obj
 0001:0000bb00       _amsg_exit                 000000018000cb00 f   LIBCMTD:crt0dat.obj
 0001:0000bb30       _c_exit                    000000018000cb30 f   LIBCMTD:crt0dat.obj
 0001:0000bb50       _cexit                     000000018000cb50 f   LIBCMTD:crt0dat.obj
 0001:0000bb70       _cinit                     000000018000cb70 f   LIBCMTD:crt0dat.obj
 0001:0000bc20       _exit                      000000018000cc20 f   LIBCMTD:crt0dat.obj
 0001:0000bc40       _exit_app                  000000018000cc40 f   LIBCMTD:crt0dat.obj
 0001:0000bc60       _get_pgmptr                000000018000cc60 f   LIBCMTD:crt0dat.obj
 0001:0000bdd0       _get_wpgmptr               000000018000cdd0 f   LIBCMTD:crt0dat.obj
 0001:0000bf40       _init_pointers             000000018000cf40 f   LIBCMTD:crt0dat.obj
 0001:0000bff0       _initterm_e                000000018000cff0 f   LIBCMTD:crt0dat.obj
 0001:0000c050       _lockexit                  000000018000d050 f   LIBCMTD:crt0dat.obj
 0001:0000c070       _unlockexit                000000018000d070 f   LIBCMTD:crt0dat.obj
 0001:0000c2a0       exit                       000000018000d2a0 f   LIBCMTD:crt0dat.obj
 0001:0000c2c0       _get_heap_handle           000000018000d2c0 f   LIBCMTD:heapinit.obj
 0001:0000c320       _heap_init                 000000018000d320 f   LIBCMTD:heapinit.obj
 0001:0000c350       _heap_term                 000000018000d350 f   LIBCMTD:heapinit.obj
 0001:0000c360       _ioinit                    000000018000d360 f   LIBCMTD:ioinit.obj
 0001:0000c940       _ioterm                    000000018000d940 f   LIBCMTD:ioinit.obj
 0001:0000ca20       _set_pgmptr                000000018000da20 f i LIBCMTD:stdargv.obj
 0001:0000ca40       _setargv                   000000018000da40 f   LIBCMTD:stdargv.obj
 0001:0000d0a0       _setenvp                   000000018000e0a0 f   LIBCMTD:stdenvp.obj
 0001:0000d7e0       _CrtCheckMemory            000000018000e7e0 f   LIBCMTD:dbgheap.obj
 0001:0000dd80       _CrtDoForAllClientObjects  000000018000ed80 f   LIBCMTD:dbgheap.obj
 0001:0000deb0       _CrtDumpMemoryLeaks        000000018000eeb0 f   LIBCMTD:dbgheap.obj
 0001:0000df70       _CrtGetAllocHook           000000018000ef70 f   LIBCMTD:dbgheap.obj
 0001:0000df80       _CrtGetCheckCount          000000018000ef80 f   LIBCMTD:dbgheap.obj
 0001:0000df90       _CrtGetDumpClient          000000018000ef90 f   LIBCMTD:dbgheap.obj
 0001:0000dfa0       _CrtIsMemoryBlock          000000018000efa0 f   LIBCMTD:dbgheap.obj
 0001:0000e120       _CrtIsValidHeapPointer     000000018000f120 f   LIBCMTD:dbgheap.obj
 0001:0000e180       _CrtIsValidPointer         000000018000f180 f   LIBCMTD:dbgheap.obj
 0001:0000e1c0       _CrtMemCheckpoint          000000018000f1c0 f   LIBCMTD:dbgheap.obj
 0001:0000e450       _CrtMemDifference          000000018000f450 f   LIBCMTD:dbgheap.obj
 0001:0000e780       _CrtMemDumpAllObjectsSince 000000018000f780 f   LIBCMTD:dbgheap.obj
 0001:0000e7d0       _CrtMemDumpStatistics      000000018000f7d0 f   LIBCMTD:dbgheap.obj
 0001:0000e960       _CrtReportBlockType        000000018000f960 f   LIBCMTD:dbgheap.obj
 0001:0000e9a0       _CrtSetAllocHook           000000018000f9a0 f   LIBCMTD:dbgheap.obj
 0001:0000e9d0       _CrtSetBreakAlloc          000000018000f9d0 f   LIBCMTD:dbgheap.obj
 0001:0000ea00       _CrtSetCheckCount          000000018000fa00 f   LIBCMTD:dbgheap.obj
 0001:0000ea20       _CrtSetDbgBlockType        000000018000fa20 f   LIBCMTD:dbgheap.obj
 0001:0000eaf0       _CrtSetDbgFlag             000000018000faf0 f   LIBCMTD:dbgheap.obj
 0001:0000ec30       _CrtSetDebugFillThreshold  000000018000fc30 f   LIBCMTD:dbgheap.obj
 0001:0000ec60       _CrtSetDumpClient          000000018000fc60 f   LIBCMTD:dbgheap.obj
 0001:0000ec90       _aligned_free              000000018000fc90 f   LIBCMTD:dbgheap.obj
 0001:0000ecb0       _aligned_free_dbg          000000018000fcb0 f   LIBCMTD:dbgheap.obj
 0001:0000eda0       _aligned_malloc            000000018000fda0 f   LIBCMTD:dbgheap.obj
 0001:0000edd0       _aligned_malloc_dbg        000000018000fdd0 f   LIBCMTD:dbgheap.obj
 0001:0000ee10       _aligned_msize             000000018000fe10 f   LIBCMTD:dbgheap.obj
 0001:0000ee40       _aligned_msize_dbg         000000018000fe40 f   LIBCMTD:dbgheap.obj
 0001:0000f000       _aligned_offset_malloc     0000000180010000 f   LIBCMTD:dbgheap.obj
 0001:0000f040       _aligned_offset_malloc_dbg 0000000180010040 f   LIBCMTD:dbgheap.obj
 0001:0000f320       _aligned_offset_realloc    0000000180010320 f   LIBCMTD:dbgheap.obj
 0001:0000f370       _aligned_offset_realloc_dbg 0000000180010370 f   LIBCMTD:dbgheap.obj
 0001:0000f810       _aligned_offset_recalloc   0000000180010810 f   LIBCMTD:dbgheap.obj
 0001:0000f870       _aligned_offset_recalloc_dbg 0000000180010870 f   LIBCMTD:dbgheap.obj
 0001:0000f990       _aligned_realloc           0000000180010990 f   LIBCMTD:dbgheap.obj
 0001:0000f9d0       _aligned_realloc_dbg       00000001800109d0 f   LIBCMTD:dbgheap.obj
 0001:0000fa20       _aligned_recalloc          0000000180010a20 f   LIBCMTD:dbgheap.obj
 0001:0000fa70       _aligned_recalloc_dbg      0000000180010a70 f   LIBCMTD:dbgheap.obj
 0001:0000fad0       _calloc_dbg                0000000180010ad0 f   LIBCMTD:dbgheap.obj
 0001:0000fb50       _calloc_dbg_impl           0000000180010b50 f   LIBCMTD:dbgheap.obj
 0001:0000fc00       _expand                    0000000180010c00 f   LIBCMTD:dbgheap.obj
 0001:0000fc40       _expand_dbg                0000000180010c40 f   LIBCMTD:dbgheap.obj
 0001:0000fd70       _free_dbg                  0000000180010d70 f   LIBCMTD:dbgheap.obj
 0001:0000fdb0       _free_dbg_nolock           0000000180010db0 f   LIBCMTD:dbgheap.obj
 0001:000104a0       _free_nolock               00000001800114a0 f   LIBCMTD:dbgheap.obj
 0001:000104c0       _heap_alloc                00000001800114c0 f   LIBCMTD:dbgheap.obj
 0001:000104f0       _heap_alloc_dbg            00000001800114f0 f   LIBCMTD:dbgheap.obj
 0001:00010a10       _invoke_watson_if_oneof    0000000180011a10 f i LIBCMTD:dbgheap.obj
 0001:00010a80       _malloc_dbg                0000000180011a80 f   LIBCMTD:dbgheap.obj
 0001:00010ad0       _msize                     0000000180011ad0 f   LIBCMTD:dbgheap.obj
 0001:00010af0       _msize_dbg                 0000000180011af0 f   LIBCMTD:dbgheap.obj
 0001:00010d40       _nh_malloc                 0000000180011d40 f   LIBCMTD:dbgheap.obj
 0001:00010d80       _nh_malloc_dbg             0000000180011d80 f   LIBCMTD:dbgheap.obj
 0001:00011110       _realloc_dbg               0000000180012110 f   LIBCMTD:dbgheap.obj
 0001:00011180       _recalloc                  0000000180012180 f   LIBCMTD:dbgheap.obj
 0001:000111d0       _recalloc_dbg              00000001800121d0 f   LIBCMTD:dbgheap.obj
 0001:00011bd0       __security_init_cookie     0000000180012bd0 f   LIBCMTD:gs_support.obj
 0001:00011cf0       DllMain                    0000000180012cf0 f   LIBCMTD:dllmain.obj
 0001:00011d10       __crtGetEnvironmentStringsA 0000000180012d10 f   LIBCMTD:a_env.obj
 0001:00011ef0       __crtCaptureCurrentContext 0000000180012ef0 f   LIBCMTD:winapisupp.obj
 0001:00011f90       __crtCapturePreviousContext 0000000180012f90 f   LIBCMTD:winapisupp.obj
 0001:00012050       __crtCloseThreadpoolTimer  0000000180013050 f   LIBCMTD:winapisupp.obj
 0001:000120a0       __crtCloseThreadpoolWait   00000001800130a0 f   LIBCMTD:winapisupp.obj
 0001:000120f0       __crtCreateEventExW        00000001800130f0 f   LIBCMTD:winapisupp.obj
 0001:00012180       __crtCreateSemaphoreExW    0000000180013180 f   LIBCMTD:winapisupp.obj
 0001:00012210       __crtCreateSymbolicLinkW   0000000180013210 f   LIBCMTD:winapisupp.obj
 0001:00012280       __crtCreateThreadpoolTimer 0000000180013280 f   LIBCMTD:winapisupp.obj
 0001:000122e0       __crtCreateThreadpoolWait  00000001800132e0 f   LIBCMTD:winapisupp.obj
 0001:00012340       __crtFlsAlloc              0000000180013340 f   LIBCMTD:winapisupp.obj
 0001:00012390       __crtFlsFree               0000000180013390 f   LIBCMTD:winapisupp.obj
 0001:000123e0       __crtFlsGetValue           00000001800133e0 f   LIBCMTD:winapisupp.obj
 0001:00012430       __crtFlsSetValue           0000000180013430 f   LIBCMTD:winapisupp.obj
 0001:00012490       __crtFlushProcessWriteBuffers 0000000180013490 f   LIBCMTD:winapisupp.obj
 0001:000124d0       __crtFreeLibraryWhenCallbackReturns 00000001800134d0 f   LIBCMTD:winapisupp.obj
 0001:00012520       __crtGetCurrentProcessorNumber 0000000180013520 f   LIBCMTD:winapisupp.obj
 0001:00012560       __crtGetFileInformationByHandleEx 0000000180013560 f   LIBCMTD:winapisupp.obj
 0001:000125d0       __crtGetLogicalProcessorInformation 00000001800135d0 f   LIBCMTD:winapisupp.obj
 0001:00012630       __crtGetShowWindowMode     0000000180013630 f   LIBCMTD:winapisupp.obj
 0001:00012670       __crtGetTickCount64        0000000180013670 f   LIBCMTD:winapisupp.obj
 0001:000126c0       __crtInitializeCriticalSectionEx 00000001800136c0 f   LIBCMTD:winapisupp.obj
 0001:00012730       __crtIsPackagedApp         0000000180013730 f   LIBCMTD:winapisupp.obj
 0001:00012770       __crtLoadWinApiPointers    0000000180013770 f   LIBCMTD:winapisupp.obj
 0001:00012d60       __crtSetFileInformationByHandle 0000000180013d60 f   LIBCMTD:winapisupp.obj
 0001:00012dd0       __crtSetThreadStackGuarantee 0000000180013dd0 f   LIBCMTD:winapisupp.obj
 0001:00012e20       __crtSetThreadpoolTimer    0000000180013e20 f   LIBCMTD:winapisupp.obj
 0001:00012e80       __crtSetThreadpoolWait     0000000180013e80 f   LIBCMTD:winapisupp.obj
 0001:00012ee0       __crtSetUnhandledExceptionFilter 0000000180013ee0 f   LIBCMTD:winapisupp.obj
 0001:00012f00       __crtSleep                 0000000180013f00 f   LIBCMTD:winapisupp.obj
 0001:00012f20       __crtTerminateProcess      0000000180013f20 f   LIBCMTD:winapisupp.obj
 0001:00012f40       __crtUnhandledException    0000000180013f40 f   LIBCMTD:winapisupp.obj
 0001:00012f70       __crtWaitForThreadpoolTimerCallbacks 0000000180013f70 f   LIBCMTD:winapisupp.obj
 0001:00012fc0       _RTC_Initialize            0000000180013fc0 f   LIBCMTD:initsect.obj
 0001:00013000       _RTC_Terminate             0000000180014000 f   LIBCMTD:initsect.obj
 0001:00013040       __C_specific_handler       0000000180014040 f   LIBCMTD:chandler.obj
 0001:00013460       __doserrno                 0000000180014460 f   LIBCMTD:dosmap.obj
 0001:00013490       _dosmaperr                 0000000180014490 f   LIBCMTD:dosmap.obj
 0001:000134c0       _errno                     00000001800144c0 f   LIBCMTD:dosmap.obj
 0001:000134f0       _get_doserrno              00000001800144f0 f   LIBCMTD:dosmap.obj
 0001:000135b0       _get_errno                 00000001800145b0 f   LIBCMTD:dosmap.obj
 0001:00013670       _get_errno_from_oserr      0000000180014670 f   LIBCMTD:dosmap.obj
 0001:00013700       _set_doserrno              0000000180014700 f   LIBCMTD:dosmap.obj
 0001:00013740       _set_errno                 0000000180014740 f   LIBCMTD:dosmap.obj
 0001:00013780       fesetexceptflag            0000000180014780 f   LIBCMTD:fesetexceptflag.obj
 0001:00013800       _lock                      0000000180014800 f   LIBCMTD:mlock.obj
 0001:00013860       _lockerr_exit              0000000180014860 f   LIBCMTD:mlock.obj
 0001:00013890       _mtdeletelocks             0000000180014890 f   LIBCMTD:mlock.obj
 0001:000139b0       _mtinitlocknum             00000001800149b0 f   LIBCMTD:mlock.obj
 0001:00013ab0       _mtinitlocks               0000000180014ab0 f   LIBCMTD:mlock.obj
 0001:00013b50       _unlock                    0000000180014b50 f   LIBCMTD:mlock.obj
 0001:00013b80       __addlocaleref             0000000180014b80 f   LIBCMTD:localref.obj
 0001:00013cd0       __freetlocinfo             0000000180014cd0 f   LIBCMTD:localref.obj
 0001:00014080       __removelocaleref          0000000180015080 f   LIBCMTD:localref.obj
 0001:000141e0       __updatetlocinfo           00000001800151e0 f   LIBCMTD:localref.obj
 0001:00014280       _updatetlocinfoEx_nolock   0000000180015280 f   LIBCMTD:localref.obj
 0001:00014320       __initmbctable             0000000180015320 f   LIBCMTD:mbctype.obj
 0001:000149b0       __updatetmbcinfo           00000001800159b0 f   LIBCMTD:mbctype.obj
 0001:00014ac0       _getmbcp                   0000000180015ac0 f   LIBCMTD:mbctype.obj
 0001:00014b40       _setmbcp                   0000000180015b40 f   LIBCMTD:mbctype.obj
 0001:00014e30       _setmbcp_nolock            0000000180015e30 f   LIBCMTD:mbctype.obj
 0001:00015280       _CrtDefaultAllocHook       0000000180016280 f   LIBCMTD:dbghook.obj
 0001:000152a0       __crt_debugger_hook        00000001800162a0 f   LIBCMTD:dbghook.obj
 0001:000152b0       _errcode                   00000001800162b0 f   LIBCMTD:fpexcept.obj
 0001:00015330       _except1                   0000000180016330 f   LIBCMTD:fpexcept.obj
 0001:00015470       _except2                   0000000180016470 f   LIBCMTD:fpexcept.obj
 0001:00015630       _handle_exc                0000000180016630 f   LIBCMTD:fpexcept.obj
 0001:00015a90       _handle_qnan1              0000000180016a90 f   LIBCMTD:fpexcept.obj
 0001:00015b10       _handle_qnan2              0000000180016b10 f   LIBCMTD:fpexcept.obj
 0001:00015ba0       _raise_exc                 0000000180016ba0 f   LIBCMTD:fpexcept.obj
 0001:00015c00       _raise_exc_ex              0000000180016c00 f   LIBCMTD:fpexcept.obj
 0001:00016280       _raise_excf                0000000180017280 f   LIBCMTD:fpexcept.obj
 0001:000162e0       _set_errno_from_matherr    00000001800172e0 f   LIBCMTD:fpexcept.obj
 0001:00016330       _umatherr                  0000000180017330 f   LIBCMTD:fpexcept.obj
 0001:00016400       _clrfp                     0000000180017400 f   LIBCMTD:fpctrl.obj
 0001:00016430       _ctrlfp                    0000000180017430 f   LIBCMTD:fpctrl.obj
 0001:000164e0       _set_statfp                00000001800174e0 f   LIBCMTD:fpctrl.obj
 0001:00016520       _statfp                    0000000180017520 f   LIBCMTD:fpctrl.obj
 0001:00016550       _matherr                   0000000180017550 f   LIBCMTD:matherr.obj
 0001:00016560       ?_invalid_parameter@@YAXPEBG00I_K@Z 0000000180017560 f   LIBCMTD:invarg.obj
 0001:000165a0       ?_invoke_watson@@YAXPEBG00I_K@Z 00000001800175a0 f   LIBCMTD:invarg.obj
 0001:000165e0       _call_reportfault          00000001800175e0 f   LIBCMTD:invarg.obj
 0001:00016710       _get_invalid_parameter_handler 0000000180017710 f   LIBCMTD:invarg.obj
 0001:00016750       _initp_misc_invarg         0000000180017750 f   LIBCMTD:invarg.obj
 0001:00016770       _invalid_parameter         0000000180017770 f   LIBCMTD:invarg.obj
 0001:00016800       _invoke_watson             0000000180017800 f   LIBCMTD:invarg.obj
 0001:00016860       _set_invalid_parameter_handler 0000000180017860 f   LIBCMTD:invarg.obj
 0001:000168c0       __isascii                  00000001800178c0 f i LIBCMTD:_ctype.obj
 0001:000168f0       __iscsym                   00000001800178f0 f i LIBCMTD:_ctype.obj
 0001:00016930       __iscsymf                  0000000180017930 f i LIBCMTD:_ctype.obj
 0001:00016970       __toascii                  0000000180017970 f i LIBCMTD:_ctype.obj
 0001:00016980       _isalnum_l                 0000000180017980 f i LIBCMTD:_ctype.obj
 0001:00016a20       _isalpha_l                 0000000180017a20 f i LIBCMTD:_ctype.obj
 0001:00016ac0       _isblank_l                 0000000180017ac0 f i LIBCMTD:_ctype.obj
 0001:00016b80       _iscntrl_l                 0000000180017b80 f i LIBCMTD:_ctype.obj
 0001:00016c20       _iscsym_l                  0000000180017c20 f i LIBCMTD:_ctype.obj
 0001:00016c70       _iscsymf_l                 0000000180017c70 f i LIBCMTD:_ctype.obj
 0001:00016cc0       _isdigit_l                 0000000180017cc0 f i LIBCMTD:_ctype.obj
 0001:00016d60       _isgraph_l                 0000000180017d60 f i LIBCMTD:_ctype.obj
 0001:00016e00       _islower_l                 0000000180017e00 f i LIBCMTD:_ctype.obj
 0001:00016ea0       _isprint_l                 0000000180017ea0 f i LIBCMTD:_ctype.obj
 0001:00016f40       _ispunct_l                 0000000180017f40 f i LIBCMTD:_ctype.obj
 0001:00016fe0       _isspace_l                 0000000180017fe0 f i LIBCMTD:_ctype.obj
 0001:00017080       _isupper_l                 0000000180018080 f i LIBCMTD:_ctype.obj
 0001:00017120       _isxdigit_l                0000000180018120 f i LIBCMTD:_ctype.obj
 0001:000171c0       isalnum                    00000001800181c0 f i LIBCMTD:_ctype.obj
 0001:00017200       isalpha                    0000000180018200 f i LIBCMTD:_ctype.obj
 0001:00017240       isblank                    0000000180018240 f i LIBCMTD:_ctype.obj
 0001:00017290       iscntrl                    0000000180018290 f i LIBCMTD:_ctype.obj
 0001:000172d0       isdigit                    00000001800182d0 f i LIBCMTD:_ctype.obj
 0001:00017310       isgraph                    0000000180018310 f i LIBCMTD:_ctype.obj
 0001:00017350       islower                    0000000180018350 f i LIBCMTD:_ctype.obj
 0001:00017390       isprint                    0000000180018390 f i LIBCMTD:_ctype.obj
 0001:000173d0       ispunct                    00000001800183d0 f i LIBCMTD:_ctype.obj
 0001:00017410       isspace                    0000000180018410 f i LIBCMTD:_ctype.obj
 0001:00017450       isupper                    0000000180018450 f i LIBCMTD:_ctype.obj
 0001:00017490       isxdigit                   0000000180018490 f i LIBCMTD:_ctype.obj
 0001:000174d0       _tolower                   00000001800184d0 f   LIBCMTD:tolower.obj
 0001:000174e0       _tolower_l                 00000001800184e0 f   LIBCMTD:tolower.obj
 0001:00017840       tolower                    0000000180018840 f   LIBCMTD:tolower.obj
 0001:000178a0       memset                     00000001800188a0 f   LIBCMTD:memset.obj
 0001:00017ad0       strcpy_s                   0000000180018ad0 f   LIBCMTD:strcpy_s.obj
 0001:00017f80       strlen                     0000000180018f80 f   LIBCMTD:strlen.obj
 0001:00018040       memmove                    0000000180019040 f   LIBCMTD:memcpy.obj
 0001:00018040       memcpy                     0000000180019040 f   LIBCMTD:memcpy.obj
 0001:000185b0       strrchr                    00000001800195b0 f   LIBCMTD:strrchr.obj
 0001:000189d0       _fptostr                   00000001800199d0 f   LIBCMTD:_fptostr.obj
 0001:00018e30       __crt_atoflt_l             0000000180019e30 f   LIBCMTD:atodbl.obj
 0001:00018fd0       _atodbl                    0000000180019fd0 f   LIBCMTD:atodbl.obj
 0001:00019000       _atodbl_l                  000000018001a000 f   LIBCMTD:atodbl.obj
 0001:00019180       _atoflt                    000000018001a180 f   LIBCMTD:atodbl.obj
 0001:000191b0       _atoflt_l                  000000018001a1b0 f   LIBCMTD:atodbl.obj
 0001:000191e0       _atoldbl                   000000018001a1e0 f   LIBCMTD:atodbl.obj
 0001:00019210       _atoldbl_l                 000000018001a210 f   LIBCMTD:atodbl.obj
 0001:00019390       __dtold                    000000018001a390 f   LIBCMTD:cfout.obj
 0001:00019540       _fltout2                   000000018001a540 f   LIBCMTD:cfout.obj
 0001:00019650       ?_CrtDbgReportW@@YAHHPEBGH00ZZ 000000018001a650 f   LIBCMTD:dbgrptw.obj
 0001:000196d0       _CrtDbgReportW             000000018001a6d0 f   LIBCMTD:dbgrptw.obj
 0001:00019750       _CrtDbgReportWV            000000018001a750 f i LIBCMTD:dbgrptw.obj
 0001:000197b0       _CrtSetReportHookW2        000000018001a7b0 f   LIBCMTD:dbgrptw.obj
 0001:00019bc0       __crtMessageWindowW        000000018001abc0 f   LIBCMTD:dbgrptw.obj
 0001:0001a240       _get_output_format         000000018001b240 f   LIBCMTD:outputformat.obj
 0001:0001a250       _set_output_format         000000018001b250 f   LIBCMTD:outputformat.obj
 0001:0001a320       _fptrap                    000000018001b320 f   LIBCMTD:crt0fp.obj
 0001:0001a340       _FF_MSGBANNER              000000018001b340 f   LIBCMTD:crt0msg.obj
 0001:0001a390       _GET_RTERRMSG              000000018001b390 f   LIBCMTD:crt0msg.obj
 0001:0001a3f0       _NMSG_WRITE                000000018001b3f0 f   LIBCMTD:crt0msg.obj
 0001:0001a820       _FindPESection             000000018001b820 f   LIBCMTD:pesect.obj
 0001:0001a8d0       _IsNonwritableInCurrentImage 000000018001b8d0 f   LIBCMTD:pesect.obj
 0001:0001a960       _ValidateImageBase         000000018001b960 f   LIBCMTD:pesect.obj
 0001:0001a9e0       __onexitinit               000000018001b9e0 f   LIBCMTD:onexit.obj
 0001:0001aa50       _onexit                    000000018001ba50 f   LIBCMTD:onexit.obj
 0001:0001ac60       atexit                     000000018001bc60 f   LIBCMTD:onexit.obj
 0001:0001aca0       ?_inconsistency@@YAXXZ     000000018001bca0 f   LIBCMTD:hooks.obj
 0001:0001acd0       ?terminate@@YAXXZ          000000018001bcd0 f   LIBCMTD:hooks.obj
 0001:0001ad00       ?unexpected@@YAXXZ         000000018001bd00 f   LIBCMTD:hooks.obj
 0001:0001ad30       _initp_eh_hooks            000000018001bd30 f   LIBCMTD:hooks.obj
 0001:0001ad60       ?_query_new_handler@@YAP6AH_K@ZXZ 000000018001bd60 f   LIBCMTD:handler.obj
 0001:0001ad80       ?_set_new_handler@@YAP6AH_K@ZH@Z 000000018001bd80 f   LIBCMTD:handler.obj
 0001:0001ade0       ?_set_new_handler@@YAP6AH_K@ZP6AH0@Z@Z 000000018001bde0 f   LIBCMTD:handler.obj
 0001:0001ae30       _callnewh                  000000018001be30 f   LIBCMTD:handler.obj
 0001:0001ae70       _initp_heap_handler        000000018001be70 f   LIBCMTD:handler.obj
 0001:0001ae90       __getlocaleinfo            000000018001be90 f   LIBCMTD:inithelp.obj
 0001:0001b210       _initp_misc_purevirt       000000018001c210 f   LIBCMTD:inithelp.obj
 0001:0001b230       __fpecode                  000000018001c230 f   LIBCMTD:winsig.obj
 0001:0001b250       __get_sigabrt              000000018001c250 f   LIBCMTD:winsig.obj
 0001:0001b270       __pxcptinfoptrs            000000018001c270 f   LIBCMTD:winsig.obj
 0001:0001b290       _initp_misc_winsig         000000018001c290 f   LIBCMTD:winsig.obj
 0001:0001b3a0       raise                      000000018001c3a0 f   LIBCMTD:winsig.obj
 0001:0001b810       signal                     000000018001c810 f   LIBCMTD:winsig.obj
 0001:0001bc50       _initp_misc_rand_s         000000018001cc50 f   LIBCMTD:rand_s.obj
 0001:0001bc70       rand_s                     000000018001cc70 f   LIBCMTD:rand_s.obj
 0001:0001bfa0       _ftbuf                     000000018001cfa0 f   LIBCMTD:_sftbuf.obj
 0001:0001c060       _stbuf                     000000018001d060 f   LIBCMTD:_sftbuf.obj
 0001:0001c250       _local_unwind              000000018001d250 f   LIBCMTD:jmpuwind.obj
 0001:0001c280       _NLG_Notify                000000018001d280 f   LIBCMTD:jmpuwind.obj
 0001:0001c2a0       __NLG_Dispatch2            000000018001d2a0 f   LIBCMTD:jmpuwind.obj
 0001:0001c2b0       __NLG_Return2              000000018001d2b0 f   LIBCMTD:jmpuwind.obj
 0001:0001c2c0       __initstdio                000000018001d2c0 f   LIBCMTD:_file.obj
 0001:0001c3c0       __endstdio                 000000018001d3c0 f   LIBCMTD:_file.obj
 0001:0001c400       __iob_func                 000000018001d400 f   LIBCMTD:_file.obj
 0001:0001c410       _lock_file                 000000018001d410 f   LIBCMTD:_file.obj
 0001:0001c4a0       _lock_file2                000000018001d4a0 f   LIBCMTD:_file.obj
 0001:0001c4f0       _unlock_file               000000018001d4f0 f   LIBCMTD:_file.obj
 0001:0001c580       _unlock_file2              000000018001d580 f   LIBCMTD:_file.obj
 0001:0001c6a0       _ismbbalnum                000000018001d6a0 f   LIBCMTD:ismbbyte.obj
 0001:0001c6d0       _ismbbalnum_l              000000018001d6d0 f   LIBCMTD:ismbbyte.obj
 0001:0001c700       _ismbbalpha                000000018001d700 f   LIBCMTD:ismbbyte.obj
 0001:0001c730       _ismbbalpha_l              000000018001d730 f   LIBCMTD:ismbbyte.obj
 0001:0001c760       _ismbbblank                000000018001d760 f   LIBCMTD:ismbbyte.obj
 0001:0001c7a0       _ismbbblank_l              000000018001d7a0 f   LIBCMTD:ismbbyte.obj
 0001:0001c7f0       _ismbbgraph                000000018001d7f0 f   LIBCMTD:ismbbyte.obj
 0001:0001c820       _ismbbgraph_l              000000018001d820 f   LIBCMTD:ismbbyte.obj
 0001:0001c850       _ismbbkalnum               000000018001d850 f   LIBCMTD:ismbbyte.obj
 0001:0001c880       _ismbbkalnum_l             000000018001d880 f   LIBCMTD:ismbbyte.obj
 0001:0001c8b0       _ismbbkana                 000000018001d8b0 f   LIBCMTD:ismbbyte.obj
 0001:0001c8d0       _ismbbkana_l               000000018001d8d0 f   LIBCMTD:ismbbyte.obj
 0001:0001c960       _ismbbkprint               000000018001d960 f   LIBCMTD:ismbbyte.obj
 0001:0001c990       _ismbbkprint_l             000000018001d990 f   LIBCMTD:ismbbyte.obj
 0001:0001c9c0       _ismbbkpunct               000000018001d9c0 f   LIBCMTD:ismbbyte.obj
 0001:0001c9f0       _ismbbkpunct_l             000000018001d9f0 f   LIBCMTD:ismbbyte.obj
 0001:0001ca20       _ismbblead                 000000018001da20 f   LIBCMTD:ismbbyte.obj
 0001:0001ca50       _ismbblead_l               000000018001da50 f   LIBCMTD:ismbbyte.obj
 0001:0001ca80       _ismbbprint                000000018001da80 f   LIBCMTD:ismbbyte.obj
 0001:0001cab0       _ismbbprint_l              000000018001dab0 f   LIBCMTD:ismbbyte.obj
 0001:0001cae0       _ismbbpunct                000000018001dae0 f   LIBCMTD:ismbbyte.obj
 0001:0001cb10       _ismbbpunct_l              000000018001db10 f   LIBCMTD:ismbbyte.obj
 0001:0001cb40       _ismbbtrail                000000018001db40 f   LIBCMTD:ismbbyte.obj
 0001:0001cb70       _ismbbtrail_l              000000018001db70 f   LIBCMTD:ismbbyte.obj
 0001:0001cba0       _chvalidator               000000018001dba0 f   LIBCMTD:isctype.obj
 0001:0001cc10       _chvalidator_l             000000018001dc10 f   LIBCMTD:isctype.obj
 0001:0001cd20       _isctype                   000000018001dd20 f   LIBCMTD:isctype.obj
 0001:0001cd70       _isctype_l                 000000018001dd70 f   LIBCMTD:isctype.obj
 0001:0001cf50       _free_base                 000000018001df50 f   LIBCMTD:free.obj
 0001:0001cfb0       _realloc_base              000000018001dfb0 f   LIBCMTD:realloc.obj
 0001:0001d0d0       _expand_base               000000018001e0d0 f   LIBCMTD:expand.obj
 0001:0001d2b0       _CrtDbgReport              000000018001e2b0 f   LIBCMTD:dbgrpt.obj
 0001:0001d330       _CrtDbgReportV             000000018001e330 f i LIBCMTD:dbgrpt.obj
 0001:0001d390       _CrtSetReportHook2         000000018001e390 f   LIBCMTD:dbgrpt.obj
 0001:0001d7a0       __crtMessageWindowA        000000018001e7a0 f   LIBCMTD:dbgrpt.obj
 0001:0001de20       _heapchk                   000000018001ee20 f   LIBCMTD:heapchk.obj
 0001:0001de60       _heapset                   000000018001ee60 f   LIBCMTD:heapchk.obj
 0001:0001de80       _scprintf                  000000018001ee80 f   LIBCMTD:sprintf.obj
 0001:0001dec0       _scprintf_l                000000018001eec0 f   LIBCMTD:sprintf.obj
 0001:0001df00       _scprintf_p                000000018001ef00 f   LIBCMTD:sprintf.obj
 0001:0001df40       _scprintf_p_l              000000018001ef40 f   LIBCMTD:sprintf.obj
 0001:0001df80       _snprintf_s                000000018001ef80 f   LIBCMTD:sprintf.obj
 0001:0001dfe0       _snprintf_s_l              000000018001efe0 f   LIBCMTD:sprintf.obj
 0001:0001e040       _sprintf_l                 000000018001f040 f   LIBCMTD:sprintf.obj
 0001:0001e080       _sprintf_p                 000000018001f080 f   LIBCMTD:sprintf.obj
 0001:0001e0d0       _sprintf_p_l               000000018001f0d0 f   LIBCMTD:sprintf.obj
 0001:0001e120       _sprintf_s_l               000000018001f120 f   LIBCMTD:sprintf.obj
 0001:0001e170       sprintf                    000000018001f170 f   LIBCMTD:sprintf.obj
 0001:0001e3f0       sprintf_s                  000000018001f3f0 f   LIBCMTD:sprintf.obj
 0001:0001e440       _heap_alloc_base           000000018001f440 f i LIBCMTD:malloc.obj
 0001:0001e4b0       _malloc_base               000000018001f4b0 f   LIBCMTD:malloc.obj
 0001:0001e550       fetestexcept               000000018001f550 f   LIBCMTD:fetestexcept.obj
 0001:0001e580       __get_abstract_control     000000018001f580 f   LIBCMTD:_fenvutils.obj
 0001:0001e670       __get_abstract_status      000000018001f670 f   LIBCMTD:_fenvutils.obj
 0001:0001e700       __get_machine_control      000000018001f700 f   LIBCMTD:_fenvutils.obj
 0001:0001e7e0       __get_machine_status       000000018001f7e0 f   LIBCMTD:_fenvutils.obj
 0001:0001e870       _getfpcontrolword          000000018001f870 f   LIBCMTD:_fenvutils.obj
 0001:0001e890       _getfpstatusword           000000018001f890 f   LIBCMTD:_fenvutils.obj
 0001:0001e8b0       _setfpcontrolword          000000018001f8b0 f   LIBCMTD:_fenvutils.obj
 0001:0001e8d0       _setfpstatusword           000000018001f8d0 f   LIBCMTD:_fenvutils.obj
 0001:0001e930       __free_lconv_mon           000000018001f930 f   LIBCMTD:initmon.obj
 0001:0001eb40       __init_monetary            000000018001fb40 f   LIBCMTD:initmon.obj
 0001:0001f410       __free_lconv_num           0000000180020410 f   LIBCMTD:initnum.obj
 0001:0001f4f0       __init_numeric             00000001800204f0 f   LIBCMTD:initnum.obj
 0001:0001fa60       __free_lc_time             0000000180020a60 f   LIBCMTD:inittime.obj
 0001:000204c0       __init_time                00000001800214c0 f   LIBCMTD:inittime.obj
 0001:00021c30       localeconv                 0000000180022c30 f   LIBCMTD:lconv.obj
 0001:00021c90       __pctype_func              0000000180022c90 f   LIBCMTD:ctype.obj
 0001:00021cf0       __pwctype_func             0000000180022cf0 f   LIBCMTD:ctype.obj
 0001:000221e0       _MallocaIsSizeInRange      00000001800231e0 f i LIBCMTD:a_map.obj
 0001:00022220       _MarkAllocaS               0000000180023220 f i LIBCMTD:a_map.obj
 0001:00022250       __crtLCMapStringA          0000000180023250 f   LIBCMTD:a_map.obj
 0001:00022300       _freea                     0000000180023300 f i LIBCMTD:a_map.obj
 0001:00022550       __crtGetStringTypeA        0000000180023550 f   LIBCMTD:a_str.obj
 0001:00022670       ?_ExecutionInCatch@@YAHPEAU_xDISPATCHER_CONTEXT@@PEBU_s_FuncInfo@@@Z 0000000180023670 f   LIBCMTD:trnsctrl.obj
 0001:000226c0       ?_GetEstablisherFrame@@YAPEA_KPEA_KPEAU_xDISPATCHER_CONTEXT@@PEBU_s_FuncInfo@@0@Z 00000001800236c0 f   LIBCMTD:trnsctrl.obj
 0001:00022830       ?_GetRangeOfTrysToCheck@@YAPEBU_s_TryBlockMapEntry@@PEA_KPEBU_s_FuncInfo@@HHPEAI2PEAU_xDISPATCHER_CONTEXT@@@Z 0000000180023830 f   LIBCMTD:trnsctrl.obj
 0001:00022a50       ?__FrameUnwindToEmptyState@@YAXPEA_KPEAU_xDISPATCHER_CONTEXT@@PEBU_s_FuncInfo@@@Z 0000000180023a50 f   LIBCMTD:trnsctrl.obj
 0001:00022af0       ?__SehTransFilter@@YAHPEAU_EXCEPTION_POINTERS@@PEAUEHExceptionRecord@@PEA_KPEAU_CONTEXT@@PEAU_xDISPATCHER_CONTEXT@@PEBU_s_FuncInfo@@PEAH@Z 0000000180023af0 f   LIBCMTD:trnsctrl.obj
 0001:00022bb0       _CallSETranslator          0000000180023bb0 f   LIBCMTD:trnsctrl.obj
 0001:00022c30       _CreateFrameInfo           0000000180023c30 f   LIBCMTD:trnsctrl.obj
 0001:00022cb0       _FindAndUnlinkFrame        0000000180023cb0 f   LIBCMTD:trnsctrl.obj
 0001:00022d40       _GetImageBase              0000000180023d40 f   LIBCMTD:trnsctrl.obj
 0001:00022d60       _GetThrowImageBase         0000000180023d60 f   LIBCMTD:trnsctrl.obj
 0001:00022d80       _IsExceptionObjectToBeDestroyed 0000000180023d80 f   LIBCMTD:trnsctrl.obj
 0001:00022de0       _MoveContext               0000000180023de0 f   LIBCMTD:trnsctrl.obj
 0001:00022e10       _SetImageBase              0000000180023e10 f   LIBCMTD:trnsctrl.obj
 0001:00022e30       _SetThrowImageBase         0000000180023e30 f   LIBCMTD:trnsctrl.obj
 0001:00022e50       _UnwindNestedFrames        0000000180023e50 f   LIBCMTD:trnsctrl.obj
 0001:00022fc0       __CxxFrameHandler          0000000180023fc0 f   LIBCMTD:trnsctrl.obj
 0001:00023080       __CxxFrameHandler2         0000000180024080 f   LIBCMTD:trnsctrl.obj
 0001:000230c0       __CxxFrameHandler3         00000001800240c0 f   LIBCMTD:trnsctrl.obj
 0001:00023180       _add_exp                   0000000180024180 f   LIBCMTD:util.obj
 0001:000231c0       _decomp                    00000001800241c0 f   LIBCMTD:util.obj
 0001:00023310       _get_exp                   0000000180024310 f   LIBCMTD:util.obj
 0001:00023350       _set_bexp                  0000000180024350 f   LIBCMTD:util.obj
 0001:00023390       _set_exp                   0000000180024390 f   LIBCMTD:util.obj
 0001:000233e0       _sptype                    00000001800243e0 f   LIBCMTD:util.obj
 0001:00023470       _get_fpsr                  0000000180024470 f   LIBCMTD:fpsr.obj
 0001:00023480       _set_fpsr                  0000000180024480 f   LIBCMTD:fpsr.obj
 0001:0002348a       _fclrf                     000000018002448a f   LIBCMTD:fpsr.obj
 0001:0002349e       _frnd                      000000018002449e f   LIBCMTD:fpsr.obj
 0001:000234c0       __init_dummy               00000001800244c0 f   LIBCMTD:wsetloca.obj
 0001:000234d0       _locterm                   00000001800244d0 f   LIBCMTD:wsetloca.obj
 0001:00023520       ___setlc_active_func       0000000180024520 f   LIBCMTD:wsetloca.obj
 0001:00023530       ___unguarded_readlc_active_add_func 0000000180024530 f   LIBCMTD:wsetloca.obj
 0001:00023540       __copy_locale_name         0000000180024540 f   LIBCMTD:wsetloca.obj
 0001:00023610       __create_locale            0000000180024610 f   LIBCMTD:wsetloca.obj
 0001:00023630       __free_locale              0000000180024630 f   LIBCMTD:wsetloca.obj
 0001:00023650       __get_current_locale       0000000180024650 f   LIBCMTD:wsetloca.obj
 0001:00023660       __lc_lctowcs               0000000180024660 f   LIBCMTD:wsetloca.obj
 0001:00023750       __lc_wcstolc               0000000180024750 f   LIBCMTD:wsetloca.obj
 0001:00023a10       _configthreadlocale        0000000180024a10 f   LIBCMTD:wsetloca.obj
 0001:00023bd0       _create_locale             0000000180024bd0 f   LIBCMTD:wsetloca.obj
 0001:00023c70       _expandlocale              0000000180024c70 f   LIBCMTD:wsetloca.obj
 0001:00024250       _free_locale               0000000180025250 f   LIBCMTD:wsetloca.obj
 0001:00024340       _get_current_locale        0000000180025340 f   LIBCMTD:wsetloca.obj
 0001:00024420       _wcreate_locale            0000000180025420 f   LIBCMTD:wsetloca.obj
 0001:00024660       _wcscats                   0000000180025660 f   LIBCMTD:wsetloca.obj
 0001:00024710       _wsetlocale                0000000180025710 f   LIBCMTD:wsetloca.obj
 0001:00025a20       __iswcsym                  0000000180026a20 f i LIBCMTD:_wctype.obj
 0001:00025a60       __iswcsymf                 0000000180026a60 f i LIBCMTD:_wctype.obj
 0001:00025aa0       _isleadbyte_l              0000000180026aa0 f i LIBCMTD:_wctype.obj
 0001:00025b00       _iswalnum_l                0000000180026b00 f i LIBCMTD:_wctype.obj
 0001:00025b30       _iswalpha_l                0000000180026b30 f i LIBCMTD:_wctype.obj
 0001:00025b60       _iswblank_l                0000000180026b60 f i LIBCMTD:_wctype.obj
 0001:00025ba0       _iswcntrl_l                0000000180026ba0 f i LIBCMTD:_wctype.obj
 0001:00025bd0       _iswcsym_l                 0000000180026bd0 f i LIBCMTD:_wctype.obj
 0001:00025c20       _iswcsymf_l                0000000180026c20 f i LIBCMTD:_wctype.obj
 0001:00025c70       _iswdigit_l                0000000180026c70 f i LIBCMTD:_wctype.obj
 0001:00025ca0       _iswgraph_l                0000000180026ca0 f i LIBCMTD:_wctype.obj
 0001:00025cd0       _iswlower_l                0000000180026cd0 f i LIBCMTD:_wctype.obj
 0001:00025d00       _iswprint_l                0000000180026d00 f i LIBCMTD:_wctype.obj
 0001:00025d30       _iswpunct_l                0000000180026d30 f i LIBCMTD:_wctype.obj
 0001:00025d60       _iswspace_l                0000000180026d60 f i LIBCMTD:_wctype.obj
 0001:00025d90       _iswupper_l                0000000180026d90 f i LIBCMTD:_wctype.obj
 0001:00025dc0       _iswxdigit_l               0000000180026dc0 f i LIBCMTD:_wctype.obj
 0001:00025df0       isleadbyte                 0000000180026df0 f i LIBCMTD:_wctype.obj
 0001:00025e10       iswalnum                   0000000180026e10 f i LIBCMTD:_wctype.obj
 0001:00025e30       iswalpha                   0000000180026e30 f i LIBCMTD:_wctype.obj
 0001:00025e50       iswascii                   0000000180026e50 f i LIBCMTD:_wctype.obj
 0001:00025e80       iswblank                   0000000180026e80 f i LIBCMTD:_wctype.obj
 0001:00025ec0       iswcntrl                   0000000180026ec0 f i LIBCMTD:_wctype.obj
 0001:00025ee0       iswdigit                   0000000180026ee0 f i LIBCMTD:_wctype.obj
 0001:00025f00       iswgraph                   0000000180026f00 f i LIBCMTD:_wctype.obj
 0001:00025f20       iswlower                   0000000180026f20 f i LIBCMTD:_wctype.obj
 0001:00025f40       iswprint                   0000000180026f40 f i LIBCMTD:_wctype.obj
 0001:00025f60       iswpunct                   0000000180026f60 f i LIBCMTD:_wctype.obj
 0001:00025f80       iswspace                   0000000180026f80 f i LIBCMTD:_wctype.obj
 0001:00025fa0       iswupper                   0000000180026fa0 f i LIBCMTD:_wctype.obj
 0001:00025fc0       iswxdigit                  0000000180026fc0 f i LIBCMTD:_wctype.obj
 0001:00025fe0       __isa_available_init       0000000180026fe0 f   LIBCMTD:cpu_disp.obj
 0001:00026320       _CopyMan                   0000000180027320 f i LIBCMTD:intrncvt.obj
 0001:00026390       _FillZeroMan               0000000180027390 f i LIBCMTD:intrncvt.obj
 0001:000263d0       _IncMan                    00000001800273d0 f i LIBCMTD:intrncvt.obj
 0001:000264b0       _IsZeroMan                 00000001800274b0 f i LIBCMTD:intrncvt.obj
 0001:000264f0       _RoundMan                  00000001800274f0 f i LIBCMTD:intrncvt.obj
 0001:00026600       _ShrMan                    0000000180027600 f i LIBCMTD:intrncvt.obj
 0001:00026740       _ZeroTail                  0000000180027740 f i LIBCMTD:intrncvt.obj
 0001:000267f0       __addl                     00000001800277f0 f i LIBCMTD:intrncvt.obj
 0001:00026850       _ld12cvt                   0000000180027850 f i LIBCMTD:intrncvt.obj
 0001:00026bc0       _ld12tod                   0000000180027bc0 f   LIBCMTD:intrncvt.obj
 0001:00026bf0       _ld12tof                   0000000180027bf0 f   LIBCMTD:intrncvt.obj
 0001:00026c20       _ld12told                  0000000180027c20 f   LIBCMTD:intrncvt.obj
 0001:00026d50       __STRINGTOLD_L             0000000180027d50 f   LIBCMTD:strgtold.obj
 0001:00026e00       __ld12mul                  0000000180027e00 f i LIBCMTD:strgtold.obj
 0001:00027370       __multtenpow12             0000000180028370 f i LIBCMTD:strgtold.obj
 0001:000274a0       __shl_12                   00000001800284a0 f i LIBCMTD:strgtold.obj
 0001:00027540       __shr_12                   0000000180028540 f i LIBCMTD:strgtold.obj
 0001:000275e0       __strgtold12_l             00000001800285e0 f   LIBCMTD:strgtold.obj
 0001:000283c0       $I10_OUTPUT                00000001800293c0 f   LIBCMTD:x10fout.obj
 0001:00028c80       __add_12                   0000000180029c80 f i LIBCMTD:x10fout.obj
 0001:00028d60       memcpy_s                   0000000180029d60 f   LIBCMTD:memcpy_s.obj
 0001:00028fd0       wcscpy_s                   0000000180029fd0 f   LIBCMTD:wcscpy_s.obj
 0001:00029480       wcslen                     000000018002a480 f   LIBCMTD:wcslen.obj
 0001:000294d0       __swprintf_l               000000018002a4d0 f   LIBCMTD:swprintf.obj
 0001:00029510       _scwprintf                 000000018002a510 f   LIBCMTD:swprintf.obj
 0001:00029550       _scwprintf_l               000000018002a550 f   LIBCMTD:swprintf.obj
 0001:00029590       _scwprintf_p               000000018002a590 f   LIBCMTD:swprintf.obj
 0001:000295d0       _scwprintf_p_l             000000018002a5d0 f   LIBCMTD:swprintf.obj
 0001:00029610       _snwprintf_s               000000018002a610 f   LIBCMTD:swprintf.obj
 0001:00029670       _snwprintf_s_l             000000018002a670 f   LIBCMTD:swprintf.obj
 0001:000296d0       _swprintf                  000000018002a6d0 f   LIBCMTD:swprintf.obj
 0001:000299b0       _swprintf_p                000000018002a9b0 f   LIBCMTD:swprintf.obj
 0001:00029a00       _swprintf_p_l              000000018002aa00 f   LIBCMTD:swprintf.obj
 0001:00029a50       _swprintf_s_l              000000018002aa50 f   LIBCMTD:swprintf.obj
 0001:00029aa0       swprintf_s                 000000018002aaa0 f   LIBCMTD:swprintf.obj
 0001:00029af0       __crtMessageBoxW           000000018002aaf0 f   LIBCMTD:crtmboxw.obj
 0001:00029f60       __crtMessageBoxWaitThreadW 000000018002af60 f   LIBCMTD:crtmboxw.obj
 0001:00029fb0       _CrtDbgBreak               000000018002afb0 f   LIBCMTD:dbgrptt.obj
 0001:00029fc0       _CrtGetReportHook          000000018002afc0 f   LIBCMTD:dbgrptt.obj
 0001:00029fd0       _CrtSetReportFile          000000018002afd0 f   LIBCMTD:dbgrptt.obj
 0001:0002a130       _CrtSetReportHook          000000018002b130 f   LIBCMTD:dbgrptt.obj
 0001:0002a160       _CrtSetReportMode          000000018002b160 f   LIBCMTD:dbgrptt.obj
 0001:0002a320       _VCrtDbgReportA            000000018002b320 f   LIBCMTD:dbgrptt.obj
 0001:0002acf0       _VCrtDbgReportW            000000018002bcf0 f   LIBCMTD:dbgrptt.obj
 0001:0002b840       __chkstk                   000000018002c840 f   LIBCMTD:chkstk.obj
 0001:0002b840       _alloca_probe              000000018002c840 f   LIBCMTD:chkstk.obj
 0001:0002b890       wcscat_s                   000000018002c890 f   LIBCMTD:wcscat_s.obj
 0001:0002bec0       wcsncpy_s                  000000018002cec0 f   LIBCMTD:wcsncpy_s.obj
 0001:0002c560       __set_app_type             000000018002d560 f   LIBCMTD:errmode.obj
 0001:0002c570       _set_error_mode            000000018002d570 f   LIBCMTD:errmode.obj
 0001:0002c680       _set_abort_behavior        000000018002d680 f   LIBCMTD:abort.obj
 0001:0002c6c0       abort                      000000018002d6c0 f   LIBCMTD:abort.obj
 0001:0002c750       strncpy_s                  000000018002d750 f   LIBCMTD:strncpy_s.obj
 0001:0002cfa0       __crtGetLocaleInfoA        000000018002dfa0 f   LIBCMTD:a_loc.obj
 0001:0002d010       GetTableIndexFromLcid      000000018002e010 f   LIBCMTD:winapinls.obj
 0001:0002d0a0       GetTableIndexFromLocaleName 000000018002e0a0 f   LIBCMTD:winapinls.obj
 0001:0002d150       __crtCompareStringEx       000000018002e150 f   LIBCMTD:winapinls.obj
 0001:0002d230       __crtDownlevelLCIDToLocaleName 000000018002e230 f   LIBCMTD:winapinls.obj
 0001:0002d330       __crtDownlevelLocaleNameToLCID 000000018002e330 f   LIBCMTD:winapinls.obj
 0001:0002d3b0       __crtEnumSystemLocalesEx   000000018002e3b0 f   LIBCMTD:winapinls.obj
 0001:0002d450       __crtGetDateFormatEx       000000018002e450 f   LIBCMTD:winapinls.obj
 0001:0002d510       __crtGetLocaleInfoEx       000000018002e510 f   LIBCMTD:winapinls.obj
 0001:0002d590       __crtGetTimeFormatEx       000000018002e590 f   LIBCMTD:winapinls.obj
 0001:0002d640       __crtGetUserDefaultLocaleName 000000018002e640 f   LIBCMTD:winapinls.obj
 0001:0002d6b0       __crtIsValidLocaleName     000000018002e6b0 f   LIBCMTD:winapinls.obj
 0001:0002d710       __crtLCMapStringEx         000000018002e710 f   LIBCMTD:winapinls.obj
 0001:0002d7f0       __wcsnicmp_ascii           000000018002e7f0 f   LIBCMTD:winapinls.obj
 0001:0002d900       _fileno                    000000018002e900 f   LIBCMTD:fileno.obj
 0001:0002d9c0       _isatty                    000000018002e9c0 f   LIBCMTD:isatty.obj
 0001:0002dad0       _fflush_nolock             000000018002ead0 f   LIBCMTD:fflush.obj
 0001:0002db50       _flush                     000000018002eb50 f   LIBCMTD:fflush.obj
 0001:0002dc40       _flushall                  000000018002ec40 f   LIBCMTD:fflush.obj
 0001:0002dc60       fflush                     000000018002ec60 f   LIBCMTD:fflush.obj
 0001:0002de20       _fcloseall                 000000018002ee20 f   LIBCMTD:closeall.obj
 0001:0002df20       _flsbuf                    000000018002ef20 f   LIBCMTD:_flsbuf.obj
 0001:0002e2c0       _vscprintf                 000000018002f2c0 f   LIBCMTD:vsprintf.obj
 0001:0002e2f0       _vscprintf_helper          000000018002f2f0 f   LIBCMTD:vsprintf.obj
 0001:0002e440       _vscprintf_l               000000018002f440 f   LIBCMTD:vsprintf.obj
 0001:0002e480       _vscprintf_p               000000018002f480 f   LIBCMTD:vsprintf.obj
 0001:0002e4b0       _vscprintf_p_l             000000018002f4b0 f   LIBCMTD:vsprintf.obj
 0001:0002e4f0       _vsprintf_l                000000018002f4f0 f   LIBCMTD:vsprintf.obj
 0001:0002e760       vsprintf                   000000018002f760 f   LIBCMTD:vsprintf.obj
 0001:0002e790       _vsnprintf_c               000000018002f790 f   LIBCMTD:vsnprnc.obj
 0001:0002e800       _vsnprintf_c_l             000000018002f800 f   LIBCMTD:vsnprnc.obj
 0001:0002e870       _vsnprintf_helper          000000018002f870 f   LIBCMTD:vsnprnc.obj
 0001:0002eb50       _vsnprintf_s               000000018002fb50 f   LIBCMTD:vsnprnc.obj
 0001:0002eba0       _vsnprintf_s_l             000000018002fba0 f   LIBCMTD:vsnprnc.obj
 0001:0002f140       _vsprintf_p                0000000180030140 f   LIBCMTD:vsnprnc.obj
 0001:0002f1b0       _vsprintf_p_l              00000001800301b0 f   LIBCMTD:vsnprnc.obj
 0001:0002f220       _vsprintf_s_l              0000000180030220 f   LIBCMTD:vsnprnc.obj
 0001:0002f5b0       vsprintf_s                 00000001800305b0 f   LIBCMTD:vsnprnc.obj
 0001:0002f5f0       _output_l                  00000001800305f0 f   LIBCMTD:output.obj
 0001:00030df0       get_int64_arg              0000000180031df0 f i LIBCMTD:output.obj
 0001:00030e60       get_int_arg                0000000180031e60 f i LIBCMTD:output.obj
 0001:00030ec0       get_short_arg              0000000180031ec0 f i LIBCMTD:output.obj
 0001:00031160       fegetexceptflag            0000000180032160 f   LIBCMTD:fegetexceptflag.obj
 0001:000313c0       _clearfp                   00000001800323c0 f   LIBCMTD:ieee.obj
 0001:000313e0       _control87                 00000001800323e0 f i LIBCMTD:ieee.obj
 0001:00031500       _controlfp                 0000000180032500 f   LIBCMTD:ieee.obj
 0001:00031530       _fpreset                   0000000180032530 f   LIBCMTD:ieee.obj
 0001:000316a0       _set_controlfp             00000001800326a0 f   LIBCMTD:ieee.obj
 0001:00031700       _statusfp                  0000000180032700 f   LIBCMTD:ieee.obj
 0001:00031720       free                       0000000180032720 f   LIBCMTD:dbgfree.obj
 0001:00031740       malloc                     0000000180032740 f   LIBCMTD:dbgmalloc.obj
 0001:00031780       __DestructExceptionObject  0000000180032780 f   LIBCMTD:frame.obj
 0001:00031870       ??0bad_exception@std@@QEAA@AEBV01@@Z 0000000180032870 f i LIBCMTD:frame.obj
 0001:000318b0       ??0bad_exception@std@@QEAA@PEBD@Z 00000001800328b0 f i LIBCMTD:frame.obj
 0001:000318f0       ??1bad_exception@std@@UEAA@XZ 00000001800328f0 f i LIBCMTD:frame.obj
 0001:00031920       ??_Ebad_exception@std@@UEAAPEAXI@Z 0000000180032920 f i LIBCMTD:frame.obj
 0001:00031920       ??_Gbad_exception@std@@UEAAPEAXI@Z 0000000180032920 f i LIBCMTD:frame.obj
 0001:000328f0       ?__uncaught_exception@@YA_NXZ 00000001800338f0 f   LIBCMTD:frame.obj
 0001:00032920       ?_is_exception_typeof@@YAHAEBVtype_info@@PEAU_EXCEPTION_POINTERS@@@Z 0000000180033920 f   LIBCMTD:frame.obj
 0001:00032a70       _SetWinRTOutOfMemoryExceptionCallback 0000000180033a70 f   LIBCMTD:frame.obj
 0001:00032a90       __AdjustPointer            0000000180033a90 f   LIBCMTD:frame.obj
 0001:00032b10       __BuildCatchObject         0000000180033b10 f   LIBCMTD:frame.obj
 0001:00032c50       __BuildCatchObjectHelper   0000000180033c50 f   LIBCMTD:frame.obj
 0001:00033080       __CxxCallCatchBlock        0000000180034080 f   LIBCMTD:frame.obj
 0001:000332f0       __CxxDetectRethrow         00000001800342f0 f   LIBCMTD:frame.obj
 0001:000333a0       __CxxExceptionFilter       00000001800343a0 f   LIBCMTD:frame.obj
 0001:000336e0       __CxxQueryExceptionSize    00000001800346e0 f   LIBCMTD:frame.obj
 0001:000336f0       __CxxRegisterExceptionObject 00000001800346f0 f   LIBCMTD:frame.obj
 0001:00033880       __CxxUnregisterExceptionObject 0000000180034880 f   LIBCMTD:frame.obj
 0001:00033a40       __FrameUnwindFilter        0000000180034a40 f   LIBCMTD:frame.obj
 0001:00033ad0       __FrameUnwindToState       0000000180034ad0 f   LIBCMTD:frame.obj
 0001:00033d30       __GetPlatformExceptionInfo 0000000180034d30 f   LIBCMTD:frame.obj
 0001:00033e40       __InternalCxxFrameHandler  0000000180034e40 f   LIBCMTD:frame.obj
 0001:00034260       __TypeMatch                0000000180035260 f   LIBCMTD:frame.obj
 0001:00034450       ?__GetCurrentState@@YAHPEA_KPEAU_xDISPATCHER_CONTEXT@@PEBU_s_FuncInfo@@@Z 0000000180035450 f   LIBCMTD:ehstate.obj
 0001:000344b0       ?__GetUnwindTryBlock@@YAHPEA_KPEAU_xDISPATCHER_CONTEXT@@PEBU_s_FuncInfo@@@Z 00000001800354b0 f   LIBCMTD:ehstate.obj
 0001:00034500       ?__SetState@@YAXPEA_KPEAU_xDISPATCHER_CONTEXT@@PEBU_s_FuncInfo@@H@Z 0000000180035500 f   LIBCMTD:ehstate.obj
 0001:00034530       ?__SetUnwindTryBlock@@YAXPEA_KPEAU_xDISPATCHER_CONTEXT@@PEBU_s_FuncInfo@@H@Z 0000000180035530 f   LIBCMTD:ehstate.obj
 0001:000345a0       ?__StateFromControlPc@@YAHPEBU_s_FuncInfo@@PEAU_xDISPATCHER_CONTEXT@@@Z 00000001800355a0 f   LIBCMTD:ehstate.obj
 0001:000345d0       ?__StateFromIp@@YAHPEBU_s_FuncInfo@@PEAU_xDISPATCHER_CONTEXT@@_J@Z 00000001800355d0 f   LIBCMTD:ehstate.obj
 0001:000346b0       __init_collate             00000001800356b0 f   LIBCMTD:initcoll.obj
 0001:000346c0       ___lc_codepage_func        00000001800356c0 f   LIBCMTD:initctyp.obj
 0001:00034720       ___lc_collate_cp_func      0000000180035720 f   LIBCMTD:initctyp.obj
 0001:00034780       ___lc_locale_name_func     0000000180035780 f   LIBCMTD:initctyp.obj
 0001:000347e0       ___mb_cur_max_func         00000001800357e0 f   LIBCMTD:initctyp.obj
 0001:00034840       ___mb_cur_max_l_func       0000000180035840 f   LIBCMTD:initctyp.obj
 0001:00034880       __init_ctype               0000000180035880 f   LIBCMTD:initctyp.obj
 0001:00035170       memcmp                     0000000180036170 f   LIBCMTD:memcmp.obj
 0001:00035240       wcscmp                     0000000180036240 f   LIBCMTD:wcscmp.obj
 0001:000352c0       wcscspn                    00000001800362c0 f   LIBCMTD:wcscspn.obj
 0001:00035360       wcsnlen                    0000000180036360 f   LIBCMTD:wcslen_s.obj
 0001:000353c0       wcsncmp                    00000001800363c0 f   LIBCMTD:wcsncmp.obj
 0001:00035450       wcspbrk                    0000000180036450 f   LIBCMTD:wcspbrk.obj
 0001:00036140       __get_qualified_locale     0000000180037140 f   LIBCMTD:getqloc.obj
 0001:000371f0       __get_qualified_locale_downlevel 00000001800381f0 f   LIBCMTD:getqloc_downlevel.obj
 0001:00037560       _iswctype_l                0000000180038560 f   LIBCMTD:iswctype.obj
 0001:00037590       is_wctype                  0000000180038590 f   LIBCMTD:iswctype.obj
 0001:000375c0       iswctype                   00000001800385c0 f   LIBCMTD:iswctype.obj
 0001:00037640       __mtold12                  0000000180038640 f   LIBCMTD:mantold.obj
 0001:000377d0       __vswprintf_l              00000001800387d0 f   LIBCMTD:vswprint.obj
 0001:00037810       _vscwprintf                0000000180038810 f   LIBCMTD:vswprint.obj
 0001:00037840       _vscwprintf_helper         0000000180038840 f   LIBCMTD:vswprint.obj
 0001:00037990       _vscwprintf_l              0000000180038990 f   LIBCMTD:vswprint.obj
 0001:000379d0       _vscwprintf_p              00000001800389d0 f   LIBCMTD:vswprint.obj
 0001:00037a00       _vscwprintf_p_l            0000000180038a00 f   LIBCMTD:vswprint.obj
 0001:00037a40       _vswprintf                 0000000180038a40 f   LIBCMTD:vswprint.obj
 0001:00037a70       _vswprintf_l               0000000180038a70 f   LIBCMTD:vswprint.obj
 0001:00037d40       _vsnwprintf_s              0000000180038d40 f   LIBCMTD:vswprnc.obj
 0001:00037d90       _vsnwprintf_s_l            0000000180038d90 f   LIBCMTD:vswprnc.obj
 0001:00038340       _vswprintf_c               0000000180039340 f   LIBCMTD:vswprnc.obj
 0001:000383b0       _vswprintf_c_l             00000001800393b0 f   LIBCMTD:vswprnc.obj
 0001:00038420       _vswprintf_helper          0000000180039420 f   LIBCMTD:vswprnc.obj
 0001:00038770       _vswprintf_p               0000000180039770 f   LIBCMTD:vswprnc.obj
 0001:000387e0       _vswprintf_p_l             00000001800397e0 f   LIBCMTD:vswprnc.obj
 0001:00038850       _vswprintf_s_l             0000000180039850 f   LIBCMTD:vswprnc.obj
 0001:00038be0       vswprintf_s                0000000180039be0 f   LIBCMTD:vswprnc.obj
 0001:00038c20       _woutput_l                 0000000180039c20 f   LIBCMTD:woutput.obj
 0001:0003a360       strcat_s                   000000018003b360 f   LIBCMTD:strcat_s.obj
 0001:0003a970       _i64toa_s                  000000018003b970 f   LIBCMTD:xtoas.obj
 0001:0003a9d0       _itoa_s                    000000018003b9d0 f   LIBCMTD:xtoas.obj
 0001:0003aa50       _ltoa_s                    000000018003ba50 f   LIBCMTD:xtoas.obj
 0001:0003aab0       _ui64toa_s                 000000018003bab0 f   LIBCMTD:xtoas.obj
 0001:0003aaf0       _ultoa_s                   000000018003baf0 f   LIBCMTD:xtoas.obj
 0001:0003b6c0       _mbstowcs_l                000000018003c6c0 f   LIBCMTD:mbstowcs.obj
 0001:0003b700       _mbstowcs_l_helper         000000018003c700 f   LIBCMTD:mbstowcs.obj
 0001:0003bc70       _mbstowcs_s_l              000000018003cc70 f   LIBCMTD:mbstowcs.obj
 0001:0003c200       mbstowcs                   000000018003d200 f   LIBCMTD:mbstowcs.obj
 0001:0003c260       mbstowcs_s                 000000018003d260 f   LIBCMTD:mbstowcs.obj
 0001:0003c340       _wcstombs_l                000000018003d340 f   LIBCMTD:wcstombs.obj
 0001:0003c380       _wcstombs_l_helper         000000018003d380 f   LIBCMTD:wcstombs.obj
 0001:0003cb90       _wcstombs_s_l              000000018003db90 f   LIBCMTD:wcstombs.obj
 0001:0003d090       wcstombs                   000000018003e090 f   LIBCMTD:wcstombs.obj
 0001:0003d0c0       wcstombs_s                 000000018003e0c0 f   LIBCMTD:wcstombs.obj
 0001:0003d110       _i64tow_s                  000000018003e110 f   LIBCMTD:xtows.obj
 0001:0003d170       _itow_s                    000000018003e170 f   LIBCMTD:xtows.obj
 0001:0003d1f0       _ltow_s                    000000018003e1f0 f   LIBCMTD:xtows.obj
 0001:0003d250       _ui64tow_s                 000000018003e250 f   LIBCMTD:xtows.obj
 0001:0003d290       _ultow_s                   000000018003e290 f   LIBCMTD:xtows.obj
 0001:0003dea0       __GSHandlerCheck_SEH       000000018003eea0 f   LIBCMTD:gshandlerseh.obj
 0001:0003df60       _commit                    000000018003ef60 f   LIBCMTD:commit.obj
 0001:0003e1f0       _write                     000000018003f1f0 f   LIBCMTD:write.obj
 0001:0003e490       _write_nolock              000000018003f490 f   LIBCMTD:write.obj
 0001:0003f5d0       _fclose_nolock             00000001800405d0 f   LIBCMTD:fclose.obj
 0001:0003f720       fclose                     0000000180040720 f   LIBCMTD:fclose.obj
 0001:0003f820       _lseeki64                  0000000180040820 f   LIBCMTD:lseeki64.obj
 0001:0003fad0       _lseeki64_nolock           0000000180040ad0 f   LIBCMTD:lseeki64.obj
 0001:0003fbf0       _getbuf                    0000000180040bf0 f   LIBCMTD:_getbuf.obj
 0001:0003fd00       _output_p_l                0000000180040d00 f   LIBCMTD:outputp.obj
 0001:000441e0       _validate_param_reuseA     00000001800451e0 f   LIBCMTD:outputp.obj
 0001:00044550       get_crtdouble_arg          0000000180045550 f i LIBCMTD:outputp.obj
 0001:000447f0       _output_s_l                00000001800457f0 f   LIBCMTD:outputs.obj
 0001:000463d0       _get_printf_count_output   00000001800473d0 f   LIBCMTD:printf.obj
 0001:00046400       _printf_l                  0000000180047400 f   LIBCMTD:printf.obj
 0001:00046440       _printf_p                  0000000180047440 f   LIBCMTD:printf.obj
 0001:00046480       _printf_p_l                0000000180047480 f   LIBCMTD:printf.obj
 0001:000464c0       _printf_s_l                00000001800474c0 f   LIBCMTD:printf.obj
 0001:00046500       _set_printf_count_output   0000000180047500 f   LIBCMTD:printf.obj
 0001:00046570       printf                     0000000180047570 f   LIBCMTD:printf.obj
 0001:000466f0       printf_s                   00000001800476f0 f   LIBCMTD:printf.obj
 0001:00046730       _wctomb_l                  0000000180047730 f   LIBCMTD:wctomb.obj
 0001:000467e0       _wctomb_s_l                00000001800477e0 f   LIBCMTD:wctomb.obj
 0001:00046c80       wctomb                     0000000180047c80 f   LIBCMTD:wctomb.obj
 0001:00046cf0       wctomb_s                   0000000180047cf0 f   LIBCMTD:wctomb.obj
 0001:00046d40       ??3@YAXPEAX@Z              0000000180047d40 f   LIBCMTD:dbgdel.obj
 0001:00046e20       strcmp                     0000000180047e20 f   LIBCMTD:strcmp.obj
 0001:00046e90       ?_ValidateExecute@@YAHP6A_JXZ@Z 0000000180047e90 f   LIBCMTD:validate.obj
 0001:00046ec0       ?_ValidateRead@@YAHPEBXI@Z 0000000180047ec0 f   LIBCMTD:validate.obj
 0001:00046ef0       ?_ValidateWrite@@YAHPEAXI@Z 0000000180047ef0 f   LIBCMTD:validate.obj
 0001:00046f30       _CallSettingFrame          0000000180047f30 f   LIBCMTD:handlers.obj
 0001:00046f70       _GetNextInstrOffset        0000000180047f70 f   LIBCMTD:handlers.obj
 0001:00046f80       ??0type_info@@AEAA@AEBV0@@Z 0000000180047f80 f   LIBCMTD:typinfo.obj
 0001:00046fa0       ??1type_info@@UEAA@XZ      0000000180047fa0 f   LIBCMTD:typinfo.obj
 0001:00046fd0       ??4type_info@@AEAAAEAV0@AEBV0@@Z 0000000180047fd0 f   LIBCMTD:typinfo.obj
 0001:00046fe0       ??8type_info@@QEBA_NAEBV0@@Z 0000000180047fe0 f   LIBCMTD:typinfo.obj
 0001:00047030       ??9type_info@@QEBA_NAEBV0@@Z 0000000180048030 f   LIBCMTD:typinfo.obj
 0001:00047080       ??_Etype_info@@UEAAPEAXI@Z 0000000180048080 f i LIBCMTD:typinfo.obj
 0001:00047080       ??_Gtype_info@@UEAAPEAXI@Z 0000000180048080 f i LIBCMTD:typinfo.obj
 0001:000470c0       ?_name_internal_method@type_info@@QEBAPEBDPEAU__type_info_node@@@Z 00000001800480c0 f   LIBCMTD:typinfo.obj
 0001:000470f0       ?_type_info_dtor_internal_method@type_info@@QEAAXXZ 00000001800480f0 f   LIBCMTD:typinfo.obj
 0001:00047110       ?before@type_info@@QEBA_NAEBV1@@Z 0000000180048110 f   LIBCMTD:typinfo.obj
 0001:00047160       ?name@type_info@@QEBAPEBDPEAU__type_info_node@@@Z 0000000180048160 f   LIBCMTD:typinfo.obj
 0001:00047190       ?raw_name@type_info@@QEBAPEBDXZ 0000000180048190 f   LIBCMTD:typinfo.obj
 0001:000471a0       ??0__non_rtti_object@std@@QEAA@AEBV01@@Z 00000001800481a0 f   LIBCMTD:stdexcpt.obj
 0001:000471e0       ??0__non_rtti_object@std@@QEAA@PEBD@Z 00000001800481e0 f   LIBCMTD:stdexcpt.obj
 0001:00047220       ??0bad_cast@std@@QEAA@AEBV01@@Z 0000000180048220 f   LIBCMTD:stdexcpt.obj
 0001:00047260       ??0bad_cast@std@@QEAA@PEBD@Z 0000000180048260 f   LIBCMTD:stdexcpt.obj
 0001:000472a0       ??0bad_typeid@std@@QEAA@AEBV01@@Z 00000001800482a0 f   LIBCMTD:stdexcpt.obj
 0001:000472e0       ??0bad_typeid@std@@QEAA@PEBD@Z 00000001800482e0 f   LIBCMTD:stdexcpt.obj
 0001:00047320       ??0exception@std@@QEAA@AEBQEBD@Z 0000000180048320 f   LIBCMTD:stdexcpt.obj
 0001:00047370       ??0exception@std@@QEAA@AEBQEBDH@Z 0000000180048370 f   LIBCMTD:stdexcpt.obj
 0001:000473b0       ??0exception@std@@QEAA@AEBV01@@Z 00000001800483b0 f   LIBCMTD:stdexcpt.obj
 0001:00047400       ??0exception@std@@QEAA@XZ  0000000180048400 f   LIBCMTD:stdexcpt.obj
 0001:00047430       ??1__non_rtti_object@std@@UEAA@XZ 0000000180048430 f   LIBCMTD:stdexcpt.obj
 0001:00047460       ??1bad_cast@std@@UEAA@XZ   0000000180048460 f   LIBCMTD:stdexcpt.obj
 0001:00047490       ??1bad_typeid@std@@UEAA@XZ 0000000180048490 f   LIBCMTD:stdexcpt.obj
 0001:000474c0       ??1exception@std@@UEAA@XZ  00000001800484c0 f   LIBCMTD:stdexcpt.obj
 0001:000474f0       ??4exception@std@@QEAAAEAV01@AEBV01@@Z 00000001800484f0 f   LIBCMTD:stdexcpt.obj
 0001:00047560       ??_E__non_rtti_object@std@@UEAAPEAXI@Z 0000000180048560 f i LIBCMTD:stdexcpt.obj
 0001:00047560       ??_G__non_rtti_object@std@@UEAAPEAXI@Z 0000000180048560 f i LIBCMTD:stdexcpt.obj
 0001:000475a0       ??_Gbad_cast@std@@UEAAPEAXI@Z 00000001800485a0 f i LIBCMTD:stdexcpt.obj
 0001:000475a0       ??_Ebad_cast@std@@UEAAPEAXI@Z 00000001800485a0 f i LIBCMTD:stdexcpt.obj
 0001:000475e0       ??_Gbad_typeid@std@@UEAAPEAXI@Z 00000001800485e0 f i LIBCMTD:stdexcpt.obj
 0001:000475e0       ??_Ebad_typeid@std@@UEAAPEAXI@Z 00000001800485e0 f i LIBCMTD:stdexcpt.obj
 0001:00047620       ??_Gexception@std@@UEAAPEAXI@Z 0000000180048620 f i LIBCMTD:stdexcpt.obj
 0001:00047620       ??_Eexception@std@@UEAAPEAXI@Z 0000000180048620 f i LIBCMTD:stdexcpt.obj
 0001:00047660       ?_Copy_str@exception@std@@AEAAXPEBD@Z 0000000180048660 f   LIBCMTD:stdexcpt.obj
 0001:000476d0       ?_Tidy@exception@std@@AEAAXXZ 00000001800486d0 f   LIBCMTD:stdexcpt.obj
 0001:00047710       ?what@exception@std@@UEBAPEBDXZ 0000000180048710 f   LIBCMTD:stdexcpt.obj
 0001:00047750       _CxxThrowException         0000000180048750 f   LIBCMTD:throw.obj
 0001:00047870       _wtoi                      0000000180048870 f   LIBCMTD:wtox.obj
 0001:00047890       _wtoi64                    0000000180048890 f   LIBCMTD:wtox.obj
 0001:000478b0       _wtoi64_l                  00000001800488b0 f   LIBCMTD:wtox.obj
 0001:000478e0       _wtoi_l                    00000001800488e0 f   LIBCMTD:wtox.obj
 0001:00047910       _wtol                      0000000180048910 f   LIBCMTD:wtox.obj
 0001:00047930       _wtol_l                    0000000180048930 f   LIBCMTD:wtox.obj
 0001:00047960       _wtoll                     0000000180048960 f   LIBCMTD:wtox.obj
 0001:00047980       _wtoll_l                   0000000180048980 f   LIBCMTD:wtox.obj
 0001:000479b0       wcschr                     00000001800489b0 f   LIBCMTD:wcschr.obj
 0001:00047b10       _wcsicmp                   0000000180048b10 f   LIBCMTD:wcsicmp.obj
 0001:00047d60       _wcsicmp_l                 0000000180048d60 f   LIBCMTD:wcsicmp.obj
 0001:000480d0       _wcsnicmp                  00000001800490d0 f   LIBCMTD:wcsnicmp.obj
 0001:00048370       _wcsnicmp_l                0000000180049370 f   LIBCMTD:wcsnicmp.obj
 0001:00048700       _validate_param_reuseW     0000000180049700 f   LIBCMTD:woutputp.obj
 0001:00048a70       _woutput_p_l               0000000180049a70 f   LIBCMTD:woutputp.obj
 0001:0004cc10       _woutput_s_l               000000018004dc10 f   LIBCMTD:woutputs.obj
 0001:0004e500       _fputwc_nolock             000000018004f500 f   LIBCMTD:fputwc.obj
 0001:0004e960       fputwc                     000000018004f960 f   LIBCMTD:fputwc.obj
 0001:0004ea60       putwc                      000000018004fa60 f   LIBCMTD:fputwc.obj
 0001:0004ea90       _mbtowc_l                  000000018004fa90 f   LIBCMTD:mbtowc.obj
 0001:0004edd0       mbtowc                     000000018004fdd0 f   LIBCMTD:mbtowc.obj
 0001:0004ee00       __lock_fhandle             000000018004fe00 f   LIBCMTD:osfinfo.obj
 0001:0004eed0       _alloc_osfhnd              000000018004fed0 f   LIBCMTD:osfinfo.obj
 0001:0004f1b0       _free_osfhnd               00000001800501b0 f   LIBCMTD:osfinfo.obj
 0001:0004f2e0       _get_osfhandle             00000001800502e0 f   LIBCMTD:osfinfo.obj
 0001:0004f4e0       _open_osfhandle            00000001800504e0 f   LIBCMTD:osfinfo.obj
 0001:0004f750       _set_osfhnd                0000000180050750 f   LIBCMTD:osfinfo.obj
 0001:0004f860       _unlock_fhandle            0000000180050860 f   LIBCMTD:osfinfo.obj
 0001:0004f8a0       _putwch                    00000001800508a0 f   LIBCMTD:putwch.obj
 0001:0004f8e0       _putwch_nolock             00000001800508e0 f   LIBCMTD:putwch.obj
 0001:0004f950       _close                     0000000180050950 f   LIBCMTD:close.obj
 0001:0004fbd0       _close_nolock              0000000180050bd0 f   LIBCMTD:close.obj
 0001:0004fce0       _freebuf                   0000000180050ce0 f   LIBCMTD:_freebuf.obj
 0001:00050490       _strtol_l                  0000000180051490 f   LIBCMTD:strtol.obj
 0001:000504d0       _strtoul_l                 00000001800514d0 f   LIBCMTD:strtol.obj
 0001:00050510       strtol                     0000000180051510 f   LIBCMTD:strtol.obj
 0001:00050580       strtoul                    0000000180051580 f   LIBCMTD:strtol.obj
 0001:000505f0       _vprintf_l                 00000001800515f0 f   LIBCMTD:vprintf.obj
 0001:00050630       _vprintf_p                 0000000180051630 f   LIBCMTD:vprintf.obj
 0001:00050660       _vprintf_p_l               0000000180051660 f   LIBCMTD:vprintf.obj
 0001:000506a0       _vprintf_s_l               00000001800516a0 f   LIBCMTD:vprintf.obj
 0001:000506e0       vprintf                    00000001800516e0 f   LIBCMTD:vprintf.obj
 0001:00050710       vprintf_helper             0000000180051710 f   LIBCMTD:vprintf.obj
 0001:00050850       vprintf_s                  0000000180051850 f   LIBCMTD:vprintf.obj
 0001:00050880       ?_Name_base@type_info@@CAPEBDPEBV1@PEAU__type_info_node@@@Z 0000000180051880 f   LIBCMTD:typname.obj
 0001:00050a50       ?_Name_base_internal@type_info@@CAPEBDPEBV1@PEAU__type_info_node@@@Z 0000000180051a50 f   LIBCMTD:typname.obj
 0001:00050c50       ?_Type_info_dtor@type_info@@CAXPEAV1@@Z 0000000180051c50 f   LIBCMTD:typname.obj
[...]
 0004:00002ebc       $pdata$?getBasedType@UnDecorator@@CA?AVDName@@XZ 000000018007febc     LIBCMTD:undname.obj
 0004:00002ec8       $pdata$?getBasicDataType@UnDecorator@@CA?AVDName@@AEBV2@@Z 000000018007fec8     LIBCMTD:undname.obj
 0004:00002ed4       $pdata$?getCallIndex@UnDecorator@@CA?AVDName@@XZ 000000018007fed4     LIBCMTD:undname.obj
 0004:00002ee0       $pdata$?getCallingConvention@UnDecorator@@CA?AVDName@@XZ 000000018007fee0     LIBCMTD:undname.obj
 0004:00002eec       $pdata$?getDataIndirectType@UnDecorator@@CA?AVDName@@AEBV2@PEBD0H@Z 000000018007feec     LIBCMTD:undname.obj
 0004:00002ef8       $pdata$?getDataIndirectType@UnDecorator@@CA?AVDName@@XZ 000000018007fef8     LIBCMTD:undname.obj
 0004:00002f04       $pdata$?getDataType@UnDecorator@@CA?AVDName@@PEAV2@@Z 000000018007ff04     LIBCMTD:undname.obj
 0004:00002f10       $pdata$?getDecoratedName@UnDecorator@@CA?AVDName@@XZ 000000018007ff10     LIBCMTD:undname.obj
 0004:00002f1c       $pdata$?getDimension@UnDecorator@@CA?AVDName@@_N@Z 000000018007ff1c     LIBCMTD:undname.obj
 0004:00002f28       $pdata$?getDispatchTarget@UnDecorator@@CA?AVDName@@XZ 000000018007ff28     LIBCMTD:undname.obj
 0004:00002f34       $pdata$?getDisplacement@UnDecorator@@CA?AVDName@@XZ 000000018007ff34     LIBCMTD:undname.obj
 0004:00002f40       $pdata$?getECSUDataType@UnDecorator@@CA?AVDName@@XZ 000000018007ff40     LIBCMTD:undname.obj
 0004:00002f4c       $pdata$?getECSUName@UnDecorator@@CA?AVDName@@XZ 000000018007ff4c     LIBCMTD:undname.obj
 0004:00002f58       $pdata$?getEnumType@UnDecorator@@CA?AVDName@@XZ 000000018007ff58     LIBCMTD:undname.obj
 0004:00002f64       $pdata$?getExtendedDataIndirectType@UnDecorator@@CA?AVDName@@AEAPEBDAEA_NH@Z 000000018007ff64     LIBCMTD:undname.obj
 0004:00002f70       $pdata$?getExternalDataType@UnDecorator@@CA?AVDName@@AEBV2@@Z 000000018007ff70     LIBCMTD:undname.obj
 0004:00002f7c       $pdata$?getFunctionIndirectType@UnDecorator@@CA?AVDName@@AEBV2@@Z 000000018007ff7c     LIBCMTD:undname.obj
 0004:00002f88       $pdata$?getGuardNumber@UnDecorator@@CA?AVDName@@XZ 000000018007ff88     LIBCMTD:undname.obj
 0004:00002f94       $pdata$?getLastChar@DName@@QEBADXZ 000000018007ff94     LIBCMTD:undname.obj
 0004:00002fa0       $pdata$?getLastChar@DNameStatusNode@@UEBADXZ 000000018007ffa0     LIBCMTD:undname.obj
 0004:00002fac       $pdata$?getLastChar@pDNameNode@@UEBADXZ 000000018007ffac     LIBCMTD:undname.obj
 0004:00002fb8       $pdata$?getLastChar@pairNode@@UEBADXZ 000000018007ffb8     LIBCMTD:undname.obj
 0004:00002fc4       $pdata$?getLastChar@pcharNode@@UEBADXZ 000000018007ffc4     LIBCMTD:undname.obj
 0004:00002fd0       $pdata$?getLexicalFrame@UnDecorator@@CA?AVDName@@XZ 000000018007ffd0     LIBCMTD:undname.obj
 0004:00002fdc       $pdata$?getMemory@_HeapManager@@QEAAPEAX_KH@Z 000000018007ffdc     LIBCMTD:undname.obj
 0004:00002fe8       $pdata$?getNumberOfDimensions@UnDecorator@@CAHXZ 000000018007ffe8     LIBCMTD:undname.obj
 0004:00002ff4       $pdata$?getOperatorName@UnDecorator@@CA?AVDName@@_NPEA_N@Z 000000018007fff4     LIBCMTD:undname.obj
 0004:00003000       $pdata$?getPointerType@UnDecorator@@CA?AVDName@@AEBV2@0@Z 0000000180080000     LIBCMTD:undname.obj
 0004:0000300c       $pdata$?getPointerTypeArray@UnDecorator@@CA?AVDName@@AEBV2@0@Z 000000018008000c     LIBCMTD:undname.obj
 0004:00003018       $pdata$?getPrimaryDataType@UnDecorator@@CA?AVDName@@AEBV2@@Z 0000000180080018     LIBCMTD:undname.obj
 0004:00003024       $pdata$?getPtrRefDataType@UnDecorator@@CA?AVDName@@AEBV2@H@Z 0000000180080024     LIBCMTD:undname.obj
 0004:00003030       $pdata$?getPtrRefType@UnDecorator@@CA?AVDName@@AEBV2@0PEBD@Z 0000000180080030     LIBCMTD:undname.obj
 0004:0000303c       $pdata$?getReferenceType@UnDecorator@@CA?AVDName@@AEBV2@0PEBD@Z 000000018008003c     LIBCMTD:undname.obj
 0004:00003048       $pdata$?getRestrictionSpec@UnDecorator@@CA?AVDName@@XZ 0000000180080048     LIBCMTD:undname.obj
 0004:00003054       $pdata$?getReturnType@UnDecorator@@CA?AVDName@@PEAV2@@Z 0000000180080054     LIBCMTD:undname.obj
 0004:00003060       $pdata$?getScope@UnDecorator@@CA?AVDName@@XZ 0000000180080060     LIBCMTD:undname.obj
 0004:0000306c       $pdata$?getScopedName@UnDecorator@@CA?AVDName@@XZ 000000018008006c     LIBCMTD:undname.obj
 0004:00003078       $pdata$?getSignedDimension@UnDecorator@@CA?AVDName@@XZ 0000000180080078     LIBCMTD:undname.obj
 0004:00003084       $pdata$?getStorageConvention@UnDecorator@@CA?AVDName@@XZ 0000000180080084     LIBCMTD:undname.obj
 0004:00003090       $pdata$?getString@DName@@QEBAPEADPEAD0@Z 0000000180080090     LIBCMTD:undname.obj
 0004:0000309c       $pdata$?getString@DName@@QEBAPEADPEADH@Z 000000018008009c     LIBCMTD:undname.obj
 0004:000030a8       $pdata$?getString@DNameStatusNode@@UEBAPEADPEAD0@Z 00000001800800a8     LIBCMTD:undname.obj
 0004:000030b4       $pdata$?getString@pDNameNode@@UEBAPEADPEAD0@Z 00000001800800b4     LIBCMTD:undname.obj
 0004:000030c0       $pdata$?getString@pairNode@@UEBAPEADPEAD0@Z 00000001800800c0     LIBCMTD:undname.obj
 0004:000030cc       $pdata$?getString@pcharNode@@UEBAPEADPEAD0@Z 00000001800800cc     LIBCMTD:undname.obj
 0004:000030d8       $pdata$?getStringEncoding@UnDecorator@@CA?AVDName@@PEADH@Z 00000001800800d8     LIBCMTD:undname.obj
 0004:000030e4       $pdata$?getStringHelper@@YAPEADPEAD00H@Z 00000001800800e4     LIBCMTD:undname.obj
 0004:000030f0       $pdata$?getSymbolName@UnDecorator@@CA?AVDName@@XZ 00000001800800f0     LIBCMTD:undname.obj
 0004:000030fc       $pdata$?getTemplateArgumentList@UnDecorator@@CA?AVDName@@XZ 00000001800800fc     LIBCMTD:undname.obj
 0004:00003108       $pdata$?getTemplateConstant@UnDecorator@@CA?AVDName@@XZ 0000000180080108     LIBCMTD:undname.obj
 0004:00003114       $pdata$?getTemplateName@UnDecorator@@CA?AVDName@@_N@Z 0000000180080114     LIBCMTD:undname.obj
 0004:00003120       $pdata$?getThisType@UnDecorator@@CA?AVDName@@XZ 0000000180080120     LIBCMTD:undname.obj
 0004:0000312c       $pdata$?getThrowTypes@UnDecorator@@CA?AVDName@@XZ 000000018008012c     LIBCMTD:undname.obj
 0004:00003138       $pdata$?getTypeEncoding@UnDecorator@@CAHXZ 0000000180080138     LIBCMTD:undname.obj
 0004:00003144       $pdata$?getVCallThunkType@UnDecorator@@CA?AVDName@@XZ 0000000180080144     LIBCMTD:undname.obj
 0004:00003150       $pdata$?getVbTableType@UnDecorator@@CA?AVDName@@AEBV2@@Z 0000000180080150     LIBCMTD:undname.obj
 0004:0000315c       $pdata$?getVdispMapType@UnDecorator@@CA?AVDName@@AEBV2@@Z 000000018008015c     LIBCMTD:undname.obj
 0004:00003168       $pdata$?getVfTableType@UnDecorator@@CA?AVDName@@AEBV2@@Z 0000000180080168     LIBCMTD:undname.obj
 0004:00003174       $pdata$?getZName@UnDecorator@@CA?AVDName@@_N0@Z 0000000180080174     LIBCMTD:undname.obj
 0004:00003180       $pdata$?isEmpty@DName@@QEBAHXZ 0000000180080180     LIBCMTD:undname.obj
 0004:0000318c       $pdata$?isFull@Replicator@@QEBAHXZ 000000018008018c     LIBCMTD:undname.obj
 0004:00003198       $pdata$?isUDC@DName@@QEBAHXZ 0000000180080198     LIBCMTD:undname.obj
 0004:000031a4       $pdata$?isUDTThunk@DName@@QEBAHXZ 00000001800801a4     LIBCMTD:undname.obj
 0004:000031b0       $pdata$?isValid@DName@@QEBAHXZ 00000001800801b0     LIBCMTD:undname.obj
 0004:000031bc       $pdata$?length@DName@@QEBAHXZ 00000001800801bc     LIBCMTD:undname.obj
 0004:000031c8       $pdata$?length@pDNameNode@@UEBAHXZ 00000001800801c8     LIBCMTD:undname.obj
 0004:000031d4       $pdata$?length@pairNode@@UEBAHXZ 00000001800801d4     LIBCMTD:undname.obj
 0004:000031e0       $pdata$?make@DNameStatusNode@@SAPEAV1@W4DNameStatus@@@Z 00000001800801e0     LIBCMTD:undname.obj
 0004:000031ec       $pdata$?setIsUDC@DName@@QEAAXXZ 00000001800801ec     LIBCMTD:undname.obj
 0004:000031f8       $pdata$?und_memcpy@@YAXPEADPEBDI@Z 00000001800801f8     LIBCMTD:undname.obj
 0004:00003204       $pdata$?und_strlen@@YAIPEBD@Z 0000000180080204     LIBCMTD:undname.obj
 0004:00003210       $pdata$__unDName           0000000180080210     LIBCMTD:undname.obj
 0004:0000321c       $pdata$__unDNameEx         000000018008021c     LIBCMTD:undname.obj
 0004:00003228       $pdata$_wcstod_l           0000000180080228     LIBCMTD:wcstod.obj
 0004:00003234       $pdata$wcstod              0000000180080234     LIBCMTD:wcstod.obj
 0004:00003240       $pdata$__crtLCMapStringW   0000000180080240     LIBCMTD:w_map.obj
 0004:0000324c       $pdata$_get_purecall_handler 000000018008024c     LIBCMTD:purevirt.obj
 0004:00003258       $pdata$_purecall           0000000180080258     LIBCMTD:purevirt.obj
 0004:00003264       $pdata$_set_purecall_handler 0000000180080264     LIBCMTD:purevirt.obj
 0004:00003270       $pdata$_atoi64             0000000180080270     LIBCMTD:atox.obj
 0004:0000327c       $pdata$_atoi64_l           000000018008027c     LIBCMTD:atox.obj
 0004:00003288       $pdata$_atoi_l             0000000180080288     LIBCMTD:atox.obj
 0004:00003294       $pdata$_atol_l             0000000180080294     LIBCMTD:atox.obj
 0004:000032a0       $pdata$_atoll_l            00000001800802a0     LIBCMTD:atox.obj
 0004:000032ac       $pdata$atoi                00000001800802ac     LIBCMTD:atox.obj
 0004:000032b8       $pdata$atol                00000001800802b8     LIBCMTD:atox.obj
 0004:000032c4       $pdata$atoll               00000001800802c4     LIBCMTD:atox.obj
 0004:000032d0       $pdata$_wfltin2            00000001800802d0     LIBCMTD:wcfin.obj
 0004:000032dc       $pdata$?strtoxq@@YA_KPEAUlocaleinfo_struct@@PEBDPEAPEBDHH@Z 00000001800802dc     LIBCMTD:strtoq.obj
 0004:000032e8       $pdata$_strtof_l           00000001800802e8     LIBCMTD:strtoq.obj
 0004:000032f4       $pdata$_strtoi64           00000001800802f4     LIBCMTD:strtoq.obj
 0004:00003300       $pdata$_strtoi64_l         0000000180080300     LIBCMTD:strtoq.obj
 0004:0000330c       $pdata$_strtoimax_l        000000018008030c     LIBCMTD:strtoq.obj
 0004:00003318       $pdata$_strtold_l          0000000180080318     LIBCMTD:strtoq.obj
 0004:00003324       $pdata$_strtoll_l          0000000180080324     LIBCMTD:strtoq.obj
 0004:00003330       $pdata$_strtoui64          0000000180080330     LIBCMTD:strtoq.obj
 0004:0000333c       $pdata$_strtoui64_l        000000018008033c     LIBCMTD:strtoq.obj
 0004:00003348       $pdata$_strtoull_l         0000000180080348     LIBCMTD:strtoq.obj
 0004:00003354       $pdata$_strtoumax_l        0000000180080354     LIBCMTD:strtoq.obj
 0004:00003360       $pdata$strtof              0000000180080360     LIBCMTD:strtoq.obj
 0004:0000336c       $pdata$strtoimax           000000018008036c     LIBCMTD:strtoq.obj
 0004:00003378       $pdata$strtold             0000000180080378     LIBCMTD:strtoq.obj
 0004:00003384       $pdata$strtoll             0000000180080384     LIBCMTD:strtoq.obj
 0004:00003390       $pdata$strtoull            0000000180080390     LIBCMTD:strtoq.obj
 0004:0000339c       $pdata$strtoumax           000000018008039c     LIBCMTD:strtoq.obj
 0004:000033a8       $pdata$__WSTRINGTOLD_L     00000001800803a8     LIBCMTD:wstrgtold.obj
 0004:000033b4       $pdata$__wstrgtold12_l     00000001800803b4     LIBCMTD:wstrgtold.obj
 0004:000033c0       $pdata$_strtod_l           00000001800803c0     LIBCMTD:strtod.obj
 0004:000033cc       $pdata$strtod              00000001800803cc     LIBCMTD:strtod.obj
 0004:000033d8       $pdata$_fltin2             00000001800803d8     LIBCMTD:cfin.obj
 0004:000033e4       $pdata$_CRT_INIT$fin$0     00000001800803e4     LIBCMTD:dllcrt0.obj
 0004:000033f0       $pdata$__DllMainCRTStartup$filt$0 00000001800803f0     LIBCMTD:dllcrt0.obj
 0004:000033fc       $pdata$_freefls$fin$0      00000001800803fc     LIBCMTD:tidtable.obj
 0004:00003408       $pdata$_freefls$fin$1      0000000180080408     LIBCMTD:tidtable.obj
 0004:00003414       $pdata$_initptd$fin$0      0000000180080414     LIBCMTD:tidtable.obj
 0004:00003420       $pdata$_initptd$fin$1      0000000180080420     LIBCMTD:tidtable.obj
 0004:0000342c       $pdata$doexit$fin$0        000000018008042c     LIBCMTD:crt0dat.obj
 0004:00003438       $pdata$_ioinit$fin$0       0000000180080438     LIBCMTD:ioinit.obj
 0004:00003444       $pdata$?fin$0@?0??_CrtMemDumpAllObjectsSince_stat@@YAXPEBU_CrtMemState@@PEAUlocaleinfo_struct@@@Z@4HA 0000000180080444     LIBCMTD:dbgheap.obj
 0004:00003450       $pdata$?filt$0@?0??__crtIsBadReadPtr@@YAHPEBX_K@Z@4HA 0000000180080450     LIBCMTD:dbgheap.obj
 0004:0000345c       $pdata$_CrtCheckMemory$fin$0 000000018008045c     LIBCMTD:dbgheap.obj
 0004:00003468       $pdata$_CrtDoForAllClientObjects$fin$0 0000000180080468     LIBCMTD:dbgheap.obj
 0004:00003474       $pdata$_CrtIsMemoryBlock$fin$0 0000000180080474     LIBCMTD:dbgheap.obj
 0004:00003480       $pdata$_CrtMemCheckpoint$fin$0 0000000180080480     LIBCMTD:dbgheap.obj
 0004:0000348c       $pdata$_CrtSetDbgBlockType$fin$0 000000018008048c     LIBCMTD:dbgheap.obj
 0004:00003498       $pdata$_CrtSetDbgFlag$fin$0 0000000180080498     LIBCMTD:dbgheap.obj
 0004:000034a4       $pdata$_expand_dbg$fin$0   00000001800804a4     LIBCMTD:dbgheap.obj
 0004:000034b0       $pdata$_free_dbg$fin$0     00000001800804b0     LIBCMTD:dbgheap.obj
 0004:000034bc       $pdata$_heap_alloc_dbg_impl$fin$0 00000001800804bc     LIBCMTD:dbgheap.obj
 0004:000034c8       $pdata$_msize_dbg$fin$0    00000001800804c8     LIBCMTD:dbgheap.obj
 0004:000034d4       $pdata$_realloc_dbg$fin$0  00000001800804d4     LIBCMTD:dbgheap.obj
 0004:000034e0       $pdata$_mtinitlocknum$fin$0 00000001800804e0     LIBCMTD:mlock.obj
 0004:000034ec       $pdata$__updatetlocinfo$fin$0 00000001800804ec     LIBCMTD:localref.obj
 0004:000034f8       $pdata$?dtor$0@?0??getSystemCP@@YAHH@Z@4HA 00000001800804f8     LIBCMTD:mbctype.obj
 0004:00003504       $pdata$__updatetmbcinfo$fin$0 0000000180080504     LIBCMTD:mbctype.obj
 0004:00003510       $pdata$_setmbcp$fin$0      0000000180080510     LIBCMTD:mbctype.obj
 0004:0000351c       $pdata$_ctrlfp$filt$0      000000018008051c     LIBCMTD:fpctrl.obj
 0004:00003528       $pdata$_CrtSetReportHookW2$fin$0 0000000180080528     LIBCMTD:dbgrptw.obj
 0004:00003534       $pdata$_IsNonwritableInCurrentImage$filt$0 0000000180080534     LIBCMTD:pesect.obj
 0004:00003540       $pdata$_onexit$fin$0       0000000180080540     LIBCMTD:onexit.obj
 0004:0000354c       $pdata$?filt$0@?0??_inconsistency@@YAXXZ@4HA 000000018008054c     LIBCMTD:hooks.obj
 0004:00003558       $pdata$?filt$0@?0??terminate@@YAXXZ@4HA 0000000180080558     LIBCMTD:hooks.obj
 0004:00003564       $pdata$ctrlevent_capture$fin$0 0000000180080564     LIBCMTD:winsig.obj
 0004:00003570       $pdata$raise$fin$0         0000000180080570     LIBCMTD:winsig.obj
 0004:0000357c       $pdata$signal$fin$0        000000018008057c     LIBCMTD:winsig.obj
 0004:00003588       $pdata$?dtor$0@?0??x_ismbbtype_l@@YAHPEAUlocaleinfo_struct@@IHH@Z@4HA 0000000180080588     LIBCMTD:ismbbyte.obj
 0004:00003594       $pdata$_CrtSetReportHook2$fin$0 0000000180080594     LIBCMTD:dbgrpt.obj
 0004:000035a0       $pdata$_CallSETranslator$filt$0 00000001800805a0     LIBCMTD:trnsctrl.obj
 0004:000035ac       $pdata$_free_locale$fin$0  00000001800805ac     LIBCMTD:wsetloca.obj
 0004:000035b8       $pdata$_free_locale$fin$1  00000001800805b8     LIBCMTD:wsetloca.obj
 0004:000035c4       $pdata$_get_current_locale$fin$0 00000001800805c4     LIBCMTD:wsetloca.obj
 0004:000035d0       $pdata$_get_current_locale$fin$1 00000001800805d0     LIBCMTD:wsetloca.obj
 0004:000035dc       $pdata$_locterm$fin$0      00000001800805dc     LIBCMTD:wsetloca.obj
 0004:000035e8       $pdata$_wsetlocale$fin$0   00000001800805e8     LIBCMTD:wsetloca.obj
 0004:000035f4       $pdata$_wsetlocale$fin$1   00000001800805f4     LIBCMTD:wsetloca.obj
 0004:00003600       $pdata$_wsetlocale$fin$2   0000000180080600     LIBCMTD:wsetloca.obj
 0004:0000360c       $pdata$_VCrtDbgReportA$fin$0 000000018008060c     LIBCMTD:dbgrptt.obj
 0004:00003618       $pdata$_VCrtDbgReportA$fin$1 0000000180080618     LIBCMTD:dbgrptt.obj
 0004:00003624       $pdata$_VCrtDbgReportW$fin$0 0000000180080624     LIBCMTD:dbgrptt.obj
 0004:00003630       $pdata$_VCrtDbgReportW$fin$1 0000000180080630     LIBCMTD:dbgrptt.obj
 0004:0000363c       $pdata$fflush$fin$0        000000018008063c     LIBCMTD:fflush.obj
 0004:00003648       $pdata$flsall$fin$0        0000000180080648     LIBCMTD:fflush.obj
 0004:00003654       $pdata$flsall$fin$1        0000000180080654     LIBCMTD:fflush.obj
 0004:00003660       $pdata$_fcloseall$fin$0    0000000180080660     LIBCMTD:closeall.obj
 0004:0000366c       $pdata$_control87$filt$0   000000018008066c     LIBCMTD:ieee.obj
 0004:00003678       $pdata$__BuildCatchObject$filt$0 0000000180080678     LIBCMTD:frame.obj
 0004:00003684       $pdata$__BuildCatchObjectHelper$filt$0 0000000180080684     LIBCMTD:frame.obj
 0004:00003690       $pdata$__CxxCallCatchBlock$filt$0 0000000180080690     LIBCMTD:frame.obj
 0004:0000369c       $pdata$__CxxCallCatchBlock$fin$1 000000018008069c     LIBCMTD:frame.obj
 0004:000036a8       $pdata$__CxxExceptionFilter$fin$0 00000001800806a8     LIBCMTD:frame.obj
 0004:000036b4       $pdata$__DestructExceptionObject$filt$0 00000001800806b4     LIBCMTD:frame.obj
 0004:000036c0       $pdata$__FrameUnwindToState$filt$0 00000001800806c0     LIBCMTD:frame.obj
 0004:000036cc       $pdata$__FrameUnwindToState$fin$1 00000001800806cc     LIBCMTD:frame.obj
 0004:000036d8       $pdata$_commit$fin$0       00000001800806d8     LIBCMTD:commit.obj
 0004:000036e4       $pdata$_write$fin$0        00000001800806e4     LIBCMTD:write.obj
 0004:000036f0       $pdata$fclose$fin$0        00000001800806f0     LIBCMTD:fclose.obj
 0004:000036fc       $pdata$_lseeki64$fin$0     00000001800806fc     LIBCMTD:lseeki64.obj
 0004:00003708       $pdata$printf$fin$0        0000000180080708     LIBCMTD:printf.obj
 0004:00003714       $pdata$?fin$0@?0???3@YAXPEAX@Z@4HA 0000000180080714     LIBCMTD:dbgdel.obj
 0004:00003720       $pdata$fputwc$fin$0        0000000180080720     LIBCMTD:fputwc.obj
 0004:0000372c       $pdata$__lock_fhandle$fin$0 000000018008072c     LIBCMTD:osfinfo.obj
 0004:00003738       $pdata$_alloc_osfhnd$fin$0 0000000180080738     LIBCMTD:osfinfo.obj
 0004:00003744       $pdata$_alloc_osfhnd$fin$1 0000000180080744     LIBCMTD:osfinfo.obj
 0004:00003750       $pdata$_open_osfhandle$fin$0 0000000180080750     LIBCMTD:osfinfo.obj
 0004:0000375c       $pdata$_putwch$fin$0       000000018008075c     LIBCMTD:putwch.obj
 0004:00003768       $pdata$_close$fin$0        0000000180080768     LIBCMTD:close.obj
 0004:00003774       $pdata$?dtor$0@?0??strtoxl@@YAKPEAUlocaleinfo_struct@@PEBDPEAPEBDHH@Z@4HA 0000000180080774     LIBCMTD:strtol.obj
 0004:00003780       $pdata$vprintf_helper$fin$0 0000000180080780     LIBCMTD:vprintf.obj
 0004:0000378c       $pdata$?fin$0@?0??_Name_base@type_info@@CAPEBDPEBV1@PEAU__type_info_node@@@Z@4HA 000000018008078c     LIBCMTD:typname.obj
 0004:00003798       $pdata$?fin$0@?0??_Name_base_internal@type_info@@CAPEBDPEBV1@PEAU__type_info_node@@@Z@4HA 0000000180080798     LIBCMTD:typname.obj
 0004:000037a4       $pdata$?fin$0@?0??_Type_info_dtor@type_info@@CAXPEAV1@@Z@4HA 00000001800807a4     LIBCMTD:typname.obj
 0004:000037b0       $pdata$?fin$0@?0??_Type_info_dtor_internal@type_info@@CAXPEAV1@@Z@4HA 00000001800807b0     LIBCMTD:typname.obj
 0004:000037bc       $pdata$__clean_type_info_names_internal$fin$0 00000001800807bc     LIBCMTD:typname.obj
 0004:000037c8       $pdata$?dtor$0@?0??wcstoxq@@YA_KPEAUlocaleinfo_struct@@PEB_WPEAPEB_WHH@Z@4HA 00000001800807c8     LIBCMTD:wcstoq.obj
 0004:000037d4       $pdata$?dtor$0@?0??make@DNameStatusNode@@SAPEAV1@W4DNameStatus@@@Z@4HA 00000001800807d4     LIBCMTD:undname.obj
 0004:000037e0       $pdata$__unDName$fin$0     00000001800807e0     LIBCMTD:undname.obj
 0004:000037ec       $pdata$__unDNameEx$fin$0   00000001800807ec     LIBCMTD:undname.obj
 0004:000037f8       $pdata$?dtor$0@?0??strtoxq@@YA_KPEAUlocaleinfo_struct@@PEBDPEAPEBDHH@Z@4HA 00000001800807f8     LIBCMTD:strtoq.obj
