 win32_handmade

 Timestamp is 58c91231 (Wed Mar 15 03:06:41 2017)

 Preferred load address is 0000000140000000

 Start         Length     Name                   Class
 0001:00000000 0002931cH .text$mn                CODE
 0001:00029320 0000057bH .text$x                 CODE
 0002:00000000 00000390H .idata$5                DATA
 0002:00000390 00000008H .CRT$XCA                DATA
 0002:00000398 00000008H .CRT$XCZ                DATA
 0002:000003a0 00000008H .CRT$XIA                DATA
 0002:000003a8 00000020H .CRT$XIC                DATA
 0002:000003c8 00000008H .CRT$XIY                DATA
 0002:000003d0 00000008H .CRT$XIZ                DATA
 0002:000003d8 00000008H .CRT$XPA                DATA
 0002:000003e0 00000010H .CRT$XPX                DATA
 0002:000003f0 00000008H .CRT$XPXA               DATA
 0002:000003f8 00000008H .CRT$XPZ                DATA
 0002:00000400 00000008H .CRT$XTA                DATA
 0002:00000408 00000008H .CRT$XTZ                DATA
 0002:00000410 0000ac60H .rdata                  DATA
 0002:0000b070 0000006cH .rdata$debug            DATA
 0002:0000b0e0 0000016cH .rdata$r                DATA
 0002:0000b250 00000008H .rtc$IAA                DATA
 0002:0000b258 00000008H .rtc$IZZ                DATA
 0002:0000b260 00000008H .rtc$TAA                DATA
 0002:0000b268 00000008H .rtc$TZZ                DATA
 0002:0000b270 00000c2cH .xdata                  DATA
 0002:0000bea0 00000084H .xdata$x                DATA
 0002:0000bf24 00000000H .edata                  DATA
 0002:0000bf24 00000050H .idata$2                DATA
 0002:0000bf74 00000014H .idata$3                DATA
 0002:0000bf88 00000390H .idata$4                DATA
 0002:0000c318 000007deH .idata$6                DATA
 0003:00000000 00001668H .data                   DATA
 0003:00001668 00000070H .data$r                 DATA
 0003:000016e0 00002538H .bss                    DATA
 0004:00000000 0000147cH .pdata                  DATA

  Address         Publics by Value              Rva+Base               Lib:Object

 0000:00000000       __guard_fids_count         0000000000000000     <absolute>
 0000:00000000       __guard_flags              0000000000000000     <absolute>
 0000:00000000       __guard_fids_table         0000000000000000     <absolute>
 0000:00000000       ___safe_se_handler_count   0000000000000000     <absolute>
 0000:00000000       ___safe_se_handler_table   0000000000000000     <absolute>
 0000:00000000       __ImageBase                0000000140000000     <linker-defined>
 0001:00000000       WinMain                    0000000140001000 f   win32_handmade.obj
 0001:00001640       ?XInputGetStateStub@@YAKKPEAU_XINPUT_STATE@@@Z 0000000140002640 f   win32_handmade.obj
 0001:00001660       ?XInputSetStateStub@@YAKKPEAU_XINPUT_VIBRATION@@@Z 0000000140002660 f   win32_handmade.obj
 0001:000018e0       ?DEBUGPlatformFreeFileMemory@@YAXPEAUthread_context@@PEAX@Z 00000001400028e0 f   win32_handmade.obj
 0001:00001920       ?DEBUGPlatformReadEntireFile@@YA?AUdebug_read_file_result@@PEAUthread_context@@PEAD@Z 0000000140002920 f   win32_handmade.obj
 0001:00001a70       ?DEBUGPlatformWriteEntireFile@@YAHPEAUthread_context@@PEADIPEAX@Z 0000000140002a70 f   win32_handmade.obj
 0001:000026c0       ?Win32FillSoundBuffer@@YAXPEAUwin32_sound_output@@KKPEAUgame_sound_output_buffer@@@Z 00000001400036c0 f   win32_handmade.obj
 0001:000032c0       ?Win32GetLastWriteTime@@YA?AU_FILETIME@@PEAD@Z 00000001400042c0 f i win32_handmade.obj
 0001:00003330       ?Win32GetSecondsElapsed@@YAMT_LARGE_INTEGER@@0@Z 0000000140004330 f i win32_handmade.obj
 0001:00003370       ?Win32GetWallClock@@YA?AT_LARGE_INTEGER@@XZ 0000000140004370 f i win32_handmade.obj
 0001:00003390       GetController              0000000140004390 f i win32_handmade.obj
 0001:000033e0       SafeTruncateUInt64         00000001400043e0 f i win32_handmade.obj
 0001:00003410       __GSHandlerCheck           0000000140004410 f   LIBCMTD:gshandler.obj
 0001:00003450       __GSHandlerCheckCommon     0000000140004450 f   LIBCMTD:gshandler.obj
 0001:00003560       _alloca_probe              0000000140004560 f   LIBCMTD:chkstk.obj
 0001:00003560       __chkstk                   0000000140004560 f   LIBCMTD:chkstk.obj
 0001:000035c0       __security_check_cookie    00000001400045c0 f   LIBCMTD:amdsecgs.obj
 0001:000035e0       _fpmath                    00000001400045e0 f   LIBCMTD:fpinit.obj
 0001:00003600       _cfltcvt_init              0000000140004600 f   LIBCMTD:fpinit.obj
 0001:00003710       WinMainCRTStartup          0000000140004710 f   LIBCMTD:wincrt0.obj
 0001:00003960       __raise_securityfailure    0000000140004960 f   LIBCMTD:gs_report.obj
 0001:000039b0       __report_gsfailure         00000001400049b0 f   LIBCMTD:gs_report.obj
 0001:00003a90       __report_rangecheckfailure 0000000140004a90 f   LIBCMTD:gs_report.obj
 0001:00003ab0       __report_securityfailure   0000000140004ab0 f   LIBCMTD:gs_report.obj
 0001:00003b50       ??0_LocaleUpdate@@QEAA@PEAUlocaleinfo_struct@@@Z 0000000140004b50 f i LIBCMTD:cvt.obj
 0001:00003c90       ??1_LocaleUpdate@@QEAA@XZ  0000000140004c90 f i LIBCMTD:cvt.obj
 0001:00003cd0       ?GetLocaleT@_LocaleUpdate@@QEAAPEAUlocaleinfo_struct@@XZ 0000000140004cd0 f i LIBCMTD:cvt.obj
 0001:00003ce0       ?strrchr@@YAPEADPEADH@Z    0000000140004ce0 f i LIBCMTD:cvt.obj
 0001:00003d00       _cfltcvt                   0000000140004d00 f   LIBCMTD:cvt.obj
 0001:00003d50       _cfltcvt_l                 0000000140004d50 f   LIBCMTD:cvt.obj
 0001:00003e70       _cftoa_l                   0000000140004e70 f   LIBCMTD:cvt.obj
 0001:00004970       _cftoe                     0000000140005970 f   LIBCMTD:cvt.obj
 0001:00004f90       _cftoe_l                   0000000140005f90 f   LIBCMTD:cvt.obj
 0001:00005690       _cftof_l                   0000000140006690 f   LIBCMTD:cvt.obj
 0001:00005970       _cftog_l                   0000000140006970 f   LIBCMTD:cvt.obj
 0001:00005d30       _cropzeros                 0000000140006d30 f   LIBCMTD:cvt.obj
 0001:00005d50       _cropzeros_l               0000000140006d50 f   LIBCMTD:cvt.obj
 0001:00005ed0       _fassign                   0000000140006ed0 f   LIBCMTD:cvt.obj
 0001:00005f00       _fassign_l                 0000000140006f00 f   LIBCMTD:cvt.obj
 0001:00005f70       _forcdecpt                 0000000140006f70 f   LIBCMTD:cvt.obj
 0001:00005f90       _forcdecpt_l               0000000140006f90 f   LIBCMTD:cvt.obj
 0001:00006090       _invoke_watson_if_error    0000000140007090 f i LIBCMTD:cvt.obj
 0001:000060e0       _positive                  00000001400070e0 f   LIBCMTD:cvt.obj
 0001:00006170       _initp_misc_cfltcvt_tab    0000000140007170 f   LIBCMTD:cmiscdat.obj
 0001:000061c0       ?__CxxUnhandledExceptionFilter@@YAJPEAU_EXCEPTION_POINTERS@@@Z 00000001400071c0 f   LIBCMTD:unhandld.obj
 0001:00006240       __CxxSetUnhandledExceptionFilter 0000000140007240 f   LIBCMTD:unhandld.obj
 0001:00006260       _XcptFilter                0000000140007260 f   LIBCMTD:winxfltr.obj
 0001:00006590       _freefls                   0000000140007590 f   LIBCMTD:tidtable.obj
 0001:000067a0       _getptd                    00000001400077a0 f   LIBCMTD:tidtable.obj
 0001:000067d0       _getptd_noexit             00000001400077d0 f   LIBCMTD:tidtable.obj
 0001:000068a0       _initptd                   00000001400078a0 f   LIBCMTD:tidtable.obj
 0001:000069d0       _mtinit                    00000001400079d0 f   LIBCMTD:tidtable.obj
 0001:00006a90       _mtterm                    0000000140007a90 f   LIBCMTD:tidtable.obj
 0001:00006ac0       __crtCorExitProcess        0000000140007ac0 f   LIBCMTD:crt0dat.obj
 0001:00006b10       __crtExitProcess           0000000140007b10 f   LIBCMTD:crt0dat.obj
 0001:00006b30       __freeCrtMemory            0000000140007b30 f   LIBCMTD:crt0dat.obj
 0001:00006d60       _amsg_exit                 0000000140007d60 f   LIBCMTD:crt0dat.obj
 0001:00006d90       _c_exit                    0000000140007d90 f   LIBCMTD:crt0dat.obj
 0001:00006db0       _cexit                     0000000140007db0 f   LIBCMTD:crt0dat.obj
 0001:00006dd0       _cinit                     0000000140007dd0 f   LIBCMTD:crt0dat.obj
 0001:00006e80       _exit                      0000000140007e80 f   LIBCMTD:crt0dat.obj
 0001:00006ea0       _init_pointers             0000000140007ea0 f   LIBCMTD:crt0dat.obj
 0001:00006f50       _initterm_e                0000000140007f50 f   LIBCMTD:crt0dat.obj
 0001:00006fb0       _lockexit                  0000000140007fb0 f   LIBCMTD:crt0dat.obj
 0001:00006fd0       _unlockexit                0000000140007fd0 f   LIBCMTD:crt0dat.obj
 0001:00007200       exit                       0000000140008200 f   LIBCMTD:crt0dat.obj
 0001:00007220       _heap_init                 0000000140008220 f   LIBCMTD:heapinit.obj
 0001:00007250       _ioinit                    0000000140008250 f   LIBCMTD:ioinit.obj
 0001:00007830       _set_pgmptr                0000000140008830 f i LIBCMTD:stdargv.obj
 0001:00007850       _setargv                   0000000140008850 f   LIBCMTD:stdargv.obj
 0001:00007eb0       _setenvp                   0000000140008eb0 f   LIBCMTD:stdenvp.obj
 0001:000080c0       _FF_MSGBANNER              00000001400090c0 f   LIBCMTD:crt0msg.obj
 0001:00008110       _GET_RTERRMSG              0000000140009110 f   LIBCMTD:crt0msg.obj
 0001:00008170       _NMSG_WRITE                0000000140009170 f   LIBCMTD:crt0msg.obj
 0001:000085a0       __set_app_type             00000001400095a0 f   LIBCMTD:errmode.obj
 0001:000085b0       _set_error_mode            00000001400095b0 f   LIBCMTD:errmode.obj
 0001:00008bf0       _CrtCheckMemory            0000000140009bf0 f   LIBCMTD:dbgheap.obj
 0001:00009190       _CrtDumpMemoryLeaks        000000014000a190 f   LIBCMTD:dbgheap.obj
 0001:00009250       _CrtGetCheckCount          000000014000a250 f   LIBCMTD:dbgheap.obj
 0001:00009260       _CrtIsValidHeapPointer     000000014000a260 f   LIBCMTD:dbgheap.obj
 0001:000092c0       _CrtIsValidPointer         000000014000a2c0 f   LIBCMTD:dbgheap.obj
 0001:00009300       _CrtMemCheckpoint          000000014000a300 f   LIBCMTD:dbgheap.obj
 0001:00009590       _CrtMemDumpAllObjectsSince 000000014000a590 f   LIBCMTD:dbgheap.obj
 0001:000095e0       _CrtSetCheckCount          000000014000a5e0 f   LIBCMTD:dbgheap.obj
 0001:00009600       _CrtSetDbgFlag             000000014000a600 f   LIBCMTD:dbgheap.obj
 0001:00009740       _calloc_dbg                000000014000a740 f   LIBCMTD:dbgheap.obj
 0001:000097c0       _calloc_dbg_impl           000000014000a7c0 f   LIBCMTD:dbgheap.obj
 0001:00009870       _free_dbg                  000000014000a870 f   LIBCMTD:dbgheap.obj
 0001:000098b0       _free_dbg_nolock           000000014000a8b0 f   LIBCMTD:dbgheap.obj
 0001:0000a440       _invoke_watson_if_oneof    000000014000b440 f i LIBCMTD:dbgheap.obj
 0001:0000a4b0       _malloc_dbg                000000014000b4b0 f   LIBCMTD:dbgheap.obj
 0001:0000a500       _msize_dbg                 000000014000b500 f   LIBCMTD:dbgheap.obj
 0001:0000a750       _nh_malloc_dbg             000000014000b750 f   LIBCMTD:dbgheap.obj
 0001:0000aae0       _realloc_dbg               000000014000bae0 f   LIBCMTD:dbgheap.obj
 0001:0000b450       __security_init_cookie     000000014000c450 f   LIBCMTD:gs_support.obj
 0001:0000b570       _RTC_Initialize            000000014000c570 f   LIBCMTD:initsect.obj
 0001:0000b5b0       _RTC_Terminate             000000014000c5b0 f   LIBCMTD:initsect.obj
 0001:0000b5f0       __crtGetEnvironmentStringsA 000000014000c5f0 f   LIBCMTD:a_env.obj
 0001:0000b7d0       __crtCaptureCurrentContext 000000014000c7d0 f   LIBCMTD:winapisupp.obj
 0001:0000b870       __crtCapturePreviousContext 000000014000c870 f   LIBCMTD:winapisupp.obj
 0001:0000b930       __crtFlsAlloc              000000014000c930 f   LIBCMTD:winapisupp.obj
 0001:0000b980       __crtFlsFree               000000014000c980 f   LIBCMTD:winapisupp.obj
 0001:0000b9d0       __crtFlsGetValue           000000014000c9d0 f   LIBCMTD:winapisupp.obj
 0001:0000ba20       __crtFlsSetValue           000000014000ca20 f   LIBCMTD:winapisupp.obj
 0001:0000ba80       __crtGetShowWindowMode     000000014000ca80 f   LIBCMTD:winapisupp.obj
 0001:0000bac0       __crtInitializeCriticalSectionEx 000000014000cac0 f   LIBCMTD:winapisupp.obj
 0001:0000bb30       __crtIsPackagedApp         000000014000cb30 f   LIBCMTD:winapisupp.obj
 0001:0000bb70       __crtLoadWinApiPointers    000000014000cb70 f   LIBCMTD:winapisupp.obj
 0001:0000c160       __crtSetUnhandledExceptionFilter 000000014000d160 f   LIBCMTD:winapisupp.obj
 0001:0000c180       __crtTerminateProcess      000000014000d180 f   LIBCMTD:winapisupp.obj
 0001:0000c1a0       __crtUnhandledException    000000014000d1a0 f   LIBCMTD:winapisupp.obj
 0001:0000c1d0       _wincmdln                  000000014000d1d0 f   LIBCMTD:wincmdln.obj
 0001:0000c2e0       __C_specific_handler       000000014000d2e0 f   LIBCMTD:chandler.obj
 0001:0000c700       _CrtDefaultAllocHook       000000014000d700 f   LIBCMTD:dbghook.obj
 0001:0000c720       __crt_debugger_hook        000000014000d720 f   LIBCMTD:dbghook.obj
 0001:0000c730       _call_reportfault          000000014000d730 f   LIBCMTD:invarg.obj
 0001:0000c860       _initp_misc_invarg         000000014000d860 f   LIBCMTD:invarg.obj
 0001:0000c880       _invalid_parameter         000000014000d880 f   LIBCMTD:invarg.obj
 0001:0000c910       _invoke_watson             000000014000d910 f   LIBCMTD:invarg.obj
 0001:0000c970       __addlocaleref             000000014000d970 f   LIBCMTD:localref.obj
 0001:0000cac0       __freetlocinfo             000000014000dac0 f   LIBCMTD:localref.obj
 0001:0000ce70       __removelocaleref          000000014000de70 f   LIBCMTD:localref.obj
 0001:0000cfd0       __updatetlocinfo           000000014000dfd0 f   LIBCMTD:localref.obj
 0001:0000d070       _updatetlocinfoEx_nolock   000000014000e070 f   LIBCMTD:localref.obj
 0001:0000d110       __initmbctable             000000014000e110 f   LIBCMTD:mbctype.obj
 0001:0000d7a0       __updatetmbcinfo           000000014000e7a0 f   LIBCMTD:mbctype.obj
 0001:0000d8b0       _setmbcp                   000000014000e8b0 f   LIBCMTD:mbctype.obj
 0001:0000dba0       _setmbcp_nolock            000000014000eba0 f   LIBCMTD:mbctype.obj
 0001:0000dff0       _isdigit_l                 000000014000eff0 f i LIBCMTD:_ctype.obj
 0001:0000e090       isdigit                    000000014000f090 f i LIBCMTD:_ctype.obj
 0001:0000e0d0       _tolower_l                 000000014000f0d0 f   LIBCMTD:tolower.obj
 0001:0000e430       tolower                    000000014000f430 f   LIBCMTD:tolower.obj
 0001:0000e490       memset                     000000014000f490 f   LIBCMTD:memset.obj
 0001:0000e6c0       strcpy_s                   000000014000f6c0 f   LIBCMTD:strcpy_s.obj
 0001:0000eb70       strlen                     000000014000fb70 f   LIBCMTD:strlen.obj
 0001:0000ec30       memcpy                     000000014000fc30 f   LIBCMTD:memcpy.obj
 0001:0000ec30       memmove                    000000014000fc30 f   LIBCMTD:memcpy.obj
 0001:0000f1a0       strrchr                    00000001400101a0 f   LIBCMTD:strrchr.obj
 0001:0000f5c0       _fptostr                   00000001400105c0 f   LIBCMTD:_fptostr.obj
 0001:0000fa20       __crt_atoflt_l             0000000140010a20 f   LIBCMTD:atodbl.obj
 0001:0000fbc0       _atodbl_l                  0000000140010bc0 f   LIBCMTD:atodbl.obj
 0001:0000fd40       _atoflt_l                  0000000140010d40 f   LIBCMTD:atodbl.obj
 0001:0000fd70       __dtold                    0000000140010d70 f   LIBCMTD:cfout.obj
 0001:0000ff20       _fltout2                   0000000140010f20 f   LIBCMTD:cfout.obj
 0001:00010030       __doserrno                 0000000140011030 f   LIBCMTD:dosmap.obj
 0001:00010060       _dosmaperr                 0000000140011060 f   LIBCMTD:dosmap.obj
 0001:00010090       _errno                     0000000140011090 f   LIBCMTD:dosmap.obj
 0001:000100c0       _get_errno_from_oserr      00000001400110c0 f   LIBCMTD:dosmap.obj
 0001:00010150       _CrtDbgReportW             0000000140011150 f   LIBCMTD:dbgrptw.obj
 0001:000101d0       _CrtDbgReportWV            00000001400111d0 f i LIBCMTD:dbgrptw.obj
 0001:00010230       __crtMessageWindowW        0000000140011230 f   LIBCMTD:dbgrptw.obj
 0001:000108b0       _fptrap                    00000001400118b0 f   LIBCMTD:crt0fp.obj
 0001:000108d0       ?_inconsistency@@YAXXZ     00000001400118d0 f   LIBCMTD:hooks.obj
 0001:00010900       ?terminate@@YAXXZ          0000000140011900 f   LIBCMTD:hooks.obj
 0001:00010930       _initp_eh_hooks            0000000140011930 f   LIBCMTD:hooks.obj
 0001:00010960       _lock                      0000000140011960 f   LIBCMTD:mlock.obj
 0001:000109c0       _mtdeletelocks             00000001400119c0 f   LIBCMTD:mlock.obj
 0001:00010ae0       _mtinitlocknum             0000000140011ae0 f   LIBCMTD:mlock.obj
 0001:00010be0       _mtinitlocks               0000000140011be0 f   LIBCMTD:mlock.obj
 0001:00010c80       _unlock                    0000000140011c80 f   LIBCMTD:mlock.obj
 0001:00010cb0       _FindPESection             0000000140011cb0 f   LIBCMTD:pesect.obj
 0001:00010d60       _IsNonwritableInCurrentImage 0000000140011d60 f   LIBCMTD:pesect.obj
 0001:00010df0       _ValidateImageBase         0000000140011df0 f   LIBCMTD:pesect.obj
 0001:00010e70       __onexitinit               0000000140011e70 f   LIBCMTD:onexit.obj
 0001:00010ee0       _onexit                    0000000140011ee0 f   LIBCMTD:onexit.obj
 0001:000110f0       atexit                     00000001400120f0 f   LIBCMTD:onexit.obj
 0001:00011130       _callnewh                  0000000140012130 f   LIBCMTD:handler.obj
 0001:00011170       _initp_heap_handler        0000000140012170 f   LIBCMTD:handler.obj
 0001:00011190       _initp_misc_purevirt       0000000140012190 f   LIBCMTD:inithelp.obj
 0001:000111b0       __get_sigabrt              00000001400121b0 f   LIBCMTD:winsig.obj
 0001:000111d0       _initp_misc_winsig         00000001400121d0 f   LIBCMTD:winsig.obj
 0001:00011210       raise                      0000000140012210 f   LIBCMTD:winsig.obj
 0001:00011680       _initp_misc_rand_s         0000000140012680 f   LIBCMTD:rand_s.obj
 0001:000116b0       _local_unwind              00000001400126b0 f   LIBCMTD:jmpuwind.obj
 0001:000116e0       _NLG_Notify                00000001400126e0 f   LIBCMTD:jmpuwind.obj
 0001:00011700       __NLG_Dispatch2            0000000140012700 f   LIBCMTD:jmpuwind.obj
 0001:00011710       __NLG_Return2              0000000140012710 f   LIBCMTD:jmpuwind.obj
 0001:00011720       __initstdio                0000000140012720 f   LIBCMTD:_file.obj
 0001:00011820       __endstdio                 0000000140012820 f   LIBCMTD:_file.obj
 0001:00011860       __iob_func                 0000000140012860 f   LIBCMTD:_file.obj
 0001:00011870       _lock_file                 0000000140012870 f   LIBCMTD:_file.obj
 0001:00011900       _lock_file2                0000000140012900 f   LIBCMTD:_file.obj
 0001:00011950       _unlock_file               0000000140012950 f   LIBCMTD:_file.obj
 0001:000119e0       _unlock_file2              00000001400129e0 f   LIBCMTD:_file.obj
 0001:00011b00       _ismbblead                 0000000140012b00 f   LIBCMTD:ismbbyte.obj
 0001:00011b30       wcscat_s                   0000000140012b30 f   LIBCMTD:wcscat_s.obj
 0001:00012160       wcscpy_s                   0000000140013160 f   LIBCMTD:wcscpy_s.obj
 0001:00012610       wcslen                     0000000140013610 f   LIBCMTD:wcslen.obj
 0001:00012660       wcsncpy_s                  0000000140013660 f   LIBCMTD:wcsncpy_s.obj
 0001:00012d00       __crtMessageBoxW           0000000140013d00 f   LIBCMTD:crtmboxw.obj
 0001:00013170       __crtMessageBoxWaitThreadW 0000000140014170 f   LIBCMTD:crtmboxw.obj
 0001:000131c0       _chvalidator               00000001400141c0 f   LIBCMTD:isctype.obj
 0001:00013230       _chvalidator_l             0000000140014230 f   LIBCMTD:isctype.obj
 0001:00013340       _isctype_l                 0000000140014340 f   LIBCMTD:isctype.obj
 0001:00013520       _free_base                 0000000140014520 f   LIBCMTD:free.obj
 0001:00013580       _realloc_base              0000000140014580 f   LIBCMTD:realloc.obj
 0001:000136a0       _expand_base               00000001400146a0 f   LIBCMTD:expand.obj
 0001:00013880       _CrtDbgReport              0000000140014880 f   LIBCMTD:dbgrpt.obj
 0001:00013900       _CrtDbgReportV             0000000140014900 f i LIBCMTD:dbgrpt.obj
 0001:00013960       __crtMessageWindowA        0000000140014960 f   LIBCMTD:dbgrpt.obj
 0001:00013fe0       _heapchk                   0000000140014fe0 f   LIBCMTD:heapchk.obj
 0001:00014020       _snprintf_s                0000000140015020 f   LIBCMTD:sprintf.obj
 0001:00014080       sprintf_s                  0000000140015080 f   LIBCMTD:sprintf.obj
 0001:000140d0       _heap_alloc_base           00000001400150d0 f i LIBCMTD:malloc.obj
 0001:00014140       _malloc_base               0000000140015140 f   LIBCMTD:malloc.obj
 0001:000141e0       __free_lconv_mon           00000001400151e0 f   LIBCMTD:initmon.obj
 0001:000143f0       __free_lconv_num           00000001400153f0 f   LIBCMTD:initnum.obj
 0001:000144d0       __free_lc_time             00000001400154d0 f   LIBCMTD:inittime.obj
 0001:00015410       _MallocaIsSizeInRange      0000000140016410 f i LIBCMTD:a_map.obj
 0001:00015450       _MarkAllocaS               0000000140016450 f i LIBCMTD:a_map.obj
 0001:00015480       __crtLCMapStringA          0000000140016480 f   LIBCMTD:a_map.obj
 0001:00015530       _freea                     0000000140016530 f i LIBCMTD:a_map.obj
 0001:00015780       __crtGetStringTypeA        0000000140016780 f   LIBCMTD:a_str.obj
 0001:000158a0       ?_GetEstablisherFrame@@YAPEA_KPEA_KPEAU_xDISPATCHER_CONTEXT@@PEBU_s_FuncInfo@@0@Z 00000001400168a0 f   LIBCMTD:trnsctrl.obj
 0001:00015a10       ?_GetRangeOfTrysToCheck@@YAPEBU_s_TryBlockMapEntry@@PEA_KPEBU_s_FuncInfo@@HHPEAI2PEAU_xDISPATCHER_CONTEXT@@@Z 0000000140016a10 f   LIBCMTD:trnsctrl.obj
 0001:00015c30       ?__FrameUnwindToEmptyState@@YAXPEA_KPEAU_xDISPATCHER_CONTEXT@@PEBU_s_FuncInfo@@@Z 0000000140016c30 f   LIBCMTD:trnsctrl.obj
 0001:00015cd0       ?__SehTransFilter@@YAHPEAU_EXCEPTION_POINTERS@@PEAUEHExceptionRecord@@PEA_KPEAU_CONTEXT@@PEAU_xDISPATCHER_CONTEXT@@PEBU_s_FuncInfo@@PEAH@Z 0000000140016cd0 f   LIBCMTD:trnsctrl.obj
 0001:00015d90       _CallSETranslator          0000000140016d90 f   LIBCMTD:trnsctrl.obj
 0001:00015e10       _CreateFrameInfo           0000000140016e10 f   LIBCMTD:trnsctrl.obj
 0001:00015e90       _FindAndUnlinkFrame        0000000140016e90 f   LIBCMTD:trnsctrl.obj
 0001:00015f20       _GetImageBase              0000000140016f20 f   LIBCMTD:trnsctrl.obj
 0001:00015f40       _GetThrowImageBase         0000000140016f40 f   LIBCMTD:trnsctrl.obj
 0001:00015f60       _IsExceptionObjectToBeDestroyed 0000000140016f60 f   LIBCMTD:trnsctrl.obj
 0001:00015fc0       _SetImageBase              0000000140016fc0 f   LIBCMTD:trnsctrl.obj
 0001:00015fe0       _SetThrowImageBase         0000000140016fe0 f   LIBCMTD:trnsctrl.obj
 0001:00016000       _UnwindNestedFrames        0000000140017000 f   LIBCMTD:trnsctrl.obj
 0001:00016170       __CxxFrameHandler3         0000000140017170 f   LIBCMTD:trnsctrl.obj
 0001:00016230       _locterm                   0000000140017230 f   LIBCMTD:wsetloca.obj
 0001:00016280       _isleadbyte_l              0000000140017280 f i LIBCMTD:_wctype.obj
 0001:000162e0       isleadbyte                 00000001400172e0 f i LIBCMTD:_wctype.obj
 0001:00016300       __isa_available_init       0000000140017300 f   LIBCMTD:cpu_disp.obj
 0001:00016640       _CopyMan                   0000000140017640 f i LIBCMTD:intrncvt.obj
 0001:000166b0       _FillZeroMan               00000001400176b0 f i LIBCMTD:intrncvt.obj
 0001:000166f0       _IncMan                    00000001400176f0 f i LIBCMTD:intrncvt.obj
 0001:000167d0       _IsZeroMan                 00000001400177d0 f i LIBCMTD:intrncvt.obj
 0001:00016810       _RoundMan                  0000000140017810 f i LIBCMTD:intrncvt.obj
 0001:00016920       _ShrMan                    0000000140017920 f i LIBCMTD:intrncvt.obj
 0001:00016a60       _ZeroTail                  0000000140017a60 f i LIBCMTD:intrncvt.obj
 0001:00016b10       __addl                     0000000140017b10 f i LIBCMTD:intrncvt.obj
 0001:00016b70       _ld12cvt                   0000000140017b70 f i LIBCMTD:intrncvt.obj
 0001:00016ee0       _ld12tod                   0000000140017ee0 f   LIBCMTD:intrncvt.obj
 0001:00016f10       _ld12tof                   0000000140017f10 f   LIBCMTD:intrncvt.obj
 0001:00016f40       __ld12mul                  0000000140017f40 f i LIBCMTD:strgtold.obj
 0001:000174b0       __multtenpow12             00000001400184b0 f i LIBCMTD:strgtold.obj
 0001:000175e0       __shl_12                   00000001400185e0 f i LIBCMTD:strgtold.obj
 0001:00017680       __shr_12                   0000000140018680 f i LIBCMTD:strgtold.obj
 0001:00017720       __strgtold12_l             0000000140018720 f   LIBCMTD:strgtold.obj
 0001:00018500       $I10_OUTPUT                0000000140019500 f   LIBCMTD:x10fout.obj
 0001:00018dc0       __add_12                   0000000140019dc0 f i LIBCMTD:x10fout.obj
 0001:00018ea0       memcpy_s                   0000000140019ea0 f   LIBCMTD:memcpy_s.obj
 0001:00019110       _snwprintf_s               000000014001a110 f   LIBCMTD:swprintf.obj
 0001:00019170       _CrtDbgBreak               000000014001a170 f   LIBCMTD:dbgrptt.obj
 0001:00019180       _VCrtDbgReportA            000000014001a180 f   LIBCMTD:dbgrptt.obj
 0001:00019b50       _VCrtDbgReportW            000000014001ab50 f   LIBCMTD:dbgrptt.obj
 0001:0001a690       abort                      000000014001b690 f   LIBCMTD:abort.obj
 0001:0001a720       GetTableIndexFromLocaleName 000000014001b720 f   LIBCMTD:winapinls.obj
 0001:0001a7d0       __crtDownlevelLocaleNameToLCID 000000014001b7d0 f   LIBCMTD:winapinls.obj
 0001:0001a830       __crtLCMapStringEx         000000014001b830 f   LIBCMTD:winapinls.obj
 0001:0001a910       __wcsnicmp_ascii           000000014001b910 f   LIBCMTD:winapinls.obj
 0001:0001aa20       _fileno                    000000014001ba20 f   LIBCMTD:fileno.obj
 0001:0001aae0       _isatty                    000000014001bae0 f   LIBCMTD:isatty.obj
 0001:0001abf0       _fflush_nolock             000000014001bbf0 f   LIBCMTD:fflush.obj
 0001:0001ac70       _flush                     000000014001bc70 f   LIBCMTD:fflush.obj
 0001:0001ad60       _flushall                  000000014001bd60 f   LIBCMTD:fflush.obj
 0001:0001aef0       _fcloseall                 000000014001bef0 f   LIBCMTD:closeall.obj
 0001:0001aff0       _flsbuf                    000000014001bff0 f   LIBCMTD:_flsbuf.obj
 0001:0001b390       _vsnprintf_helper          000000014001c390 f   LIBCMTD:vsnprnc.obj
 0001:0001b670       _vsnprintf_s               000000014001c670 f   LIBCMTD:vsnprnc.obj
 0001:0001b6c0       _vsnprintf_s_l             000000014001c6c0 f   LIBCMTD:vsnprnc.obj
 0001:0001bc60       _vsprintf_s_l              000000014001cc60 f   LIBCMTD:vsnprnc.obj
 0001:0001bff0       get_int64_arg              000000014001cff0 f i LIBCMTD:output.obj
 0001:0001c060       get_int_arg                000000014001d060 f i LIBCMTD:output.obj
 0001:0001c0c0       get_short_arg              000000014001d0c0 f i LIBCMTD:output.obj
 0001:0001c130       free                       000000014001d130 f   LIBCMTD:dbgfree.obj
 0001:0001c150       malloc                     000000014001d150 f   LIBCMTD:dbgmalloc.obj
 0001:0001c190       __DestructExceptionObject  000000014001d190 f   LIBCMTD:frame.obj
 0001:0001c280       ??0bad_exception@std@@QEAA@AEBV01@@Z 000000014001d280 f i LIBCMTD:frame.obj
 0001:0001c2c0       ??0bad_exception@std@@QEAA@PEBD@Z 000000014001d2c0 f i LIBCMTD:frame.obj
 0001:0001c300       ??1bad_exception@std@@UEAA@XZ 000000014001d300 f i LIBCMTD:frame.obj
 0001:0001c330       ??_Ebad_exception@std@@UEAAPEAXI@Z 000000014001d330 f i LIBCMTD:frame.obj
 0001:0001c330       ??_Gbad_exception@std@@UEAAPEAXI@Z 000000014001d330 f i LIBCMTD:frame.obj
 0001:0001d300       __AdjustPointer            000000014001e300 f   LIBCMTD:frame.obj
 0001:0001d380       __BuildCatchObject         000000014001e380 f   LIBCMTD:frame.obj
 0001:0001d4c0       __BuildCatchObjectHelper   000000014001e4c0 f   LIBCMTD:frame.obj
 0001:0001d8f0       __CxxCallCatchBlock        000000014001e8f0 f   LIBCMTD:frame.obj
 0001:0001db60       __FrameUnwindFilter        000000014001eb60 f   LIBCMTD:frame.obj
 0001:0001dbf0       __FrameUnwindToState       000000014001ebf0 f   LIBCMTD:frame.obj
 0001:0001de50       __InternalCxxFrameHandler  000000014001ee50 f   LIBCMTD:frame.obj
 0001:0001e270       __TypeMatch                000000014001f270 f   LIBCMTD:frame.obj
 0001:0001e460       ?__GetCurrentState@@YAHPEA_KPEAU_xDISPATCHER_CONTEXT@@PEBU_s_FuncInfo@@@Z 000000014001f460 f   LIBCMTD:ehstate.obj
 0001:0001e4c0       ?__GetUnwindTryBlock@@YAHPEA_KPEAU_xDISPATCHER_CONTEXT@@PEBU_s_FuncInfo@@@Z 000000014001f4c0 f   LIBCMTD:ehstate.obj
 0001:0001e510       ?__SetState@@YAXPEA_KPEAU_xDISPATCHER_CONTEXT@@PEBU_s_FuncInfo@@H@Z 000000014001f510 f   LIBCMTD:ehstate.obj
 0001:0001e540       ?__SetUnwindTryBlock@@YAXPEA_KPEAU_xDISPATCHER_CONTEXT@@PEBU_s_FuncInfo@@H@Z 000000014001f540 f   LIBCMTD:ehstate.obj
 0001:0001e5b0       ?__StateFromControlPc@@YAHPEBU_s_FuncInfo@@PEAU_xDISPATCHER_CONTEXT@@@Z 000000014001f5b0 f   LIBCMTD:ehstate.obj
 0001:0001e5e0       ?__StateFromIp@@YAHPEBU_s_FuncInfo@@PEAU_xDISPATCHER_CONTEXT@@_J@Z 000000014001f5e0 f   LIBCMTD:ehstate.obj
 0001:0001e6d0       memcmp                     000000014001f6d0 f   LIBCMTD:memcmp.obj
 0001:0001e7a0       __mtold12                  000000014001f7a0 f   LIBCMTD:mantold.obj
 0001:0001e930       _vsnwprintf_s              000000014001f930 f   LIBCMTD:vswprnc.obj
 0001:0001e980       _vsnwprintf_s_l            000000014001f980 f   LIBCMTD:vswprnc.obj
 0001:0001ef30       _vswprintf_helper          000000014001ff30 f   LIBCMTD:vswprnc.obj
 0001:0001f280       strcat_s                   0000000140020280 f   LIBCMTD:strcat_s.obj
 0001:0001f890       _itoa_s                    0000000140020890 f   LIBCMTD:xtoas.obj
 0001:0001fec0       _mbstowcs_l_helper         0000000140020ec0 f   LIBCMTD:mbstowcs.obj
 0001:00020430       _mbstowcs_s_l              0000000140021430 f   LIBCMTD:mbstowcs.obj
 0001:000209c0       mbstowcs_s                 00000001400219c0 f   LIBCMTD:mbstowcs.obj
 0001:00020aa0       _wcstombs_l_helper         0000000140021aa0 f   LIBCMTD:wcstombs.obj
 0001:000212b0       _wcstombs_s_l              00000001400222b0 f   LIBCMTD:wcstombs.obj
 0001:000217b0       wcstombs_s                 00000001400227b0 f   LIBCMTD:wcstombs.obj
 0001:00021800       _itow_s                    0000000140022800 f   LIBCMTD:xtows.obj
 0001:00021e50       __GSHandlerCheck_SEH       0000000140022e50 f   LIBCMTD:gshandlerseh.obj
 0001:00021f10       _commit                    0000000140022f10 f   LIBCMTD:commit.obj
 0001:000221a0       _write                     00000001400231a0 f   LIBCMTD:write.obj
 0001:00022440       _write_nolock              0000000140023440 f   LIBCMTD:write.obj
 0001:00023580       _fclose_nolock             0000000140024580 f   LIBCMTD:fclose.obj
 0001:000236d0       fclose                     00000001400246d0 f   LIBCMTD:fclose.obj
 0001:000237d0       _lseeki64                  00000001400247d0 f   LIBCMTD:lseeki64.obj
 0001:00023a80       _lseeki64_nolock           0000000140024a80 f   LIBCMTD:lseeki64.obj
 0001:00023ba0       _getbuf                    0000000140024ba0 f   LIBCMTD:_getbuf.obj
 0001:00023cb0       _output_s_l                0000000140024cb0 f   LIBCMTD:outputs.obj
 0001:00025890       _get_printf_count_output   0000000140026890 f   LIBCMTD:printf.obj
 0001:000258c0       _wctomb_s_l                00000001400268c0 f   LIBCMTD:wctomb.obj
 0001:00025d60       wctomb_s                   0000000140026d60 f   LIBCMTD:wctomb.obj
 0001:00025db0       ??3@YAXPEAX@Z              0000000140026db0 f   LIBCMTD:dbgdel.obj
 0001:00025e90       strcmp                     0000000140026e90 f   LIBCMTD:strcmp.obj
 0001:00025f00       ?_ValidateExecute@@YAHP6A_JXZ@Z 0000000140026f00 f   LIBCMTD:validate.obj
 0001:00025f30       ?_ValidateRead@@YAHPEBXI@Z 0000000140026f30 f   LIBCMTD:validate.obj
 0001:00025f30       ?_ValidateWrite@@YAHPEAXI@Z 0000000140026f30 f   LIBCMTD:validate.obj
 0001:00025f70       _CallSettingFrame          0000000140026f70 f   LIBCMTD:handlers.obj
 0001:00025fb0       _GetNextInstrOffset        0000000140026fb0 f   LIBCMTD:handlers.obj
 0001:00025fc0       ??1type_info@@UEAA@XZ      0000000140026fc0 f   LIBCMTD:typinfo.obj
 0001:00025ff0       ??8type_info@@QEBA_NAEBV0@@Z 0000000140026ff0 f   LIBCMTD:typinfo.obj
 0001:00026040       ??_Gtype_info@@UEAAPEAXI@Z 0000000140027040 f i LIBCMTD:typinfo.obj
 0001:00026040       ??_Etype_info@@UEAAPEAXI@Z 0000000140027040 f i LIBCMTD:typinfo.obj
 0001:00026080       ??0exception@std@@QEAA@AEBQEBD@Z 0000000140027080 f   LIBCMTD:stdexcpt.obj
 0001:000260d0       ??0exception@std@@QEAA@AEBV01@@Z 00000001400270d0 f   LIBCMTD:stdexcpt.obj
 0001:00026120       ??1exception@std@@UEAA@XZ  0000000140027120 f   LIBCMTD:stdexcpt.obj
 0001:00026150       ??4exception@std@@QEAAAEAV01@AEBV01@@Z 0000000140027150 f   LIBCMTD:stdexcpt.obj
 0001:000261c0       ??_Eexception@std@@UEAAPEAXI@Z 00000001400271c0 f i LIBCMTD:stdexcpt.obj
 0001:000261c0       ??_Gexception@std@@UEAAPEAXI@Z 00000001400271c0 f i LIBCMTD:stdexcpt.obj
 0001:00026200       ?_Copy_str@exception@std@@AEAAXPEBD@Z 0000000140027200 f   LIBCMTD:stdexcpt.obj
 0001:00026270       ?_Tidy@exception@std@@AEAAXXZ 0000000140027270 f   LIBCMTD:stdexcpt.obj
 0001:000262b0       ?what@exception@std@@UEBAPEBDXZ 00000001400272b0 f   LIBCMTD:stdexcpt.obj
 0001:000262f0       _CxxThrowException         00000001400272f0 f   LIBCMTD:throw.obj
 0001:00026410       _woutput_s_l               0000000140027410 f   LIBCMTD:woutputs.obj
 0001:00027d00       _fputwc_nolock             0000000140028d00 f   LIBCMTD:fputwc.obj
 0001:00028160       _mbtowc_l                  0000000140029160 f   LIBCMTD:mbtowc.obj
 0001:000284a0       mbtowc                     00000001400294a0 f   LIBCMTD:mbtowc.obj
 0001:000284d0       __lock_fhandle             00000001400294d0 f   LIBCMTD:osfinfo.obj
 0001:000285a0       _free_osfhnd               00000001400295a0 f   LIBCMTD:osfinfo.obj
 0001:000286d0       _get_osfhandle             00000001400296d0 f   LIBCMTD:osfinfo.obj
 0001:000288d0       _unlock_fhandle            00000001400298d0 f   LIBCMTD:osfinfo.obj
 0001:00028910       _putwch_nolock             0000000140029910 f   LIBCMTD:putwch.obj
 0001:00028980       _close                     0000000140029980 f   LIBCMTD:close.obj
 0001:00028c00       _close_nolock              0000000140029c00 f   LIBCMTD:close.obj
 0001:00028d10       _freebuf                   0000000140029d10 f   LIBCMTD:_freebuf.obj
 0001:00028dd0       ?_Type_info_dtor@type_info@@CAXPEAV1@@Z 0000000140029dd0 f   LIBCMTD:typname.obj
 0001:00028ee0       _flswbuf                   0000000140029ee0 f   LIBCMTD:_flswbuf.obj
 0001:00029290       __termconout               000000014002a290 f   LIBCMTD:initcon.obj
 0001:000292c0       __initconout               000000014002a2c0 f   LIBCMTD:initcon.obj
 0001:00029310       IsProcessorFeaturePresent  000000014002a310 f   kernel32:KERNEL32.dll
 0001:00029316       RtlUnwindEx                000000014002a316 f   kernel32:KERNEL32.dll
 0002:00000000       __imp_PatBlt               000000014002b000     Gdi32:GDI32.dll
 0002:00000008       __imp_GetDeviceCaps        000000014002b008     Gdi32:GDI32.dll
 0002:00000010       __imp_StretchDIBits        000000014002b010     Gdi32:GDI32.dll
 0002:00000018       \177GDI32_NULL_THUNK_DATA  000000014002b018     Gdi32:GDI32.dll
 0002:00000020       __imp_GetConsoleMode       000000014002b020     kernel32:KERNEL32.dll
 0002:00000028       __imp_GetConsoleCP         000000014002b028     kernel32:KERNEL32.dll
 0002:00000030       __imp_FlushFileBuffers     000000014002b030     kernel32:KERNEL32.dll
 0002:00000038       __imp_RaiseException       000000014002b038     kernel32:KERNEL32.dll
 0002:00000040       __imp_RtlPcToFileHeader    000000014002b040     kernel32:KERNEL32.dll
 0002:00000048       __imp_LCMapStringW         000000014002b048     kernel32:KERNEL32.dll
 0002:00000050       __imp_SetFilePointerEx     000000014002b050     kernel32:KERNEL32.dll
 0002:00000058       __imp_WriteConsoleW        000000014002b058     kernel32:KERNEL32.dll
 0002:00000060       __imp_GetStringTypeW       000000014002b060     kernel32:KERNEL32.dll
 0002:00000068       __imp_HeapAlloc            000000014002b068     kernel32:KERNEL32.dll
 0002:00000070       __imp_HeapQueryInformation 000000014002b070     kernel32:KERNEL32.dll
 0002:00000078       __imp_HeapReAlloc          000000014002b078     kernel32:KERNEL32.dll
 0002:00000080       __imp_HeapFree             000000014002b080     kernel32:KERNEL32.dll
 0002:00000088       __imp_CreateThread         000000014002b088     kernel32:KERNEL32.dll
 0002:00000090       __imp_WaitForSingleObjectEx 000000014002b090     kernel32:KERNEL32.dll
 0002:00000098       __imp_SetStdHandle         000000014002b098     kernel32:KERNEL32.dll
 0002:000000a0       __imp_CreateFileW          000000014002b0a0     kernel32:KERNEL32.dll
 0002:000000a8       __imp_GetStdHandle         000000014002b0a8     kernel32:KERNEL32.dll
 0002:000000b0       __imp_OutputDebugStringW   000000014002b0b0     kernel32:KERNEL32.dll
 0002:000000b8       __imp_LoadLibraryExW       000000014002b0b8     kernel32:KERNEL32.dll
 0002:000000c0       __imp_CompareFileTime      000000014002b0c0     kernel32:KERNEL32.dll
 0002:000000c8       __imp_CreateFileA          000000014002b0c8     kernel32:KERNEL32.dll
 0002:000000d0       __imp_GetFileAttributesExA 000000014002b0d0     kernel32:KERNEL32.dll
 0002:000000d8       __imp_GetFileSizeEx        000000014002b0d8     kernel32:KERNEL32.dll
 0002:000000e0       __imp_ReadFile             000000014002b0e0     kernel32:KERNEL32.dll
 0002:000000e8       __imp_WriteFile            000000014002b0e8     kernel32:KERNEL32.dll
 0002:000000f0       __imp_OutputDebugStringA   000000014002b0f0     kernel32:KERNEL32.dll
 0002:000000f8       __imp_CloseHandle          000000014002b0f8     kernel32:KERNEL32.dll
 0002:00000100       __imp_QueryPerformanceCounter 000000014002b100     kernel32:KERNEL32.dll
 0002:00000108       __imp_QueryPerformanceFrequency 000000014002b108     kernel32:KERNEL32.dll
 0002:00000110       __imp_Sleep                000000014002b110     kernel32:KERNEL32.dll
 0002:00000118       __imp_VirtualAlloc         000000014002b118     kernel32:KERNEL32.dll
 0002:00000120       __imp_VirtualFree          000000014002b120     kernel32:KERNEL32.dll
 0002:00000128       __imp_FreeLibrary          000000014002b128     kernel32:KERNEL32.dll
 0002:00000130       __imp_GetModuleFileNameA   000000014002b130     kernel32:KERNEL32.dll
 0002:00000138       __imp_GetProcAddress       000000014002b138     kernel32:KERNEL32.dll
 0002:00000140       __imp_LoadLibraryA         000000014002b140     kernel32:KERNEL32.dll
 0002:00000148       __imp_CopyFileA            000000014002b148     kernel32:KERNEL32.dll
 0002:00000150       __imp_GetCommandLineA      000000014002b150     kernel32:KERNEL32.dll
 0002:00000158       __imp_IsDebuggerPresent    000000014002b158     kernel32:KERNEL32.dll
 0002:00000160       __imp_IsProcessorFeaturePresent 000000014002b160     kernel32:KERNEL32.dll
 0002:00000168       __imp_EncodePointer        000000014002b168     kernel32:KERNEL32.dll
 0002:00000170       __imp_GetLastError         000000014002b170     kernel32:KERNEL32.dll
 0002:00000178       __imp_SetLastError         000000014002b178     kernel32:KERNEL32.dll
 0002:00000180       __imp_GetCurrentThreadId   000000014002b180     kernel32:KERNEL32.dll
 0002:00000188       __imp_DecodePointer        000000014002b188     kernel32:KERNEL32.dll
 0002:00000190       __imp_ExitProcess          000000014002b190     kernel32:KERNEL32.dll
 0002:00000198       __imp_GetModuleHandleExW   000000014002b198     kernel32:KERNEL32.dll
 0002:000001a0       __imp_MultiByteToWideChar  000000014002b1a0     kernel32:KERNEL32.dll
 0002:000001a8       __imp_WideCharToMultiByte  000000014002b1a8     kernel32:KERNEL32.dll
 0002:000001b0       __imp_GetProcessHeap       000000014002b1b0     kernel32:KERNEL32.dll
 0002:000001b8       __imp_GetFileType          000000014002b1b8     kernel32:KERNEL32.dll
 0002:000001c0       __imp_DeleteCriticalSection 000000014002b1c0     kernel32:KERNEL32.dll
 0002:000001c8       __imp_GetStartupInfoW      000000014002b1c8     kernel32:KERNEL32.dll
 0002:000001d0       __imp_GetModuleFileNameW   000000014002b1d0     kernel32:KERNEL32.dll
 0002:000001d8       __imp_HeapSize             000000014002b1d8     kernel32:KERNEL32.dll
 0002:000001e0       __imp_HeapValidate         000000014002b1e0     kernel32:KERNEL32.dll
 0002:000001e8       __imp_GetSystemInfo        000000014002b1e8     kernel32:KERNEL32.dll
 0002:000001f0       __imp_GetCurrentProcessId  000000014002b1f0     kernel32:KERNEL32.dll
 0002:000001f8       __imp_GetSystemTimeAsFileTime 000000014002b1f8     kernel32:KERNEL32.dll
 0002:00000200       __imp_GetEnvironmentStringsW 000000014002b200     kernel32:KERNEL32.dll
 0002:00000208       __imp_FreeEnvironmentStringsW 000000014002b208     kernel32:KERNEL32.dll
 0002:00000210       __imp_RtlCaptureContext    000000014002b210     kernel32:KERNEL32.dll
 0002:00000218       __imp_RtlLookupFunctionEntry 000000014002b218     kernel32:KERNEL32.dll
 0002:00000220       __imp_RtlVirtualUnwind     000000014002b220     kernel32:KERNEL32.dll
 0002:00000228       __imp_UnhandledExceptionFilter 000000014002b228     kernel32:KERNEL32.dll
 0002:00000230       __imp_SetUnhandledExceptionFilter 000000014002b230     kernel32:KERNEL32.dll
 0002:00000238       __imp_InitializeCriticalSectionAndSpinCount 000000014002b238     kernel32:KERNEL32.dll
 0002:00000240       __imp_GetCurrentProcess    000000014002b240     kernel32:KERNEL32.dll
 0002:00000248       __imp_TerminateProcess     000000014002b248     kernel32:KERNEL32.dll
 0002:00000250       __imp_TlsAlloc             000000014002b250     kernel32:KERNEL32.dll
 0002:00000258       __imp_TlsGetValue          000000014002b258     kernel32:KERNEL32.dll
 0002:00000260       __imp_TlsSetValue          000000014002b260     kernel32:KERNEL32.dll
 0002:00000268       __imp_TlsFree              000000014002b268     kernel32:KERNEL32.dll
 0002:00000270       __imp_GetModuleHandleW     000000014002b270     kernel32:KERNEL32.dll
 0002:00000278       __imp_RtlUnwindEx          000000014002b278     kernel32:KERNEL32.dll
 0002:00000280       __imp_IsValidCodePage      000000014002b280     kernel32:KERNEL32.dll
 0002:00000288       __imp_GetACP               000000014002b288     kernel32:KERNEL32.dll
 0002:00000290       __imp_GetOEMCP             000000014002b290     kernel32:KERNEL32.dll
 0002:00000298       __imp_GetCPInfo            000000014002b298     kernel32:KERNEL32.dll
 0002:000002a0       __imp_EnterCriticalSection 000000014002b2a0     kernel32:KERNEL32.dll
 0002:000002a8       __imp_LeaveCriticalSection 000000014002b2a8     kernel32:KERNEL32.dll
 0002:000002b0       \177KERNEL32_NULL_THUNK_DATA 000000014002b2b0     kernel32:KERNEL32.dll
 0002:000002b8       __imp_BeginPaint           000000014002b2b8     user32:USER32.dll
 0002:000002c0       __imp_TranslateMessage     000000014002b2c0     user32:USER32.dll
 0002:000002c8       __imp_GetMonitorInfoA      000000014002b2c8     user32:USER32.dll
 0002:000002d0       __imp_MonitorFromWindow    000000014002b2d0     user32:USER32.dll
 0002:000002d8       __imp_LoadCursorA          000000014002b2d8     user32:USER32.dll
 0002:000002e0       __imp_SetWindowLongA       000000014002b2e0     user32:USER32.dll
 0002:000002e8       __imp_GetWindowLongA       000000014002b2e8     user32:USER32.dll
 0002:000002f0       __imp_ScreenToClient       000000014002b2f0     user32:USER32.dll
 0002:000002f8       __imp_GetCursorPos         000000014002b2f8     user32:USER32.dll
 0002:00000300       __imp_SetCursor            000000014002b300     user32:USER32.dll
 0002:00000308       __imp_GetClientRect        000000014002b308     user32:USER32.dll
 0002:00000310       __imp_EndPaint             000000014002b310     user32:USER32.dll
 0002:00000318       __imp_wsprintfA            000000014002b318     user32:USER32.dll
 0002:00000320       __imp_ReleaseDC            000000014002b320     user32:USER32.dll
 0002:00000328       __imp_GetDC                000000014002b328     user32:USER32.dll
 0002:00000330       __imp_GetKeyState          000000014002b330     user32:USER32.dll
 0002:00000338       __imp_SetWindowPlacement   000000014002b338     user32:USER32.dll
 0002:00000340       __imp_GetWindowPlacement   000000014002b340     user32:USER32.dll
 0002:00000348       __imp_SetWindowPos         000000014002b348     user32:USER32.dll
 0002:00000350       __imp_CreateWindowExA      000000014002b350     user32:USER32.dll
 0002:00000358       __imp_RegisterClassA       000000014002b358     user32:USER32.dll
 0002:00000360       __imp_DefWindowProcA       000000014002b360     user32:USER32.dll
 0002:00000368       __imp_PeekMessageA         000000014002b368     user32:USER32.dll
 0002:00000370       __imp_DispatchMessageA     000000014002b370     user32:USER32.dll
 0002:00000378       \177USER32_NULL_THUNK_DATA 000000014002b378     user32:USER32.dll
 0002:00000380       __imp_timeBeginPeriod      000000014002b380     winmm:WINMM.dll
 0002:00000388       \177WINMM_NULL_THUNK_DATA  000000014002b388     winmm:WINMM.dll
 0002:00000390       __xc_a                     000000014002b390     LIBCMTD:crt0init.obj
 0002:00000398       __xc_z                     000000014002b398     LIBCMTD:crt0init.obj
 0002:000003a0       __xi_a                     000000014002b3a0     LIBCMTD:crt0init.obj
 0002:000003d0       __xi_z                     000000014002b3d0     LIBCMTD:crt0init.obj
 0002:000003d8       __xp_a                     000000014002b3d8     LIBCMTD:crt0init.obj
 0002:000003f8       __xp_z                     000000014002b3f8     LIBCMTD:crt0init.obj
 0002:00000400       __xt_a                     000000014002b400     LIBCMTD:crt0init.obj
 0002:00000408       __xt_z                     000000014002b408     LIBCMTD:crt0init.obj
 0002:00000600       __real@3f000000            000000014002b600     win32_handmade.obj
 0002:00000604       __real@3f800000            000000014002b604     win32_handmade.obj
 0002:00000608       __real@40000000            000000014002b608     win32_handmade.obj
 0002:0000060c       __real@40400000            000000014002b60c     win32_handmade.obj
 0002:00000610       __real@447a0000            000000014002b610     win32_handmade.obj
 0002:00000614       __real@46fffe00            000000014002b614     win32_handmade.obj
 0002:00000618       __real@47000000            000000014002b618     win32_handmade.obj
 0002:0000061c       __real@bf800000            000000014002b61c     win32_handmade.obj
 0002:00000620       __xmm@80000000800000008000000080000000 000000014002b620     win32_handmade.obj
 0002:00000630       _FPinit                    000000014002b630     LIBCMTD:fpinit.obj
 0002:00000648       ??_C@_1BI@ICGGMGLK@?$AAb?$AAu?$AAf?$AA?5?$AA?$CB?$AA?$DN?$AA?5?$AAN?$AAU?$AAL?$AAL?$AA?$AA@ 000000014002b648     LIBCMTD:cvt.obj
 0002:00000660       ??_C@_15GANGMFKL@?$AA?$CF?$AAs?$AA?$AA@ 000000014002b660     LIBCMTD:cvt.obj
 0002:00000670       ??_C@_1EG@OHONNKNN@?$AAf?$AA?3?$AA?2?$AAd?$AAd?$AA?2?$AAv?$AAc?$AAt?$AAo?$AAo?$AAl?$AAs?$AA?2?$AAc?$AAr?$AAt?$AA?2?$AAf?$AAp?$AAw?$AA3?$AA2?$AA?2?$AAc?$AAo?$AAn?$AAv?$AA?2?$AAc?$AAv?$AAt@ 000000014002b670     LIBCMTD:cvt.obj
 0002:000006b8       ??_C@_1BE@OLBNEILL@?$AA_?$AAc?$AAf?$AAt?$AAo?$AAe?$AA2?$AA_?$AAl?$AA?$AA@ 000000014002b6b8     LIBCMTD:cvt.obj
 0002:000006d0       ??_C@_1CA@CBMNPEO@?$AAs?$AAi?$AAz?$AAe?$AAI?$AAn?$AAB?$AAy?$AAt?$AAe?$AAs?$AA?5?$AA?$DO?$AA?5?$AA0?$AA?$AA@ 000000014002b6d0     LIBCMTD:cvt.obj
 0002:000006f0       ??_C@_1HE@NACBNDPP@?$AAs?$AAi?$AAz?$AAe?$AAI?$AAn?$AAB?$AAy?$AAt?$AAe?$AAs?$AA?5?$AA?$DO?$AA?5?$AA?$CI?$AAs?$AAi?$AAz?$AAe?$AA_?$AAt?$AA?$CJ?$AA?$CI?$AA3?$AA?5?$AA?$CL?$AA?5?$AA?$CI?$AAn?$AAd?$AAe?$AAc@ 000000014002b6f0     LIBCMTD:cvt.obj
 0002:00000770       ??_C@_1LE@EOIFGNCJ@?$AAs?$AAt?$AAr?$AAc?$AAp?$AAy?$AA_?$AAs?$AA?$CI?$AAp?$AA?0?$AA?5?$AA?$CI?$AAs?$AAi?$AAz?$AAe?$AAI?$AAn?$AAB?$AAy?$AAt?$AAe?$AAs?$AA?5?$AA?$DN?$AA?$DN?$AA?5?$AA?$CI?$AAs?$AAi?$AAz@ 000000014002b770     LIBCMTD:cvt.obj
 0002:00000824       ??_C@_05KLBDPFGC@e?$CL000?$AA@ 000000014002b824     LIBCMTD:cvt.obj
 0002:00000830       ??_C@_1BC@INKAPMHI@?$AA_?$AAc?$AAf?$AAt?$AAo?$AAe?$AA_?$AAl?$AA?$AA@ 000000014002b830     LIBCMTD:cvt.obj
 0002:00000848       ??_C@_1BC@JOKPCIC@?$AA_?$AAc?$AAf?$AAt?$AAo?$AAa?$AA_?$AAl?$AA?$AA@ 000000014002b848     LIBCMTD:cvt.obj
 0002:00000860       ??_C@_1FC@IKIMAMJB@?$AAs?$AAi?$AAz?$AAe?$AAI?$AAn?$AAB?$AAy?$AAt?$AAe?$AAs?$AA?5?$AA?$DO?$AA?5?$AA?$CI?$AAs?$AAi?$AAz?$AAe?$AA_?$AAt?$AA?$CJ?$AA?$CI?$AA1?$AA?5?$AA?$CL?$AA?5?$AA4?$AA?5?$AA?$CL?$AA?5?$AAn@ 000000014002b860     LIBCMTD:cvt.obj
 0002:000008b8       ??_C@_1BE@CKPDLI@?$AA_?$AAc?$AAf?$AAt?$AAo?$AAf?$AA2?$AA_?$AAl?$AA?$AA@ 000000014002b8b8     LIBCMTD:cvt.obj
 0002:000008d0       ??_C@_1BC@DCPPLJL@?$AA_?$AAc?$AAf?$AAt?$AAo?$AAf?$AA_?$AAl?$AA?$AA@ 000000014002b8d0     LIBCMTD:cvt.obj
 0002:000008e8       ??_C@_1BC@MPIFPLAF@?$AA_?$AAc?$AAf?$AAt?$AAo?$AAg?$AA_?$AAl?$AA?$AA@ 000000014002b8e8     LIBCMTD:cvt.obj
 0002:00000900       __real@0000000000000000    000000014002b900     LIBCMTD:cvt.obj
 0002:00000910       _XcptActTab                000000014002b910     LIBCMTD:winxfltr.obj
 0002:000009d0       _XcptActTabCount           000000014002b9d0     LIBCMTD:winxfltr.obj
 0002:000009d4       _XcptActTabSize            000000014002b9d4     LIBCMTD:winxfltr.obj
 0002:000009d8       _First_FPE_Indx            000000014002b9d8     LIBCMTD:winxfltr.obj
 0002:000009dc       _Num_FPE                   000000014002b9dc     LIBCMTD:winxfltr.obj
 0002:000009e0       ??_C@_0CM@KPPOKOAI@f?3?2dd?2vctools?2crt?2crtw32?2startup@ 000000014002b9e0     LIBCMTD:tidtable.obj
 0002:00000a10       ??_C@_1BI@BGOHAHKC@?$AAm?$AAs?$AAc?$AAo?$AAr?$AAe?$AAe?$AA?4?$AAd?$AAl?$AAl?$AA?$AA@ 000000014002ba10     LIBCMTD:crt0dat.obj
 0002:00000a28       ??_C@_0P@MIGLKIOC@CorExitProcess?$AA@ 000000014002ba28     LIBCMTD:crt0dat.obj
 0002:00000a38       ??_C@_0CI@BIOGDJKL@f?3?2dd?2vctools?2crt?2crtw32?2lowio?2i@ 000000014002ba38     LIBCMTD:ioinit.obj
 0002:00000a60       ??_C@_0CL@OBKFGCKK@f?3?2dd?2vctools?2crt?2crtw32?2startup@ 000000014002ba60     LIBCMTD:stdargv.obj
 0002:00000a90       ??_C@_0CL@BJBFGFLH@f?3?2dd?2vctools?2crt?2crtw32?2startup@ 000000014002ba90     LIBCMTD:stdenvp.obj
 0002:00000ac0       ??_C@_1FG@MHBLOJIO@?$AAf?$AA?3?$AA?2?$AAd?$AAd?$AA?2?$AAv?$AAc?$AAt?$AAo?$AAo?$AAl?$AAs?$AA?2?$AAc?$AAr?$AAt?$AA?2?$AAc?$AAr?$AAt?$AAw?$AA3?$AA2?$AA?2?$AAs?$AAt?$AAa?$AAr?$AAt?$AAu?$AAp@ 000000014002bac0     LIBCMTD:stdenvp.obj
 0002:00000b18       ??_C@_1BC@GHMCNHHL@?$AA_?$AAs?$AAe?$AAt?$AAe?$AAn?$AAv?$AAp?$AA?$AA@ 000000014002bb18     LIBCMTD:stdenvp.obj
 0002:00000b30       ??_C@_1DE@MMOGFGHF@?$AAs?$AAt?$AAr?$AAc?$AAp?$AAy?$AA_?$AAs?$AA?$CI?$AA?$CK?$AAe?$AAn?$AAv?$AA?0?$AA?5?$AAc?$AAc?$AAh?$AAa?$AAr?$AAs?$AA?0?$AA?5?$AAp?$AA?$CJ?$AA?$AA@ 000000014002bb30     LIBCMTD:stdenvp.obj
 0002:00000ce0       ??_C@_1FK@PGACCAFB@?$AAR?$AA6?$AA0?$AA0?$AA2?$AA?$AN?$AA?6?$AA?9?$AA?5?$AAf?$AAl?$AAo?$AAa?$AAt?$AAi?$AAn?$AAg?$AA?5?$AAp?$AAo?$AAi?$AAn?$AAt?$AA?5?$AAs?$AAu?$AAp?$AAp?$AAo?$AAr?$AAt?$AA?5@ 000000014002bce0     LIBCMTD:crt0msg.obj
 0002:00000d40       ??_C@_1FE@LLNEDJMD@?$AAR?$AA6?$AA0?$AA0?$AA8?$AA?$AN?$AA?6?$AA?9?$AA?5?$AAn?$AAo?$AAt?$AA?5?$AAe?$AAn?$AAo?$AAu?$AAg?$AAh?$AA?5?$AAs?$AAp?$AAa?$AAc?$AAe?$AA?5?$AAf?$AAo?$AAr?$AA?5?$AAa?$AAr@ 000000014002bd40     LIBCMTD:crt0msg.obj
 0002:00000da0       ??_C@_1FI@HONFMGBI@?$AAR?$AA6?$AA0?$AA0?$AA9?$AA?$AN?$AA?6?$AA?9?$AA?5?$AAn?$AAo?$AAt?$AA?5?$AAe?$AAn?$AAo?$AAu?$AAg?$AAh?$AA?5?$AAs?$AAp?$AAa?$AAc?$AAe?$AA?5?$AAf?$AAo?$AAr?$AA?5?$AAe?$AAn@ 000000014002bda0     LIBCMTD:crt0msg.obj
 0002:00000e00       ??_C@_1EG@BEHAGFJD@?$AAR?$AA6?$AA0?$AA1?$AA0?$AA?$AN?$AA?6?$AA?9?$AA?5?$AAa?$AAb?$AAo?$AAr?$AAt?$AA?$CI?$AA?$CJ?$AA?5?$AAh?$AAa?$AAs?$AA?5?$AAb?$AAe?$AAe?$AAn?$AA?5?$AAc?$AAa?$AAl?$AAl?$AAe?$AAd@ 000000014002be00     LIBCMTD:crt0msg.obj
 0002:00000e50       ??_C@_1FI@LOGNIKDM@?$AAR?$AA6?$AA0?$AA1?$AA6?$AA?$AN?$AA?6?$AA?9?$AA?5?$AAn?$AAo?$AAt?$AA?5?$AAe?$AAn?$AAo?$AAu?$AAg?$AAh?$AA?5?$AAs?$AAp?$AAa?$AAc?$AAe?$AA?5?$AAf?$AAo?$AAr?$AA?5?$AAt?$AAh@ 000000014002be50     LIBCMTD:crt0msg.obj
 0002:00000eb0       ??_C@_1FK@BEOGODMC@?$AAR?$AA6?$AA0?$AA1?$AA7?$AA?$AN?$AA?6?$AA?9?$AA?5?$AAu?$AAn?$AAe?$AAx?$AAp?$AAe?$AAc?$AAt?$AAe?$AAd?$AA?5?$AAm?$AAu?$AAl?$AAt?$AAi?$AAt?$AAh?$AAr?$AAe?$AAa?$AAd?$AA?5@ 000000014002beb0     LIBCMTD:crt0msg.obj
 0002:00000f10       ??_C@_1EC@JIBHAOPH@?$AAR?$AA6?$AA0?$AA1?$AA8?$AA?$AN?$AA?6?$AA?9?$AA?5?$AAu?$AAn?$AAe?$AAx?$AAp?$AAe?$AAc?$AAt?$AAe?$AAd?$AA?5?$AAh?$AAe?$AAa?$AAp?$AA?5?$AAe?$AAr?$AAr?$AAo?$AAr?$AA?$AN?$AA?6@ 000000014002bf10     LIBCMTD:crt0msg.obj
 0002:00000f60       ??_C@_1FC@ECHBIFBC@?$AAR?$AA6?$AA0?$AA1?$AA9?$AA?$AN?$AA?6?$AA?9?$AA?5?$AAu?$AAn?$AAa?$AAb?$AAl?$AAe?$AA?5?$AAt?$AAo?$AA?5?$AAo?$AAp?$AAe?$AAn?$AA?5?$AAc?$AAo?$AAn?$AAs?$AAo?$AAl?$AAe?$AA?5@ 000000014002bf60     LIBCMTD:crt0msg.obj
 0002:00000fc0       ??_C@_1GK@FHCKBEFA@?$AAR?$AA6?$AA0?$AA2?$AA4?$AA?$AN?$AA?6?$AA?9?$AA?5?$AAn?$AAo?$AAt?$AA?5?$AAe?$AAn?$AAo?$AAu?$AAg?$AAh?$AA?5?$AAs?$AAp?$AAa?$AAc?$AAe?$AA?5?$AAf?$AAo?$AAr?$AA?5?$AA_?$AAo@ 000000014002bfc0     LIBCMTD:crt0msg.obj
 0002:00001030       ??_C@_1EM@MAADIHMB@?$AAR?$AA6?$AA0?$AA2?$AA5?$AA?$AN?$AA?6?$AA?9?$AA?5?$AAp?$AAu?$AAr?$AAe?$AA?5?$AAv?$AAi?$AAr?$AAt?$AAu?$AAa?$AAl?$AA?5?$AAf?$AAu?$AAn?$AAc?$AAt?$AAi?$AAo?$AAn?$AA?5?$AAc@ 000000014002c030     LIBCMTD:crt0msg.obj
 0002:00001080       ??_C@_1GK@MCAAGJMO@?$AAR?$AA6?$AA0?$AA2?$AA6?$AA?$AN?$AA?6?$AA?9?$AA?5?$AAn?$AAo?$AAt?$AA?5?$AAe?$AAn?$AAo?$AAu?$AAg?$AAh?$AA?5?$AAs?$AAp?$AAa?$AAc?$AAe?$AA?5?$AAf?$AAo?$AAr?$AA?5?$AAs?$AAt@ 000000014002c080     LIBCMTD:crt0msg.obj
 0002:000010f0       ??_C@_1GK@MFGOKLAG@?$AAR?$AA6?$AA0?$AA2?$AA7?$AA?$AN?$AA?6?$AA?9?$AA?5?$AAn?$AAo?$AAt?$AA?5?$AAe?$AAn?$AAo?$AAu?$AAg?$AAh?$AA?5?$AAs?$AAp?$AAa?$AAc?$AAe?$AA?5?$AAf?$AAo?$AAr?$AA?5?$AAl?$AAo@ 000000014002c0f0     LIBCMTD:crt0msg.obj
 0002:00001160       ??_C@_1EK@HHFLMAOL@?$AAR?$AA6?$AA0?$AA2?$AA8?$AA?$AN?$AA?6?$AA?9?$AA?5?$AAu?$AAn?$AAa?$AAb?$AAl?$AAe?$AA?5?$AAt?$AAo?$AA?5?$AAi?$AAn?$AAi?$AAt?$AAi?$AAa?$AAl?$AAi?$AAz?$AAe?$AA?5?$AAh?$AAe@ 000000014002c160     LIBCMTD:crt0msg.obj
 0002:000011b0       ??_C@_1DO@BMFCDCD@?$AAR?$AA6?$AA0?$AA3?$AA0?$AA?$AN?$AA?6?$AA?9?$AA?5?$AAC?$AAR?$AAT?$AA?5?$AAn?$AAo?$AAt?$AA?5?$AAi?$AAn?$AAi?$AAt?$AAi?$AAa?$AAl?$AAi?$AAz?$AAe?$AAd?$AA?$AN?$AA?6?$AA?$AA@ 000000014002c1b0     LIBCMTD:crt0msg.obj
 0002:000011f0       ??_C@_1MG@ENCOOIDF@?$AAR?$AA6?$AA0?$AA3?$AA1?$AA?$AN?$AA?6?$AA?9?$AA?5?$AAA?$AAt?$AAt?$AAe?$AAm?$AAp?$AAt?$AA?5?$AAt?$AAo?$AA?5?$AAi?$AAn?$AAi?$AAt?$AAi?$AAa?$AAl?$AAi?$AAz?$AAe?$AA?5?$AAt@ 000000014002c1f0     LIBCMTD:crt0msg.obj
 0002:000012c0       ??_C@_1GG@GOPILAJP@?$AAR?$AA6?$AA0?$AA3?$AA2?$AA?$AN?$AA?6?$AA?9?$AA?5?$AAn?$AAo?$AAt?$AA?5?$AAe?$AAn?$AAo?$AAu?$AAg?$AAh?$AA?5?$AAs?$AAp?$AAa?$AAc?$AAe?$AA?5?$AAf?$AAo?$AAr?$AA?5?$AAl?$AAo@ 000000014002c2c0     LIBCMTD:crt0msg.obj
 0002:00001330       ??_C@_1BOO@KGEDBGAJ@?$AAR?$AA6?$AA0?$AA3?$AA3?$AA?$AN?$AA?6?$AA?9?$AA?5?$AAA?$AAt?$AAt?$AAe?$AAm?$AAp?$AAt?$AA?5?$AAt?$AAo?$AA?5?$AAu?$AAs?$AAe?$AA?5?$AAM?$AAS?$AAI?$AAL?$AA?5?$AAc?$AAo?$AAd@ 000000014002c330     LIBCMTD:crt0msg.obj
 0002:00001520       ??_C@_1GG@MKFPEKFO@?$AAR?$AA6?$AA0?$AA3?$AA4?$AA?$AN?$AA?6?$AA?9?$AA?5?$AAi?$AAn?$AAc?$AAo?$AAn?$AAs?$AAi?$AAs?$AAt?$AAe?$AAn?$AAt?$AA?5?$AAo?$AAn?$AAe?$AAx?$AAi?$AAt?$AA?5?$AAb?$AAe?$AAg@ 000000014002c520     LIBCMTD:crt0msg.obj
 0002:00001588       ??_C@_1BO@BFCDCGC@?$AAD?$AAO?$AAM?$AAA?$AAI?$AAN?$AA?5?$AAe?$AAr?$AAr?$AAo?$AAr?$AA?$AN?$AA?6?$AA?$AA@ 000000014002c588     LIBCMTD:crt0msg.obj
 0002:000015a8       ??_C@_1BK@KMOMNAAI@?$AAS?$AAI?$AAN?$AAG?$AA?5?$AAe?$AAr?$AAr?$AAo?$AAr?$AA?$AN?$AA?6?$AA?$AA@ 000000014002c5a8     LIBCMTD:crt0msg.obj
 0002:000015c8       ??_C@_1BM@JBBEPPHI@?$AAT?$AAL?$AAO?$AAS?$AAS?$AA?5?$AAe?$AAr?$AAr?$AAo?$AAr?$AA?$AN?$AA?6?$AA?$AA@ 000000014002c5c8     LIBCMTD:crt0msg.obj
 0002:000015e4       ??_C@_15JNBOKNOG@?$AA?$AN?$AA?6?$AA?$AA@ 000000014002c5e4     LIBCMTD:crt0msg.obj
 0002:000015f0       ??_C@_1BO@BKOMIGKJ@?$AAr?$AAu?$AAn?$AAt?$AAi?$AAm?$AAe?$AA?5?$AAe?$AAr?$AAr?$AAo?$AAr?$AA?5?$AA?$AA@ 000000014002c5f0     LIBCMTD:crt0msg.obj
 0002:00001610       ??_C@_1FG@ILOHEEMG@?$AAf?$AA?3?$AA?2?$AAd?$AAd?$AA?2?$AAv?$AAc?$AAt?$AAo?$AAo?$AAl?$AAs?$AA?2?$AAc?$AAr?$AAt?$AA?2?$AAc?$AAr?$AAt?$AAw?$AA3?$AA2?$AA?2?$AAs?$AAt?$AAa?$AAr?$AAt?$AAu?$AAp@ 000000014002c610     LIBCMTD:crt0msg.obj
 0002:00001668       ??_C@_1BI@EAHMBMEC@?$AA_?$AAN?$AAM?$AAS?$AAG?$AA_?$AAW?$AAR?$AAI?$AAT?$AAE?$AA?$AA@ 000000014002c668     LIBCMTD:crt0msg.obj
 0002:00001680       ??_C@_1KO@BKLCKNFL@?$AAw?$AAc?$AAs?$AAc?$AAp?$AAy?$AA_?$AAs?$AA?$CI?$AAo?$AAu?$AAt?$AAm?$AAs?$AAg?$AA?0?$AA?5?$AA?$CI?$AAs?$AAi?$AAz?$AAe?$AAo?$AAf?$AA?$CI?$AAo?$AAu?$AAt?$AAm?$AAs?$AAg?$AA?$CJ@ 000000014002c680     LIBCMTD:crt0msg.obj
 0002:00001730       ??_C@_1DE@JNGNBFGO@?$AAR?$AAu?$AAn?$AAt?$AAi?$AAm?$AAe?$AA?5?$AAE?$AAr?$AAr?$AAo?$AAr?$AA?$CB?$AA?6?$AA?6?$AAP?$AAr?$AAo?$AAg?$AAr?$AAa?$AAm?$AA?3?$AA?5?$AA?$AA@ 000000014002c730     LIBCMTD:crt0msg.obj
 0002:00001770       ??_C@_1HK@FJJNAABO@?$AAw?$AAc?$AAs?$AAc?$AAp?$AAy?$AA_?$AAs?$AA?$CI?$AAp?$AAr?$AAo?$AAg?$AAn?$AAa?$AAm?$AAe?$AA?0?$AA?5?$AAp?$AAr?$AAo?$AAg?$AAn?$AAa?$AAm?$AAe?$AA_?$AAs?$AAi?$AAz?$AAe@ 000000014002c770     LIBCMTD:crt0msg.obj
 0002:000017f0       ??_C@_1CO@EAEJAADC@?$AA?$DM?$AAp?$AAr?$AAo?$AAg?$AAr?$AAa?$AAm?$AA?5?$AAn?$AAa?$AAm?$AAe?$AA?5?$AAu?$AAn?$AAk?$AAn?$AAo?$AAw?$AAn?$AA?$DO?$AA?$AA@ 000000014002c7f0     LIBCMTD:crt0msg.obj
 0002:00001820       ??_C@_1HI@FLHKGEBE@?$AAw?$AAc?$AAs?$AAn?$AAc?$AAp?$AAy?$AA_?$AAs?$AA?$CI?$AAp?$AAc?$AAh?$AA?0?$AA?5?$AAp?$AAr?$AAo?$AAg?$AAn?$AAa?$AAm?$AAe?$AA_?$AAs?$AAi?$AAz?$AAe?$AA?5?$AA?9?$AA?5?$AA?$CI@ 000000014002c820     LIBCMTD:crt0msg.obj
 0002:00001898       ??_C@_17LGKOMLJ@?$AA?4?$AA?4?$AA?4?$AA?$AA@ 000000014002c898     LIBCMTD:crt0msg.obj
 0002:000018a0       ??_C@_1IA@DCJGKHFO@?$AAw?$AAc?$AAs?$AAc?$AAa?$AAt?$AA_?$AAs?$AA?$CI?$AAo?$AAu?$AAt?$AAm?$AAs?$AAg?$AA?0?$AA?5?$AA?$CI?$AAs?$AAi?$AAz?$AAe?$AAo?$AAf?$AA?$CI?$AAo?$AAu?$AAt?$AAm?$AAs?$AAg?$AA?$CJ@ 000000014002c8a0     LIBCMTD:crt0msg.obj
 0002:00001920       ??_C@_15IABLJNFO@?$AA?6?$AA?6?$AA?$AA@ 000000014002c920     LIBCMTD:crt0msg.obj
 0002:00001930       ??_C@_1IG@NMONDPP@?$AAw?$AAc?$AAs?$AAc?$AAa?$AAt?$AA_?$AAs?$AA?$CI?$AAo?$AAu?$AAt?$AAm?$AAs?$AAg?$AA?0?$AA?5?$AA?$CI?$AAs?$AAi?$AAz?$AAe?$AAo?$AAf?$AA?$CI?$AAo?$AAu?$AAt?$AAm?$AAs?$AAg?$AA?$CJ@ 000000014002c930     LIBCMTD:crt0msg.obj
 0002:000019c0       ??_C@_1EK@MBDPDCGA@?$AAM?$AAi?$AAc?$AAr?$AAo?$AAs?$AAo?$AAf?$AAt?$AA?5?$AAV?$AAi?$AAs?$AAu?$AAa?$AAl?$AA?5?$AAC?$AA?$CL?$AA?$CL?$AA?5?$AAR?$AAu?$AAn?$AAt?$AAi?$AAm?$AAe?$AA?5?$AAL?$AAi?$AAb@ 000000014002c9c0     LIBCMTD:crt0msg.obj
 0002:00001a10       ??_C@_1DE@BCNCAIK@?$AA?$CI?$AA?$CC?$AAI?$AAn?$AAv?$AAa?$AAl?$AAi?$AAd?$AA?5?$AAe?$AAr?$AAr?$AAo?$AAr?$AA_?$AAm?$AAo?$AAd?$AAe?$AA?$CC?$AA?0?$AA?5?$AA0?$AA?$CJ?$AA?$AA@ 000000014002ca10     LIBCMTD:errmode.obj
 0002:00001a50       ??_C@_1FA@PBBGNIFD@?$AAf?$AA?3?$AA?2?$AAd?$AAd?$AA?2?$AAv?$AAc?$AAt?$AAo?$AAo?$AAl?$AAs?$AA?2?$AAc?$AAr?$AAt?$AA?2?$AAc?$AAr?$AAt?$AAw?$AA3?$AA2?$AA?2?$AAm?$AAi?$AAs?$AAc?$AA?2?$AAe?$AAr@ 000000014002ca50     LIBCMTD:errmode.obj
 0002:00001aa0       ??_C@_1CA@LFDHAMEM@?$AA_?$AAs?$AAe?$AAt?$AA_?$AAe?$AAr?$AAr?$AAo?$AAr?$AA_?$AAm?$AAo?$AAd?$AAe?$AA?$AA@ 000000014002caa0     LIBCMTD:errmode.obj
 0002:00001ae8       ??_C@_04HJMOFLDF@Free?$AA@ 000000014002cae8     LIBCMTD:dbgheap.obj
 0002:00001af0       ??_C@_06EFAGIKOH@Normal?$AA@ 000000014002caf0     LIBCMTD:dbgheap.obj
 0002:00001af8       ??_C@_03OGPFLFLO@CRT?$AA@  000000014002caf8     LIBCMTD:dbgheap.obj
 0002:00001afc       ??_C@_06KMEJCCGM@Ignore?$AA@ 000000014002cafc     LIBCMTD:dbgheap.obj
 0002:00001b04       ??_C@_06PJIGMIJB@Client?$AA@ 000000014002cb04     LIBCMTD:dbgheap.obj
 0002:00001b10       ??_C@_1CE@LJFEPPMP@?$AA_?$AAC?$AAr?$AAt?$AAC?$AAh?$AAe?$AAc?$AAk?$AAM?$AAe?$AAm?$AAo?$AAr?$AAy?$AA?$CI?$AA?$CJ?$AA?$AA@ 000000014002cb10     LIBCMTD:dbgheap.obj
 0002:00001b40       ??_C@_1FA@JKEKCOIC@?$AAf?$AA?3?$AA?2?$AAd?$AAd?$AA?2?$AAv?$AAc?$AAt?$AAo?$AAo?$AAl?$AAs?$AA?2?$AAc?$AAr?$AAt?$AA?2?$AAc?$AAr?$AAt?$AAw?$AA3?$AA2?$AA?2?$AAm?$AAi?$AAs?$AAc?$AA?2?$AAd?$AAb@ 000000014002cb40     LIBCMTD:dbgheap.obj
 0002:00001b90       ??_C@_0DF@BBEGIFEK@Client?5hook?5allocation?5failure?5a@ 000000014002cb90     LIBCMTD:dbgheap.obj
 0002:00001bc8       ??_C@_0CB@CCLOLAHO@Client?5hook?5allocation?5failure?4?6@ 000000014002cbc8     LIBCMTD:dbgheap.obj
 0002:00001bec       ??_C@_02DKCKIIND@?$CFs?$AA@ 000000014002cbec     LIBCMTD:dbgheap.obj
 0002:00001bf0       ??_C@_0CF@BICKFLAF@Invalid?5allocation?5size?3?5?$CFIu?5byt@ 000000014002cbf0     LIBCMTD:dbgheap.obj
 0002:00001c18       ??_C@_0DC@JEMAGEKG@Error?3?5memory?5allocation?3?5bad?5me@ 000000014002cc18     LIBCMTD:dbgheap.obj
 0002:00001c50       ??_C@_0DI@KKJPDPGM@Client?5hook?5re?9allocation?5failur@ 000000014002cc50     LIBCMTD:dbgheap.obj
 0002:00001c88       ??_C@_0CE@DOFMDOL@Client?5hook?5re?9allocation?5failur@ 000000014002cc88     LIBCMTD:dbgheap.obj
 0002:00001cb0       ??_C@_0ED@GPCPBAGP@Invalid?5allocation?5size?3?5?$CFIu?5byt@ 000000014002ccb0     LIBCMTD:dbgheap.obj
 0002:00001d00       ??_C@_0FA@EFEIGJKG@Error?3?5memory?5allocation?3?5bad?5me@ 000000014002cd00     LIBCMTD:dbgheap.obj
 0002:00001d50       ??_C@_0EM@LGFLMAGJ@The?5Block?5at?50x?$CFp?5was?5allocated?5@ 000000014002cd50     LIBCMTD:dbgheap.obj
 0002:00001da0       ??_C@_1EE@GFOPCECE@?$AA_?$AAC?$AAr?$AAt?$AAI?$AAs?$AAV?$AAa?$AAl?$AAi?$AAd?$AAH?$AAe?$AAa?$AAp?$AAP?$AAo?$AAi?$AAn?$AAt?$AAe?$AAr?$AA?$CI?$AAp?$AAU?$AAs?$AAe?$AAr?$AAD?$AAa?$AAt?$AAa@ 000000014002cda0     LIBCMTD:dbgheap.obj
 0002:00001df0       ??_C@_1IK@DCPKDGNH@?$AAp?$AAO?$AAl?$AAd?$AAB?$AAl?$AAo?$AAc?$AAk?$AA?9?$AA?$DO?$AAn?$AAL?$AAi?$AAn?$AAe?$AA?5?$AA?$DN?$AA?$DN?$AA?5?$AAI?$AAG?$AAN?$AAO?$AAR?$AAE?$AA_?$AAL?$AAI?$AAN?$AAE?$AA?5@ 000000014002cdf0     LIBCMTD:dbgheap.obj
 0002:00001e80       ??_C@_0DA@HFBKENN@Error?3?5possible?5heap?5corruption?5@ 000000014002ce80     LIBCMTD:dbgheap.obj
 0002:00001eb0       ??_C@_1GE@PCKLOLAO@?$AAf?$AAR?$AAe?$AAa?$AAl?$AAl?$AAo?$AAc?$AA?5?$AA?$HM?$AA?$HM?$AA?5?$AA?$CI?$AA?$CB?$AAf?$AAR?$AAe?$AAa?$AAl?$AAl?$AAo?$AAc?$AA?5?$AA?$CG?$AA?$CG?$AA?5?$AAp?$AAN?$AAe?$AAw?$AAB?$AAl@ 000000014002ceb0     LIBCMTD:dbgheap.obj
 0002:00001f18       ??_C@_1DC@GEFKNOOL@?$AA_?$AAp?$AAL?$AAa?$AAs?$AAt?$AAB?$AAl?$AAo?$AAc?$AAk?$AA?5?$AA?$DN?$AA?$DN?$AA?5?$AAp?$AAO?$AAl?$AAd?$AAB?$AAl?$AAo?$AAc?$AAk?$AA?$AA@ 000000014002cf18     LIBCMTD:dbgheap.obj
 0002:00001f50       ??_C@_1DE@KOOKLFBB@?$AA_?$AAp?$AAF?$AAi?$AAr?$AAs?$AAt?$AAB?$AAl?$AAo?$AAc?$AAk?$AA?5?$AA?$DN?$AA?$DN?$AA?5?$AAp?$AAO?$AAl?$AAd?$AAB?$AAl?$AAo?$AAc?$AAk?$AA?$AA@ 000000014002cf50     LIBCMTD:dbgheap.obj
 0002:00001f88       ??_C@_1CE@CJACEFBA@?$AAp?$AAU?$AAs?$AAe?$AAr?$AAD?$AAa?$AAt?$AAa?$AA?5?$AA?$CB?$AA?$DN?$AA?5?$AAN?$AAU?$AAL?$AAL?$AA?$AA@ 000000014002cf88     LIBCMTD:dbgheap.obj
 0002:00001fb0       ??_C@_0EJ@HEIBCIMJ@The?5Block?5at?50x?$CFp?5was?5allocated?5@ 000000014002cfb0     LIBCMTD:dbgheap.obj
 0002:00002000       ??_C@_0BL@KEIPLFAC@Client?5hook?5free?5failure?4?6?$AA@ 000000014002d000     LIBCMTD:dbgheap.obj
 0002:00002020       ??_C@_1EO@LHDAJOCM@?$AA_?$AAB?$AAL?$AAO?$AAC?$AAK?$AA_?$AAT?$AAY?$AAP?$AAE?$AA_?$AAI?$AAS?$AA_?$AAV?$AAA?$AAL?$AAI?$AAD?$AA?$CI?$AAp?$AAH?$AAe?$AAa?$AAd?$AA?9?$AA?$DO?$AAn?$AAB?$AAl?$AAo@ 000000014002d020     LIBCMTD:dbgheap.obj
 0002:00002070       ??_C@_0KI@JGFOHMEB@HEAP?5CORRUPTION?5DETECTED?3?5before@ 000000014002d070     LIBCMTD:dbgheap.obj
 0002:00002120       ??_C@_0IK@PJCGLBOB@HEAP?5CORRUPTION?5DETECTED?3?5before@ 000000014002d120     LIBCMTD:dbgheap.obj
 0002:000021b0       ??_C@_0KE@MBMNHHHN@HEAP?5CORRUPTION?5DETECTED?3?5after?5@ 000000014002d1b0     LIBCMTD:dbgheap.obj
 0002:00002260       ??_C@_0IG@LEMBDCJK@HEAP?5CORRUPTION?5DETECTED?3?5after?5@ 000000014002d260     LIBCMTD:dbgheap.obj
 0002:000022f0       ??_C@_1HK@HPCBMDFG@?$AAp?$AAH?$AAe?$AAa?$AAd?$AA?9?$AA?$DO?$AAn?$AAL?$AAi?$AAn?$AAe?$AA?5?$AA?$DN?$AA?$DN?$AA?5?$AAI?$AAG?$AAN?$AAO?$AAR?$AAE?$AA_?$AAL?$AAI?$AAN?$AAE?$AA?5?$AA?$CG?$AA?$CG?$AA?5?$AAp@ 000000014002d2f0     LIBCMTD:dbgheap.obj
 0002:00002370       ??_C@_1DM@ODCJIDCP@?$AAp?$AAH?$AAe?$AAa?$AAd?$AA?9?$AA?$DO?$AAn?$AAB?$AAl?$AAo?$AAc?$AAk?$AAU?$AAs?$AAe?$AA?5?$AA?$DN?$AA?$DN?$AA?5?$AAn?$AAB?$AAl?$AAo?$AAc?$AAk?$AAU?$AAs?$AAe?$AA?$AA@ 000000014002d370     LIBCMTD:dbgheap.obj
 0002:000023b0       ??_C@_1CK@DMAGEMBG@?$AA_?$AAp?$AAL?$AAa?$AAs?$AAt?$AAB?$AAl?$AAo?$AAc?$AAk?$AA?5?$AA?$DN?$AA?$DN?$AA?5?$AAp?$AAH?$AAe?$AAa?$AAd?$AA?$AA@ 000000014002d3b0     LIBCMTD:dbgheap.obj
 0002:000023e0       ??_C@_1CM@MMAADDMD@?$AA_?$AAp?$AAF?$AAi?$AAr?$AAs?$AAt?$AAB?$AAl?$AAo?$AAc?$AAk?$AA?5?$AA?$DN?$AA?$DN?$AA?5?$AAp?$AAH?$AAe?$AAa?$AAd?$AA?$AA@ 000000014002d3e0     LIBCMTD:dbgheap.obj
 0002:00002410       ??_C@_1BG@MBKOGDLD@?$AA_?$AAm?$AAs?$AAi?$AAz?$AAe?$AA_?$AAd?$AAb?$AAg?$AA?$AA@ 000000014002d410     LIBCMTD:dbgheap.obj
 0002:00002428       ??_C@_0CE@MKKHMBMK@_heapchk?5fails?5with?5_HEAPBADBEGI@ 000000014002d428     LIBCMTD:dbgheap.obj
 0002:00002450       ??_C@_0CD@CPKEAPBD@_heapchk?5fails?5with?5_HEAPBADNODE@ 000000014002d450     LIBCMTD:dbgheap.obj
 0002:00002478       ??_C@_0CC@MJGLGBDG@_heapchk?5fails?5with?5_HEAPBADEND?4@ 000000014002d478     LIBCMTD:dbgheap.obj
 0002:000024a0       ??_C@_0CC@MFFCHFHO@_heapchk?5fails?5with?5_HEAPBADPTR?4@ 000000014002d4a0     LIBCMTD:dbgheap.obj
 0002:000024c8       ??_C@_0CL@HNNNMKMJ@_heapchk?5fails?5with?5unknown?5retu@ 000000014002d4c8     LIBCMTD:dbgheap.obj
 0002:000024f8       ??_C@_07OHKEFPKJ@DAMAGED?$AA@ 000000014002d4f8     LIBCMTD:dbgheap.obj
 0002:00002500       ??_C@_0KA@IHNJJKPL@HEAP?5CORRUPTION?5DETECTED?3?5on?5top@ 000000014002d500     LIBCMTD:dbgheap.obj
 0002:000025a0       ??_C@_0IC@BBJIOOJH@HEAP?5CORRUPTION?5DETECTED?3?5on?5top@ 000000014002d5a0     LIBCMTD:dbgheap.obj
 0002:00002630       ??_C@_0EG@DGJMPDBH@?$CFhs?5located?5at?50x?$CFp?5is?5?$CFIu?5bytes@ 000000014002d630     LIBCMTD:dbgheap.obj
 0002:00002678       ??_C@_0CI@JMLBEDHJ@?$CFhs?5located?5at?50x?$CFp?5is?5?$CFIu?5bytes@ 000000014002d678     LIBCMTD:dbgheap.obj
 0002:000026a0       ??_C@_1BHO@NNANJNF@?$AA?$CI?$AAf?$AAN?$AAe?$AAw?$AAB?$AAi?$AAt?$AAs?$AA?$DN?$AA?$DN?$AA_?$AAC?$AAR?$AAT?$AAD?$AAB?$AAG?$AA_?$AAR?$AAE?$AAP?$AAO?$AAR?$AAT?$AA_?$AAF?$AAL?$AAA?$AAG?$AA?$CJ?$AA?5@ 000000014002d6a0     LIBCMTD:dbgheap.obj
 0002:00002820       ??_C@_1BO@GJFDNMNF@?$AA_?$AAC?$AAr?$AAt?$AAS?$AAe?$AAt?$AAD?$AAb?$AAg?$AAF?$AAl?$AAa?$AAg?$AA?$AA@ 000000014002d820     LIBCMTD:dbgheap.obj
 0002:00002840       ??_C@_1BM@MIMANDHC@?$AAs?$AAt?$AAa?$AAt?$AAe?$AA?5?$AA?$CB?$AA?$DN?$AA?5?$AAN?$AAU?$AAL?$AAL?$AA?$AA@ 000000014002d840     LIBCMTD:dbgheap.obj
 0002:00002860       ??_C@_1CE@NJJKELF@?$AA_?$AAC?$AAr?$AAt?$AAM?$AAe?$AAm?$AAC?$AAh?$AAe?$AAc?$AAk?$AAp?$AAo?$AAi?$AAn?$AAt?$AA?$AA@ 000000014002d860     LIBCMTD:dbgheap.obj
 0002:00002888       ??_C@_0DP@LEFMFBOD@Bad?5memory?5block?5found?5at?50x?$CFp?4?6@ 000000014002d888     LIBCMTD:dbgheap.obj
 0002:000028c8       ??_C@_0CB@EAAIGELO@Bad?5memory?5block?5found?5at?50x?$CFp?4?6@ 000000014002d8c8     LIBCMTD:dbgheap.obj
 0002:000028ec       ??_C@_05MKKEDADM@?$CF?42X?5?$AA@ 000000014002d8ec     LIBCMTD:dbgheap.obj
 0002:000028f8       ??_C@_1CG@LPFIACGM@?$AA_?$AAp?$AAr?$AAi?$AAn?$AAt?$AAM?$AAe?$AAm?$AAB?$AAl?$AAo?$AAc?$AAk?$AAD?$AAa?$AAt?$AAa?$AA?$AA@ 000000014002d8f8     LIBCMTD:dbgheap.obj
 0002:00002920       ??_C@_1BI@KALLJECN@?$AA?$CI?$AA?$CK?$AA_?$AAe?$AAr?$AAr?$AAn?$AAo?$AA?$CI?$AA?$CJ?$AA?$CJ?$AA?$AA@ 000000014002d920     LIBCMTD:dbgheap.obj
 0002:00002938       ??_C@_0BA@HJBKCELP@?5Data?3?5?$DM?$CFs?$DO?5?$CFs?6?$AA@ 000000014002d938     LIBCMTD:dbgheap.obj
 0002:00002948       ??_C@_0BE@KCIPKCIA@Dumping?5objects?5?9?$DO?6?$AA@ 000000014002d948     LIBCMTD:dbgheap.obj
 0002:00002960       ??_C@_0BE@OIEFNFL@?$CDFile?5Error?$CD?$CI?$CFd?$CJ?5?3?5?$AA@ 000000014002d960     LIBCMTD:dbgheap.obj
 0002:00002978       ??_C@_0L@JMEFFCCJ@?$CFhs?$CI?$CFd?$CJ?5?3?5?$AA@ 000000014002d978     LIBCMTD:dbgheap.obj
 0002:00002984       ??_C@_06PKLGBFGM@?$HL?$CFld?$HN?5?$AA@ 000000014002d984     LIBCMTD:dbgheap.obj
 0002:00002990       ??_C@_0DD@GHNAAKBB@client?5block?5at?50x?$CFp?0?5subtype?5?$CFx@ 000000014002d990     LIBCMTD:dbgheap.obj
 0002:000029c8       ??_C@_0CH@FAGDDGPN@normal?5block?5at?50x?$CFp?0?5?$CFIu?5bytes?5@ 000000014002d9c8     LIBCMTD:dbgheap.obj
 0002:000029f0       ??_C@_0DA@MDLBNIBM@crt?5block?5at?50x?$CFp?0?5subtype?5?$CFx?0?5?$CF@ 000000014002d9f0     LIBCMTD:dbgheap.obj
 0002:00002a20       ??_C@_0BH@GFGKJDCO@Object?5dump?5complete?4?6?$AA@ 000000014002da20     LIBCMTD:dbgheap.obj
 0002:00002a38       ??_C@_0BI@JBFPOEJA@Detected?5memory?5leaks?$CB?6?$AA@ 000000014002da38     LIBCMTD:dbgheap.obj
 0002:00002a50       ??_C@_0CG@NNNNMKLF@f?3?2dd?2vctools?2crt?2crtw32?2misc?2a_@ 000000014002da50     LIBCMTD:a_env.obj
 0002:00002a78       ??_C@_1BK@MGMFAEKH@?$AAk?$AAe?$AAr?$AAn?$AAe?$AAl?$AA3?$AA2?$AA?4?$AAd?$AAl?$AAl?$AA?$AA@ 000000014002da78     LIBCMTD:winapisupp.obj
 0002:00002a98       ??_C@_08KNHFBNJ@FlsAlloc?$AA@ 000000014002da98     LIBCMTD:winapisupp.obj
 0002:00002aa8       ??_C@_07PEJMOBNF@FlsFree?$AA@ 000000014002daa8     LIBCMTD:winapisupp.obj
 0002:00002ab0       ??_C@_0M@GDNOONDI@FlsGetValue?$AA@ 000000014002dab0     LIBCMTD:winapisupp.obj
 0002:00002ac0       ??_C@_0M@JCPCPOEF@FlsSetValue?$AA@ 000000014002dac0     LIBCMTD:winapisupp.obj
 0002:00002ad0       ??_C@_0BM@HCFOFFN@InitializeCriticalSectionEx?$AA@ 000000014002dad0     LIBCMTD:winapisupp.obj
 0002:00002af0       ??_C@_0P@DLHPPCNH@CreateEventExW?$AA@ 000000014002daf0     LIBCMTD:winapisupp.obj
 0002:00002b00       ??_C@_0BD@KIEEOEEH@CreateSemaphoreExW?$AA@ 000000014002db00     LIBCMTD:winapisupp.obj
 0002:00002b18       ??_C@_0BI@BKLFFAPO@SetThreadStackGuarantee?$AA@ 000000014002db18     LIBCMTD:winapisupp.obj
 0002:00002b30       ??_C@_0BG@OGFAJCKC@CreateThreadpoolTimer?$AA@ 000000014002db30     LIBCMTD:winapisupp.obj
 0002:00002b48       ??_C@_0BD@LPLEMMDI@SetThreadpoolTimer?$AA@ 000000014002db48     LIBCMTD:winapisupp.obj
 0002:00002b60       ??_C@_0CA@FMNJENH@WaitForThreadpoolTimerCallbacks?$AA@ 000000014002db60     LIBCMTD:winapisupp.obj
 0002:00002b80       ??_C@_0BF@DCFCCNOC@CloseThreadpoolTimer?$AA@ 000000014002db80     LIBCMTD:winapisupp.obj
 0002:00002b98       ??_C@_0BF@FLABGKKM@CreateThreadpoolWait?$AA@ 000000014002db98     LIBCMTD:winapisupp.obj
 0002:00002bb0       ??_C@_0BC@MGCOHNA@SetThreadpoolWait?$AA@ 000000014002dbb0     LIBCMTD:winapisupp.obj
 0002:00002bc8       ??_C@_0BE@OCIOMIMP@CloseThreadpoolWait?$AA@ 000000014002dbc8     LIBCMTD:winapisupp.obj
 0002:00002be0       ??_C@_0BJ@LKGHFHBO@FlushProcessWriteBuffers?$AA@ 000000014002dbe0     LIBCMTD:winapisupp.obj
 0002:00002c00       ??_C@_0BP@KALKKPMO@FreeLibraryWhenCallbackReturns?$AA@ 000000014002dc00     LIBCMTD:winapisupp.obj
 0002:00002c20       ??_C@_0BK@DFNBACLA@GetCurrentProcessorNumber?$AA@ 000000014002dc20     LIBCMTD:winapisupp.obj
 0002:00002c40       ??_C@_0BP@KHGALBC@GetLogicalProcessorInformation?$AA@ 000000014002dc40     LIBCMTD:winapisupp.obj
 0002:00002c60       ??_C@_0BE@FKKLLFLM@CreateSymbolicLinkW?$AA@ 000000014002dc60     LIBCMTD:winapisupp.obj
 0002:00002c78       ??_C@_0BJ@OHNKDLIJ@SetDefaultDllDirectories?$AA@ 000000014002dc78     LIBCMTD:winapisupp.obj
 0002:00002c98       ??_C@_0BE@LJANKFHF@EnumSystemLocalesEx?$AA@ 000000014002dc98     LIBCMTD:winapisupp.obj
 0002:00002cb0       ??_C@_0BA@IHGNDAEB@CompareStringEx?$AA@ 000000014002dcb0     LIBCMTD:winapisupp.obj
 0002:00002cc0       ??_C@_0BA@EPCJIIPD@GetDateFormatEx?$AA@ 000000014002dcc0     LIBCMTD:winapisupp.obj
 0002:00002cd0       ??_C@_0BA@ONOKGCMP@GetLocaleInfoEx?$AA@ 000000014002dcd0     LIBCMTD:winapisupp.obj
 0002:00002ce0       ??_C@_0BA@CIJJKCJJ@GetTimeFormatEx?$AA@ 000000014002dce0     LIBCMTD:winapisupp.obj
 0002:00002cf0       ??_C@_0BJ@PBCCBIPI@GetUserDefaultLocaleName?$AA@ 000000014002dcf0     LIBCMTD:winapisupp.obj
 0002:00002d10       ??_C@_0BC@CELBKLLA@IsValidLocaleName?$AA@ 000000014002dd10     LIBCMTD:winapisupp.obj
 0002:00002d28       ??_C@_0O@KKBNKAPF@LCMapStringEx?$AA@ 000000014002dd28     LIBCMTD:winapisupp.obj
 0002:00002d38       ??_C@_0BE@JOGNEJCI@GetCurrentPackageId?$AA@ 000000014002dd38     LIBCMTD:winapisupp.obj
 0002:00002d50       ??_C@_0P@CDHHOHKP@GetTickCount64?$AA@ 000000014002dd50     LIBCMTD:winapisupp.obj
 0002:00002d60       ??_C@_0BO@KPCLFDJJ@GetFileInformationByHandleExW?$AA@ 000000014002dd60     LIBCMTD:winapisupp.obj
 0002:00002d80       ??_C@_0BM@MHIDLABK@SetFileInformationByHandleW?$AA@ 000000014002dd80     LIBCMTD:winapisupp.obj
 0002:00002d9c       ??_C@_00CNPNBAHC@?$AA@     000000014002dd9c     LIBCMTD:wincmdln.obj
 0002:00002da0       ??_C@_1BJK@FEBNHLFF@?$AA?$CI?$AA?$CI?$AAp?$AAt?$AAl?$AAo?$AAc?$AAi?$AA?9?$AA?$DO?$AAl?$AAc?$AA_?$AAc?$AAa?$AAt?$AAe?$AAg?$AAo?$AAr?$AAy?$AA?$FL?$AAc?$AAa?$AAt?$AAe?$AAg?$AAo?$AAr?$AAy?$AA?$FN?$AA?4@ 000000014002dda0     LIBCMTD:localref.obj
 0002:00002f40       ??_C@_1FC@HINIIGNO@?$AAf?$AA?3?$AA?2?$AAd?$AAd?$AA?2?$AAv?$AAc?$AAt?$AAo?$AAo?$AAl?$AAs?$AA?2?$AAc?$AAr?$AAt?$AA?2?$AAc?$AAr?$AAt?$AAw?$AA3?$AA2?$AA?2?$AAm?$AAi?$AAs?$AAc?$AA?2?$AAl?$AAo@ 000000014002df40     LIBCMTD:localref.obj
 0002:00002fb8       ??_C@_1M@HPNHIDJI@?$AAj?$AAa?$AA?9?$AAJ?$AAP?$AA?$AA@ 000000014002dfb8     LIBCMTD:mbctype.obj
 0002:00002fc8       ??_C@_1M@BIBDDEMK@?$AAz?$AAh?$AA?9?$AAC?$AAN?$AA?$AA@ 000000014002dfc8     LIBCMTD:mbctype.obj
 0002:00002fd8       ??_C@_1M@JLOOOEGK@?$AAk?$AAo?$AA?9?$AAK?$AAR?$AA?$AA@ 000000014002dfd8     LIBCMTD:mbctype.obj
 0002:00002fe8       ??_C@_1M@CLNBBOPM@?$AAz?$AAh?$AA?9?$AAT?$AAW?$AA?$AA@ 000000014002dfe8     LIBCMTD:mbctype.obj
 0002:00003020       ??_C@_0CM@BEDCPGGG@f?3?2dd?2vctools?2crt?2crtw32?2mbstrin@ 000000014002e020     LIBCMTD:mbctype.obj
 0002:00003050       ??_C@_1FC@NCPEPIBI@?$AA?$CI?$AA?$CI?$AA_?$AAD?$AAs?$AAt?$AA?$CJ?$AA?$CJ?$AA?5?$AA?$CB?$AA?$DN?$AA?5?$AAN?$AAU?$AAL?$AAL?$AA?5?$AA?$CG?$AA?$CG?$AA?5?$AA?$CI?$AA?$CI?$AA_?$AAS?$AAi?$AAz?$AAe?$AAI?$AAn?$AAB?$AAy?$AAt@ 000000014002e050     LIBCMTD:strcpy_s.obj
 0002:000030b0       ??_C@_1FA@ILDLFIFE@?$AAf?$AA?3?$AA?2?$AAd?$AAd?$AA?2?$AAv?$AAc?$AAt?$AAo?$AAo?$AAl?$AAs?$AA?2?$AAc?$AAr?$AAt?$AA?2?$AAc?$AAr?$AAt?$AAw?$AA3?$AA2?$AA?2?$AAh?$AA?2?$AAt?$AAc?$AAs?$AAc?$AAp@ 000000014002e0b0     LIBCMTD:strcpy_s.obj
 0002:00003100       ??_C@_1BC@CFJEPFGF@?$AAs?$AAt?$AAr?$AAc?$AAp?$AAy?$AA_?$AAs?$AA?$AA@ 000000014002e100     LIBCMTD:strcpy_s.obj
 0002:00003118       ??_C@_1CG@OFBJMIGJ@?$AA?$CI?$AA?$CI?$AA?$CI?$AA_?$AAS?$AAr?$AAc?$AA?$CJ?$AA?$CJ?$AA?$CJ?$AA?5?$AA?$CB?$AA?$DN?$AA?5?$AAN?$AAU?$AAL?$AAL?$AA?$AA@ 000000014002e118     LIBCMTD:strcpy_s.obj
 0002:00003140       ??_C@_1CI@HCPHDDLE@?$AAB?$AAu?$AAf?$AAf?$AAe?$AAr?$AA?5?$AAi?$AAs?$AA?5?$AAt?$AAo?$AAo?$AA?5?$AAs?$AAm?$AAa?$AAl?$AAl?$AA?$AA@ 000000014002e140     LIBCMTD:strcpy_s.obj
 0002:00003168       ??_C@_1DM@MADKGDLO@?$AA?$CI?$AAL?$AA?$CC?$AAB?$AAu?$AAf?$AAf?$AAe?$AAr?$AA?5?$AAi?$AAs?$AA?5?$AAt?$AAo?$AAo?$AA?5?$AAs?$AAm?$AAa?$AAl?$AAl?$AA?$CC?$AA?5?$AA?$CG?$AA?$CG?$AA?5?$AA0?$AA?$CJ?$AA?$AA@ 000000014002e168     LIBCMTD:strcpy_s.obj
 0002:000031b0       ??_C@_1FI@JBLIKEIM@?$AAf?$AA?3?$AA?2?$AAd?$AAd?$AA?2?$AAv?$AAc?$AAt?$AAo?$AAo?$AAl?$AAs?$AA?2?$AAc?$AAr?$AAt?$AA?2?$AAc?$AAr?$AAt?$AAw?$AA3?$AA2?$AA?2?$AAc?$AAo?$AAn?$AAv?$AAe?$AAr?$AAt@ 000000014002e1b0     LIBCMTD:_fptostr.obj
 0002:00003208       ??_C@_1BC@OPALLEB@?$AA_?$AAf?$AAp?$AAt?$AAo?$AAs?$AAt?$AAr?$AA?$AA@ 000000014002e208     LIBCMTD:_fptostr.obj
 0002:00003220       ??_C@_1GM@CEDLGDDI@?$AAs?$AAi?$AAz?$AAe?$AAI?$AAn?$AAB?$AAy?$AAt?$AAe?$AAs?$AA?5?$AA?$DO?$AA?5?$AA?$CI?$AAs?$AAi?$AAz?$AAe?$AA_?$AAt?$AA?$CJ?$AA?$CI?$AA?$CI?$AAd?$AAi?$AAg?$AAi?$AAt?$AAs?$AA?5?$AA?$DO@ 000000014002e220     LIBCMTD:_fptostr.obj
 0002:00003290       ??_C@_1BK@CLIEHFDF@?$AAp?$AAf?$AAl?$AAt?$AA?5?$AA?$CB?$AA?$DN?$AA?5?$AAN?$AAU?$AAL?$AAL?$AA?$AA@ 000000014002e290     LIBCMTD:_fptostr.obj
 0002:000032b0       ??_C@_1EK@LJBJCHGA@?$AAf?$AA?3?$AA?2?$AAd?$AAd?$AA?2?$AAv?$AAc?$AAt?$AAo?$AAo?$AAl?$AAs?$AA?2?$AAc?$AAr?$AAt?$AA?2?$AAf?$AAp?$AAw?$AA3?$AA2?$AA?2?$AAc?$AAo?$AAn?$AAv?$AA?2?$AAc?$AAf?$AAo@ 000000014002e2b0     LIBCMTD:cfout.obj
 0002:00003300       ??_C@_1BC@BPMMEHLK@?$AA_?$AAf?$AAl?$AAt?$AAo?$AAu?$AAt?$AA2?$AA?$AA@ 000000014002e300     LIBCMTD:cfout.obj
 0002:00003320       ??_C@_1FK@KODCOBKF@?$AAs?$AAt?$AAr?$AAc?$AAp?$AAy?$AA_?$AAs?$AA?$CI?$AAr?$AAe?$AAs?$AAu?$AAl?$AAt?$AAs?$AAt?$AAr?$AA?0?$AA?5?$AAr?$AAe?$AAs?$AAu?$AAl?$AAt?$AAs?$AAi?$AAz?$AAe?$AA?0?$AA?5@ 000000014002e320     LIBCMTD:cfout.obj
 0002:00003398       ??_C@_1BA@GLMCNLEM@?$AAW?$AAa?$AAr?$AAn?$AAi?$AAn?$AAg?$AA?$AA@ 000000014002e398     LIBCMTD:dbgrptw.obj
 0002:000033a8       ??_C@_1M@ILHOPKA@?$AAE?$AAr?$AAr?$AAo?$AAr?$AA?$AA@ 000000014002e3a8     LIBCMTD:dbgrptw.obj
 0002:000033b8       ??_C@_1CC@CGHMNGDG@?$AAA?$AAs?$AAs?$AAe?$AAr?$AAt?$AAi?$AAo?$AAn?$AA?5?$AAF?$AAa?$AAi?$AAl?$AAe?$AAd?$AA?$AA@ 000000014002e3b8     LIBCMTD:dbgrptw.obj
 0002:000033e0       ??_C@_1EO@JACJHHCK@?$AAf?$AA?3?$AA?2?$AAd?$AAd?$AA?2?$AAv?$AAc?$AAt?$AAo?$AAo?$AAl?$AAs?$AA?2?$AAc?$AAr?$AAt?$AA?2?$AAc?$AAr?$AAt?$AAw?$AA3?$AA2?$AA?2?$AAm?$AAi?$AAs?$AAc?$AA?2?$AAd?$AAb@ 000000014002e3e0     LIBCMTD:dbgrptw.obj
 0002:00003430       ??_C@_1CI@PGJIFDEK@?$AA_?$AA_?$AAc?$AAr?$AAt?$AAM?$AAe?$AAs?$AAs?$AAa?$AAg?$AAe?$AAW?$AAi?$AAn?$AAd?$AAo?$AAw?$AAW?$AA?$AA@ 000000014002e430     LIBCMTD:dbgrptw.obj
 0002:00003460       ??_C@_1GI@DEDNNLCI@?$AAw?$AAc?$AAs?$AAc?$AAp?$AAy?$AA_?$AAs?$AA?$CI?$AAs?$AAz?$AAE?$AAx?$AAe?$AAN?$AAa?$AAm?$AAe?$AA?0?$AA?5?$AA2?$AA6?$AA0?$AA?0?$AA?5?$AAL?$AA?$CC?$AA?$DM?$AAp?$AAr?$AAo?$AAg@ 000000014002e460     LIBCMTD:dbgrptw.obj
 0002:000034d0       ??_C@_1NO@LECLLHOL@?$AAm?$AAe?$AAm?$AAc?$AAp?$AAy?$AA_?$AAs?$AA?$CI?$AAs?$AAz?$AAS?$AAh?$AAo?$AAr?$AAt?$AAP?$AAr?$AAo?$AAg?$AAN?$AAa?$AAm?$AAe?$AA?0?$AA?5?$AAs?$AAi?$AAz?$AAe?$AAo?$AAf@ 000000014002e4d0     LIBCMTD:dbgrptw.obj
 0002:000035b0       ??_C@_1OG@PMPPFHAF@?$AA?6?$AA?6?$AAF?$AAo?$AAr?$AA?5?$AAi?$AAn?$AAf?$AAo?$AAr?$AAm?$AAa?$AAt?$AAi?$AAo?$AAn?$AA?5?$AAo?$AAn?$AA?5?$AAh?$AAo?$AAw?$AA?5?$AAy?$AAo?$AAu?$AAr?$AA?5?$AAp?$AAr@ 000000014002e5b0     LIBCMTD:dbgrptw.obj
 0002:00003698       ??_C@_11LOCGONAA@?$AA?$AA@ 000000014002e698     LIBCMTD:dbgrptw.obj
 0002:000036a0       ??_C@_1BK@PEDCIPMA@?$AAE?$AAx?$AAp?$AAr?$AAe?$AAs?$AAs?$AAi?$AAo?$AAn?$AA?3?$AA?5?$AA?$AA@ 000000014002e6a0     LIBCMTD:dbgrptw.obj
 0002:000036c0       ??_C@_1BA@GLLGCPCK@?$AA?6?$AAL?$AAi?$AAn?$AAe?$AA?3?$AA?5?$AA?$AA@ 000000014002e6c0     LIBCMTD:dbgrptw.obj
 0002:000036d0       ??_C@_1BA@LNHECFIM@?$AA?6?$AAF?$AAi?$AAl?$AAe?$AA?3?$AA?5?$AA?$AA@ 000000014002e6d0     LIBCMTD:dbgrptw.obj
 0002:000036e0       ??_C@_1BE@CGCJKGHI@?$AA?6?$AAM?$AAo?$AAd?$AAu?$AAl?$AAe?$AA?3?$AA?5?$AA?$AA@ 000000014002e6e0     LIBCMTD:dbgrptw.obj
 0002:00003700       ??_C@_1KM@HNMIBKJH@?$AAD?$AAe?$AAb?$AAu?$AAg?$AA?5?$AA?$CF?$AAs?$AA?$CB?$AA?6?$AA?6?$AAP?$AAr?$AAo?$AAg?$AAr?$AAa?$AAm?$AA?3?$AA?5?$AA?$CF?$AAs?$AA?$CF?$AAs?$AA?$CF?$AAs?$AA?$CF?$AAs?$AA?$CF?$AAs?$AA?$CF?$AAs@ 000000014002e700     LIBCMTD:dbgrptw.obj
[...]
 0004:00000b94       $pdata$?_GetEstablisherFrame@@YAPEA_KPEA_KPEAU_xDISPATCHER_CONTEXT@@PEBU_s_FuncInfo@@0@Z 000000014003cb94     LIBCMTD:trnsctrl.obj
 0004:00000ba0       $pdata$?_GetRangeOfTrysToCheck@@YAPEBU_s_TryBlockMapEntry@@PEA_KPEBU_s_FuncInfo@@HHPEAI2PEAU_xDISPATCHER_CONTEXT@@@Z 000000014003cba0     LIBCMTD:trnsctrl.obj
 0004:00000bac       $pdata$?__FrameUnwindToEmptyState@@YAXPEA_KPEAU_xDISPATCHER_CONTEXT@@PEBU_s_FuncInfo@@@Z 000000014003cbac     LIBCMTD:trnsctrl.obj
 0004:00000bb8       $pdata$?__SehTransFilter@@YAHPEAU_EXCEPTION_POINTERS@@PEAUEHExceptionRecord@@PEA_KPEAU_CONTEXT@@PEAU_xDISPATCHER_CONTEXT@@PEBU_s_FuncInfo@@PEAH@Z 000000014003cbb8     LIBCMTD:trnsctrl.obj
 0004:00000bc4       $pdata$_CallSETranslator   000000014003cbc4     LIBCMTD:trnsctrl.obj
 0004:00000bd0       $pdata$_CreateFrameInfo    000000014003cbd0     LIBCMTD:trnsctrl.obj
 0004:00000bdc       $pdata$_FindAndUnlinkFrame 000000014003cbdc     LIBCMTD:trnsctrl.obj
 0004:00000be8       $pdata$_GetImageBase       000000014003cbe8     LIBCMTD:trnsctrl.obj
 0004:00000bf4       $pdata$_GetThrowImageBase  000000014003cbf4     LIBCMTD:trnsctrl.obj
 0004:00000c00       $pdata$_IsExceptionObjectToBeDestroyed 000000014003cc00     LIBCMTD:trnsctrl.obj
 0004:00000c0c       $pdata$_SetImageBase       000000014003cc0c     LIBCMTD:trnsctrl.obj
 0004:00000c18       $pdata$_SetThrowImageBase  000000014003cc18     LIBCMTD:trnsctrl.obj
 0004:00000c24       $pdata$_UnwindNestedFrames 000000014003cc24     LIBCMTD:trnsctrl.obj
 0004:00000c30       $pdata$__CxxFrameHandler3  000000014003cc30     LIBCMTD:trnsctrl.obj
 0004:00000c3c       $pdata$_locterm            000000014003cc3c     LIBCMTD:wsetloca.obj
 0004:00000c48       $pdata$_isleadbyte_l       000000014003cc48     LIBCMTD:_wctype.obj
 0004:00000c54       $pdata$isleadbyte          000000014003cc54     LIBCMTD:_wctype.obj
 0004:00000c60       $pdata$__isa_available_init 000000014003cc60     LIBCMTD:cpu_disp.obj
 0004:00000c6c       $pdata$_CopyMan            000000014003cc6c     LIBCMTD:intrncvt.obj
 0004:00000c78       $pdata$_FillZeroMan        000000014003cc78     LIBCMTD:intrncvt.obj
 0004:00000c84       $pdata$_IncMan             000000014003cc84     LIBCMTD:intrncvt.obj
 0004:00000c90       $pdata$_IsZeroMan          000000014003cc90     LIBCMTD:intrncvt.obj
 0004:00000c9c       $pdata$_RoundMan           000000014003cc9c     LIBCMTD:intrncvt.obj
 0004:00000ca8       $pdata$_ShrMan             000000014003cca8     LIBCMTD:intrncvt.obj
 0004:00000cb4       $pdata$_ZeroTail           000000014003ccb4     LIBCMTD:intrncvt.obj
 0004:00000cc0       $pdata$__addl              000000014003ccc0     LIBCMTD:intrncvt.obj
 0004:00000ccc       $pdata$_ld12cvt            000000014003cccc     LIBCMTD:intrncvt.obj
 0004:00000cd8       $pdata$_ld12tod            000000014003ccd8     LIBCMTD:intrncvt.obj
 0004:00000ce4       $pdata$_ld12tof            000000014003cce4     LIBCMTD:intrncvt.obj
 0004:00000cf0       $pdata$__ld12mul           000000014003ccf0     LIBCMTD:strgtold.obj
 0004:00000cfc       $pdata$__multtenpow12      000000014003ccfc     LIBCMTD:strgtold.obj
 0004:00000d08       $pdata$__shl_12            000000014003cd08     LIBCMTD:strgtold.obj
 0004:00000d14       $pdata$__shr_12            000000014003cd14     LIBCMTD:strgtold.obj
 0004:00000d20       $pdata$__strgtold12_l      000000014003cd20     LIBCMTD:strgtold.obj
 0004:00000d2c       $pdata$$I10_OUTPUT         000000014003cd2c     LIBCMTD:x10fout.obj
 0004:00000d38       $pdata$__add_12            000000014003cd38     LIBCMTD:x10fout.obj
 0004:00000d44       $pdata$memcpy_s            000000014003cd44     LIBCMTD:memcpy_s.obj
 0004:00000d50       $pdata$_snwprintf_s        000000014003cd50     LIBCMTD:swprintf.obj
 0004:00000d5c       $pdata$_VCrtDbgReportA     000000014003cd5c     LIBCMTD:dbgrptt.obj
 0004:00000d68       $pdata$_VCrtDbgReportW     000000014003cd68     LIBCMTD:dbgrptt.obj
 0004:00000d74       $pdata$abort               000000014003cd74     LIBCMTD:abort.obj
 0004:00000d80       $pdata$GetTableIndexFromLocaleName 000000014003cd80     LIBCMTD:winapinls.obj
 0004:00000d8c       $pdata$__crtDownlevelLocaleNameToLCID 000000014003cd8c     LIBCMTD:winapinls.obj
 0004:00000d98       $pdata$__crtLCMapStringEx  000000014003cd98     LIBCMTD:winapinls.obj
 0004:00000da4       $pdata$__wcsnicmp_ascii    000000014003cda4     LIBCMTD:winapinls.obj
 0004:00000db0       $pdata$_fileno             000000014003cdb0     LIBCMTD:fileno.obj
 0004:00000dbc       $pdata$_isatty             000000014003cdbc     LIBCMTD:isatty.obj
 0004:00000dc8       $pdata$_fflush_nolock      000000014003cdc8     LIBCMTD:fflush.obj
 0004:00000dd4       $pdata$_flush              000000014003cdd4     LIBCMTD:fflush.obj
 0004:00000de0       $pdata$_flushall           000000014003cde0     LIBCMTD:fflush.obj
 0004:00000dec       $pdata$flsall              000000014003cdec     LIBCMTD:fflush.obj
 0004:00000df8       $pdata$_fcloseall          000000014003cdf8     LIBCMTD:closeall.obj
 0004:00000e04       $pdata$_flsbuf             000000014003ce04     LIBCMTD:_flsbuf.obj
 0004:00000e10       $pdata$_vsnprintf_helper   000000014003ce10     LIBCMTD:vsnprnc.obj
 0004:00000e1c       $pdata$_vsnprintf_s        000000014003ce1c     LIBCMTD:vsnprnc.obj
 0004:00000e28       $pdata$_vsnprintf_s_l      000000014003ce28     LIBCMTD:vsnprnc.obj
 0004:00000e34       $pdata$_vsprintf_s_l       000000014003ce34     LIBCMTD:vsnprnc.obj
 0004:00000e40       $pdata$get_int64_arg       000000014003ce40     LIBCMTD:output.obj
 0004:00000e4c       $pdata$get_int_arg         000000014003ce4c     LIBCMTD:output.obj
 0004:00000e58       $pdata$get_short_arg       000000014003ce58     LIBCMTD:output.obj
 0004:00000e64       $pdata$free                000000014003ce64     LIBCMTD:dbgfree.obj
 0004:00000e70       $pdata$malloc              000000014003ce70     LIBCMTD:dbgmalloc.obj
 0004:00000e7c       $pdata$__DestructExceptionObject 000000014003ce7c     LIBCMTD:frame.obj
 0004:00000e88       $pdata$??0bad_exception@std@@QEAA@AEBV01@@Z 000000014003ce88     LIBCMTD:frame.obj
 0004:00000e94       $pdata$??0bad_exception@std@@QEAA@PEBD@Z 000000014003ce94     LIBCMTD:frame.obj
 0004:00000ea0       $pdata$??1bad_exception@std@@UEAA@XZ 000000014003cea0     LIBCMTD:frame.obj
 0004:00000eac       $pdata$??_Gbad_exception@std@@UEAAPEAXI@Z 000000014003ceac     LIBCMTD:frame.obj
 0004:00000eb8       $pdata$?CatchIt@@YAXPEAUEHExceptionRecord@@PEA_KPEAU_CONTEXT@@PEAU_xDISPATCHER_CONTEXT@@PEBU_s_FuncInfo@@PEBU_s_HandlerType@@PEBU_s_CatchableType@@PEBU_s_TryBlockMapEntry@@H1EE@Z 000000014003ceb8     LIBCMTD:frame.obj
 0004:00000ec4       $pdata$?ExFilterRethrow@@YAHPEAU_EXCEPTION_POINTERS@@PEAUEHExceptionRecord@@PEAH@Z 000000014003cec4     LIBCMTD:frame.obj
 0004:00000ed0       $pdata$?FindHandler@@YAXPEAUEHExceptionRecord@@PEA_KPEAU_CONTEXT@@PEAU_xDISPATCHER_CONTEXT@@PEBU_s_FuncInfo@@EH1@Z 000000014003ced0     LIBCMTD:frame.obj
 0004:00000edc       $pdata$?FindHandlerForForeignException@@YAXPEAUEHExceptionRecord@@PEA_KPEAU_CONTEXT@@PEAU_xDISPATCHER_CONTEXT@@PEBU_s_FuncInfo@@HH1@Z 000000014003cedc     LIBCMTD:frame.obj
 0004:00000ee8       $pdata$?IsInExceptionSpec@@YAEPEAUEHExceptionRecord@@PEBU_s_ESTypeList@@@Z 000000014003cee8     LIBCMTD:frame.obj
 0004:00000ef4       $pdata$?Is_bad_exception_allowed@@YAEPEBU_s_ESTypeList@@@Z 000000014003cef4     LIBCMTD:frame.obj
 0004:00000f00       $pdata$?__RethrowException@@YAXPEAUEHExceptionRecord@@@Z 000000014003cf00     LIBCMTD:frame.obj
 0004:00000f0c       $pdata$__AdjustPointer     000000014003cf0c     LIBCMTD:frame.obj
 0004:00000f18       $pdata$__BuildCatchObject  000000014003cf18     LIBCMTD:frame.obj
 0004:00000f24       $pdata$__BuildCatchObjectHelper 000000014003cf24     LIBCMTD:frame.obj
 0004:00000f30       $pdata$__CxxCallCatchBlock 000000014003cf30     LIBCMTD:frame.obj
 0004:00000f3c       $pdata$__FrameUnwindFilter 000000014003cf3c     LIBCMTD:frame.obj
 0004:00000f48       $pdata$__FrameUnwindToState 000000014003cf48     LIBCMTD:frame.obj
 0004:00000f54       $pdata$__InternalCxxFrameHandler 000000014003cf54     LIBCMTD:frame.obj
 0004:00000f60       $pdata$__TypeMatch         000000014003cf60     LIBCMTD:frame.obj
 0004:00000f6c       $pdata$?__GetCurrentState@@YAHPEA_KPEAU_xDISPATCHER_CONTEXT@@PEBU_s_FuncInfo@@@Z 000000014003cf6c     LIBCMTD:ehstate.obj
 0004:00000f78       $pdata$?__GetUnwindTryBlock@@YAHPEA_KPEAU_xDISPATCHER_CONTEXT@@PEBU_s_FuncInfo@@@Z 000000014003cf78     LIBCMTD:ehstate.obj
 0004:00000f84       $pdata$?__SetUnwindTryBlock@@YAXPEA_KPEAU_xDISPATCHER_CONTEXT@@PEBU_s_FuncInfo@@H@Z 000000014003cf84     LIBCMTD:ehstate.obj
 0004:00000f90       $pdata$?__StateFromControlPc@@YAHPEBU_s_FuncInfo@@PEAU_xDISPATCHER_CONTEXT@@@Z 000000014003cf90     LIBCMTD:ehstate.obj
 0004:00000f9c       $pdata$?__StateFromIp@@YAHPEBU_s_FuncInfo@@PEAU_xDISPATCHER_CONTEXT@@_J@Z 000000014003cf9c     LIBCMTD:ehstate.obj
 0004:00000fb4       $pdata$__mtold12           000000014003cfb4     LIBCMTD:mantold.obj
 0004:00000fc0       $pdata$_vsnwprintf_s       000000014003cfc0     LIBCMTD:vswprnc.obj
 0004:00000fcc       $pdata$_vsnwprintf_s_l     000000014003cfcc     LIBCMTD:vswprnc.obj
 0004:00000fd8       $pdata$_vswprintf_helper   000000014003cfd8     LIBCMTD:vswprnc.obj
 0004:00000fe4       $pdata$strcat_s            000000014003cfe4     LIBCMTD:strcat_s.obj
 0004:00000ff0       $pdata$_itoa_s             000000014003cff0     LIBCMTD:xtoas.obj
 0004:00000ffc       $pdata$xtoa_s              000000014003cffc     LIBCMTD:xtoas.obj
 0004:00001008       $pdata$_mbstowcs_l_helper  000000014003d008     LIBCMTD:mbstowcs.obj
 0004:00001014       $pdata$_mbstowcs_s_l       000000014003d014     LIBCMTD:mbstowcs.obj
 0004:00001020       $pdata$mbstowcs_s          000000014003d020     LIBCMTD:mbstowcs.obj
 0004:0000102c       $pdata$?wcsncnt@@YA_KPEB_W_K@Z 000000014003d02c     LIBCMTD:wcstombs.obj
 0004:00001038       $pdata$_wcstombs_l_helper  000000014003d038     LIBCMTD:wcstombs.obj
 0004:00001044       $pdata$_wcstombs_s_l       000000014003d044     LIBCMTD:wcstombs.obj
 0004:00001050       $pdata$wcstombs_s          000000014003d050     LIBCMTD:wcstombs.obj
 0004:0000105c       $pdata$_itow_s             000000014003d05c     LIBCMTD:xtows.obj
 0004:00001068       $pdata$xtow_s              000000014003d068     LIBCMTD:xtows.obj
 0004:00001074       $pdata$__GSHandlerCheck_SEH 000000014003d074     LIBCMTD:gshandlerseh.obj
 0004:00001080       $pdata$_commit             000000014003d080     LIBCMTD:commit.obj
 0004:0000108c       $pdata$_write              000000014003d08c     LIBCMTD:write.obj
 0004:00001098       $pdata$_write_nolock       000000014003d098     LIBCMTD:write.obj
 0004:000010a4       $pdata$_fclose_nolock      000000014003d0a4     LIBCMTD:fclose.obj
 0004:000010b0       $pdata$fclose              000000014003d0b0     LIBCMTD:fclose.obj
 0004:000010bc       $pdata$_lseeki64           000000014003d0bc     LIBCMTD:lseeki64.obj
 0004:000010c8       $pdata$_lseeki64_nolock    000000014003d0c8     LIBCMTD:lseeki64.obj
 0004:000010d4       $pdata$_getbuf             000000014003d0d4     LIBCMTD:_getbuf.obj
 0004:000010e0       $pdata$_output_s_l         000000014003d0e0     LIBCMTD:outputs.obj
 0004:000010ec       $pdata$write_char          000000014003d0ec     LIBCMTD:outputs.obj
 0004:000010f8       $pdata$write_multi_char    000000014003d0f8     LIBCMTD:outputs.obj
 0004:00001104       $pdata$write_string        000000014003d104     LIBCMTD:outputs.obj
 0004:00001110       $pdata$_get_printf_count_output 000000014003d110     LIBCMTD:printf.obj
 0004:0000111c       $pdata$_wctomb_s_l         000000014003d11c     LIBCMTD:wctomb.obj
 0004:00001128       $pdata$wctomb_s            000000014003d128     LIBCMTD:wctomb.obj
 0004:00001134       $pdata$??3@YAXPEAX@Z       000000014003d134     LIBCMTD:dbgdel.obj
 0004:0000114c       $pdata$?_ValidateExecute@@YAHP6A_JXZ@Z 000000014003d14c     LIBCMTD:validate.obj
 0004:00001158       $pdata$?_ValidateWrite@@YAHPEAXI@Z 000000014003d158     LIBCMTD:validate.obj
 0004:00001158       $pdata$?_ValidateRead@@YAHPEBXI@Z 000000014003d158     LIBCMTD:validate.obj
 0004:00001170       $pdata$??1type_info@@UEAA@XZ 000000014003d170     LIBCMTD:typinfo.obj
 0004:0000117c       $pdata$??8type_info@@QEBA_NAEBV0@@Z 000000014003d17c     LIBCMTD:typinfo.obj
 0004:00001188       $pdata$??_Gtype_info@@UEAAPEAXI@Z 000000014003d188     LIBCMTD:typinfo.obj
 0004:00001194       $pdata$??0exception@std@@QEAA@AEBQEBD@Z 000000014003d194     LIBCMTD:stdexcpt.obj
 0004:000011a0       $pdata$??0exception@std@@QEAA@AEBV01@@Z 000000014003d1a0     LIBCMTD:stdexcpt.obj
 0004:000011ac       $pdata$??1exception@std@@UEAA@XZ 000000014003d1ac     LIBCMTD:stdexcpt.obj
 0004:000011b8       $pdata$??4exception@std@@QEAAAEAV01@AEBV01@@Z 000000014003d1b8     LIBCMTD:stdexcpt.obj
 0004:000011c4       $pdata$??_Gexception@std@@UEAAPEAXI@Z 000000014003d1c4     LIBCMTD:stdexcpt.obj
 0004:000011d0       $pdata$?_Copy_str@exception@std@@AEAAXPEBD@Z 000000014003d1d0     LIBCMTD:stdexcpt.obj
 0004:000011dc       $pdata$?_Tidy@exception@std@@AEAAXXZ 000000014003d1dc     LIBCMTD:stdexcpt.obj
 0004:000011e8       $pdata$?what@exception@std@@UEBAPEBDXZ 000000014003d1e8     LIBCMTD:stdexcpt.obj
 0004:000011f4       $pdata$_CxxThrowException  000000014003d1f4     LIBCMTD:throw.obj
 0004:00001200       $pdata$_woutput_s_l        000000014003d200     LIBCMTD:woutputs.obj
 0004:0000120c       $pdata$write_char          000000014003d20c     LIBCMTD:woutputs.obj
 0004:00001218       $pdata$write_multi_char    000000014003d218     LIBCMTD:woutputs.obj
 0004:00001224       $pdata$write_string        000000014003d224     LIBCMTD:woutputs.obj
 0004:00001230       $pdata$_fputwc_nolock      000000014003d230     LIBCMTD:fputwc.obj
 0004:0000123c       $pdata$_mbtowc_l           000000014003d23c     LIBCMTD:mbtowc.obj
 0004:00001248       $pdata$mbtowc              000000014003d248     LIBCMTD:mbtowc.obj
 0004:00001254       $pdata$__lock_fhandle      000000014003d254     LIBCMTD:osfinfo.obj
 0004:00001260       $pdata$_free_osfhnd        000000014003d260     LIBCMTD:osfinfo.obj
 0004:0000126c       $pdata$_get_osfhandle      000000014003d26c     LIBCMTD:osfinfo.obj
 0004:00001278       $pdata$_unlock_fhandle     000000014003d278     LIBCMTD:osfinfo.obj
 0004:00001284       $pdata$_putwch_nolock      000000014003d284     LIBCMTD:putwch.obj
 0004:00001290       $pdata$_close              000000014003d290     LIBCMTD:close.obj
 0004:0000129c       $pdata$_close_nolock       000000014003d29c     LIBCMTD:close.obj
 0004:000012a8       $pdata$_freebuf            000000014003d2a8     LIBCMTD:_freebuf.obj
 0004:000012b4       $pdata$?_Type_info_dtor@type_info@@CAXPEAV1@@Z 000000014003d2b4     LIBCMTD:typname.obj
 0004:000012c0       $pdata$_flswbuf            000000014003d2c0     LIBCMTD:_flswbuf.obj
 0004:000012cc       $pdata$__termconout        000000014003d2cc     LIBCMTD:initcon.obj
 0004:000012d8       $pdata$__initconout        000000014003d2d8     LIBCMTD:initcon.obj
 0004:000012e4       $pdata$__tmainCRTStartup$filt$0 000000014003d2e4     LIBCMTD:wincrt0.obj
 0004:000012f0       $pdata$_initptd$fin$0      000000014003d2f0     LIBCMTD:tidtable.obj
 0004:000012f0       $pdata$_freefls$fin$0      000000014003d2f0     LIBCMTD:tidtable.obj
 0004:000012fc       $pdata$_freefls$fin$1      000000014003d2fc     LIBCMTD:tidtable.obj
 0004:000012fc       $pdata$_initptd$fin$1      000000014003d2fc     LIBCMTD:tidtable.obj
 0004:00001308       $pdata$doexit$fin$0        000000014003d308     LIBCMTD:crt0dat.obj
 0004:00001314       $pdata$_ioinit$fin$0       000000014003d314     LIBCMTD:ioinit.obj
 0004:00001320       $pdata$_CrtCheckMemory$fin$0 000000014003d320     LIBCMTD:dbgheap.obj
 0004:0000132c       $pdata$_free_dbg$fin$0     000000014003d32c     LIBCMTD:dbgheap.obj
 0004:00001338       $pdata$_heap_alloc_dbg_impl$fin$0 000000014003d338     LIBCMTD:dbgheap.obj
 0004:00001338       $pdata$_CrtMemCheckpoint$fin$0 000000014003d338     LIBCMTD:dbgheap.obj
 0004:00001338       $pdata$?fin$0@?0??_CrtMemDumpAllObjectsSince_stat@@YAXPEBU_CrtMemState@@PEAUlocaleinfo_struct@@@Z@4HA 000000014003d338     LIBCMTD:dbgheap.obj
 0004:00001344       $pdata$_msize_dbg$fin$0    000000014003d344     LIBCMTD:dbgheap.obj
 0004:00001344       $pdata$_CrtSetDbgFlag$fin$0 000000014003d344     LIBCMTD:dbgheap.obj
 0004:00001344       $pdata$_realloc_dbg$fin$0  000000014003d344     LIBCMTD:dbgheap.obj
 0004:00001344       $pdata$?fin$0@?0???3@YAXPEAX@Z@4HA 000000014003d344     LIBCMTD:dbgheap.obj
 0004:00001350       $pdata$?dtor$0@?0??getSystemCP@@YAHH@Z@4HA 000000014003d350     LIBCMTD:mbctype.obj
 0004:0000135c       $pdata$_setmbcp$fin$0      000000014003d35c     LIBCMTD:mbctype.obj
 0004:0000135c       $pdata$__updatetmbcinfo$fin$0 000000014003d35c     LIBCMTD:mbctype.obj
 0004:00001368       $pdata$_IsNonwritableInCurrentImage$filt$0 000000014003d368     LIBCMTD:pesect.obj
 0004:00001374       $pdata$_onexit$fin$0       000000014003d374     LIBCMTD:onexit.obj
 0004:00001380       $pdata$raise$fin$0         000000014003d380     LIBCMTD:winsig.obj
 0004:0000138c       $pdata$?dtor$0@?0??x_ismbbtype_l@@YAHPEAUlocaleinfo_struct@@IHH@Z@4HA 000000014003d38c     LIBCMTD:ismbbyte.obj
 0004:00001398       $pdata$_CallSETranslator$filt$0 000000014003d398     LIBCMTD:trnsctrl.obj
 0004:000013a4       $pdata$__updatetlocinfo$fin$0 000000014003d3a4     LIBCMTD:wsetloca.obj
 0004:000013a4       $pdata$_locterm$fin$0      000000014003d3a4     LIBCMTD:wsetloca.obj
 0004:000013b0       $pdata$_VCrtDbgReportA$fin$0 000000014003d3b0     LIBCMTD:dbgrptt.obj
 0004:000013bc       $pdata$_VCrtDbgReportA$fin$1 000000014003d3bc     LIBCMTD:dbgrptt.obj
 0004:000013c8       $pdata$_VCrtDbgReportW$fin$0 000000014003d3c8     LIBCMTD:dbgrptt.obj
 0004:000013d4       $pdata$_VCrtDbgReportW$fin$1 000000014003d3d4     LIBCMTD:dbgrptt.obj
 0004:000013e0       $pdata$flsall$fin$0        000000014003d3e0     LIBCMTD:fflush.obj
 0004:000013ec       $pdata$flsall$fin$1        000000014003d3ec     LIBCMTD:fflush.obj
 0004:000013f8       $pdata$_fcloseall$fin$0    000000014003d3f8     LIBCMTD:closeall.obj
 0004:00001404       $pdata$__BuildCatchObjectHelper$filt$0 000000014003d404     LIBCMTD:frame.obj
 0004:00001404       $pdata$?filt$0@?0??terminate@@YAXXZ@4HA 000000014003d404     LIBCMTD:frame.obj
 0004:00001404       $pdata$__BuildCatchObject$filt$0 000000014003d404     LIBCMTD:frame.obj
 0004:00001404       $pdata$?filt$0@?0??_inconsistency@@YAXXZ@4HA 000000014003d404     LIBCMTD:frame.obj
 0004:00001404       $pdata$?filt$0@?0??__crtIsBadReadPtr@@YAHPEBX_K@Z@4HA 000000014003d404     LIBCMTD:frame.obj
 0004:00001410       $pdata$__CxxCallCatchBlock$filt$0 000000014003d410     LIBCMTD:frame.obj
 0004:0000141c       $pdata$__CxxCallCatchBlock$fin$1 000000014003d41c     LIBCMTD:frame.obj
 0004:00001428       $pdata$__DestructExceptionObject$filt$0 000000014003d428     LIBCMTD:frame.obj
 0004:00001434       $pdata$__FrameUnwindToState$filt$0 000000014003d434     LIBCMTD:frame.obj
 0004:00001440       $pdata$__FrameUnwindToState$fin$1 000000014003d440     LIBCMTD:frame.obj
 0004:0000144c       $pdata$fclose$fin$0        000000014003d44c     LIBCMTD:fclose.obj
 0004:00001458       $pdata$_lseeki64$fin$0     000000014003d458     LIBCMTD:lseeki64.obj
 0004:00001458       $pdata$_close$fin$0        000000014003d458     LIBCMTD:lseeki64.obj
 0004:00001458       $pdata$_write$fin$0        000000014003d458     LIBCMTD:lseeki64.obj
 0004:00001458       $pdata$_commit$fin$0       000000014003d458     LIBCMTD:lseeki64.obj
 0004:00001464       $pdata$_mtinitlocknum$fin$0 000000014003d464     LIBCMTD:osfinfo.obj
 0004:00001464       $pdata$__lock_fhandle$fin$0 000000014003d464     LIBCMTD:osfinfo.obj
 0004:00001470       $pdata$?fin$0@?0??_Type_info_dtor@type_info@@CAXPEAV1@@Z@4HA 000000014003d470     LIBCMTD:typname.obj
